###############################################################################
#
# IAR ELF Linker V8.42.1.236/W32 for ARM                  29/Jun/2021  01:23:23
# Copyright 2007-2019 IAR Systems AB.
#
#    Output file  =
#        D:\ika\development\F107\test\test_app_rev0\IAR\EWARM\test_app_rev0\Exe\test_app_rev0.out
#    Map file     =
#        D:\ika\development\F107\test\test_app_rev0\IAR\EWARM\test_app_rev0\List\test_app_rev0.map
#    Command line =
#        -f C:\Users\ivanov\AppData\Local\Temp\EW244.tmp
#        (D:\ika\development\F107\test\test_app_rev0\IAR\EWARM\test_app_rev0\Obj\api_lib.o
#        D:\ika\development\F107\test\test_app_rev0\IAR\EWARM\test_app_rev0\Obj\api_msg.o
#        D:\ika\development\F107\test\test_app_rev0\IAR\EWARM\test_app_rev0\Obj\app.o
#        D:\ika\development\F107\test\test_app_rev0\IAR\EWARM\test_app_rev0\Obj\auth.o
#        D:\ika\development\F107\test\test_app_rev0\IAR\EWARM\test_app_rev0\Obj\autoip.o
#        D:\ika\development\F107\test\test_app_rev0\IAR\EWARM\test_app_rev0\Obj\base64.o
#        D:\ika\development\F107\test\test_app_rev0\IAR\EWARM\test_app_rev0\Obj\ccp.o
#        D:\ika\development\F107\test\test_app_rev0\IAR\EWARM\test_app_rev0\Obj\chap-md5.o
#        D:\ika\development\F107\test\test_app_rev0\IAR\EWARM\test_app_rev0\Obj\chap-new.o
#        D:\ika\development\F107\test\test_app_rev0\IAR\EWARM\test_app_rev0\Obj\chap_ms.o
#        D:\ika\development\F107\test\test_app_rev0\IAR\EWARM\test_app_rev0\Obj\cmsis_os.o
#        D:\ika\development\F107\test\test_app_rev0\IAR\EWARM\test_app_rev0\Obj\crc16.o
#        D:\ika\development\F107\test\test_app_rev0\IAR\EWARM\test_app_rev0\Obj\croutine.o
#        D:\ika\development\F107\test\test_app_rev0\IAR\EWARM\test_app_rev0\Obj\def.o
#        D:\ika\development\F107\test\test_app_rev0\IAR\EWARM\test_app_rev0\Obj\demand.o
#        D:\ika\development\F107\test\test_app_rev0\IAR\EWARM\test_app_rev0\Obj\dhcp.o
#        D:\ika\development\F107\test\test_app_rev0\IAR\EWARM\test_app_rev0\Obj\dhcp6.o
#        D:\ika\development\F107\test\test_app_rev0\IAR\EWARM\test_app_rev0\Obj\dns.o
#        D:\ika\development\F107\test\test_app_rev0\IAR\EWARM\test_app_rev0\Obj\eap.o
#        D:\ika\development\F107\test\test_app_rev0\IAR\EWARM\test_app_rev0\Obj\ecp.o
#        D:\ika\development\F107\test\test_app_rev0\IAR\EWARM\test_app_rev0\Obj\err.o
#        D:\ika\development\F107\test\test_app_rev0\IAR\EWARM\test_app_rev0\Obj\etharp.o
#        D:\ika\development\F107\test\test_app_rev0\IAR\EWARM\test_app_rev0\Obj\ethernet.o
#        D:\ika\development\F107\test\test_app_rev0\IAR\EWARM\test_app_rev0\Obj\ethernetif.o
#        D:\ika\development\F107\test\test_app_rev0\IAR\EWARM\test_app_rev0\Obj\ethip6.o
#        D:\ika\development\F107\test\test_app_rev0\IAR\EWARM\test_app_rev0\Obj\eui64.o
#        D:\ika\development\F107\test\test_app_rev0\IAR\EWARM\test_app_rev0\Obj\event_groups.o
#        D:\ika\development\F107\test\test_app_rev0\IAR\EWARM\test_app_rev0\Obj\flash_if.o
#        D:\ika\development\F107\test\test_app_rev0\IAR\EWARM\test_app_rev0\Obj\freertos.o
#        D:\ika\development\F107\test\test_app_rev0\IAR\EWARM\test_app_rev0\Obj\fs.o
#        D:\ika\development\F107\test\test_app_rev0\IAR\EWARM\test_app_rev0\Obj\fsm.o
#        D:\ika\development\F107\test\test_app_rev0\IAR\EWARM\test_app_rev0\Obj\hard_config.o
#        D:\ika\development\F107\test\test_app_rev0\IAR\EWARM\test_app_rev0\Obj\heap_5.o
#        D:\ika\development\F107\test\test_app_rev0\IAR\EWARM\test_app_rev0\Obj\html_page.o
#        D:\ika\development\F107\test\test_app_rev0\IAR\EWARM\test_app_rev0\Obj\httpd.o
#        D:\ika\development\F107\test\test_app_rev0\IAR\EWARM\test_app_rev0\Obj\httpserver-netconn.o
#        D:\ika\development\F107\test\test_app_rev0\IAR\EWARM\test_app_rev0\Obj\icmp.o
#        D:\ika\development\F107\test\test_app_rev0\IAR\EWARM\test_app_rev0\Obj\icmp6.o
#        D:\ika\development\F107\test\test_app_rev0\IAR\EWARM\test_app_rev0\Obj\igmp.o
#        D:\ika\development\F107\test\test_app_rev0\IAR\EWARM\test_app_rev0\Obj\inet6.o
#        D:\ika\development\F107\test\test_app_rev0\IAR\EWARM\test_app_rev0\Obj\inet_chksum.o
#        D:\ika\development\F107\test\test_app_rev0\IAR\EWARM\test_app_rev0\Obj\init.o
#        D:\ika\development\F107\test\test_app_rev0\IAR\EWARM\test_app_rev0\Obj\ip.o
#        D:\ika\development\F107\test\test_app_rev0\IAR\EWARM\test_app_rev0\Obj\ip4.o
#        D:\ika\development\F107\test\test_app_rev0\IAR\EWARM\test_app_rev0\Obj\ip4_addr.o
#        D:\ika\development\F107\test\test_app_rev0\IAR\EWARM\test_app_rev0\Obj\ip4_frag.o
#        D:\ika\development\F107\test\test_app_rev0\IAR\EWARM\test_app_rev0\Obj\ip6.o
#        D:\ika\development\F107\test\test_app_rev0\IAR\EWARM\test_app_rev0\Obj\ip6_addr.o
#        D:\ika\development\F107\test\test_app_rev0\IAR\EWARM\test_app_rev0\Obj\ip6_frag.o
#        D:\ika\development\F107\test\test_app_rev0\IAR\EWARM\test_app_rev0\Obj\ipcp.o
#        D:\ika\development\F107\test\test_app_rev0\IAR\EWARM\test_app_rev0\Obj\ipv6cp.o
#        D:\ika\development\F107\test\test_app_rev0\IAR\EWARM\test_app_rev0\Obj\lcp.o
#        D:\ika\development\F107\test\test_app_rev0\IAR\EWARM\test_app_rev0\Obj\list.o
#        D:\ika\development\F107\test\test_app_rev0\IAR\EWARM\test_app_rev0\Obj\LOGS.o
#        D:\ika\development\F107\test\test_app_rev0\IAR\EWARM\test_app_rev0\Obj\lowpan6.o
#        D:\ika\development\F107\test\test_app_rev0\IAR\EWARM\test_app_rev0\Obj\lwip.o
#        D:\ika\development\F107\test\test_app_rev0\IAR\EWARM\test_app_rev0\Obj\magic.o
#        D:\ika\development\F107\test\test_app_rev0\IAR\EWARM\test_app_rev0\Obj\main.o
#        D:\ika\development\F107\test\test_app_rev0\IAR\EWARM\test_app_rev0\Obj\mem.o
#        D:\ika\development\F107\test\test_app_rev0\IAR\EWARM\test_app_rev0\Obj\memp.o
#        D:\ika\development\F107\test\test_app_rev0\IAR\EWARM\test_app_rev0\Obj\mld6.o
#        D:\ika\development\F107\test\test_app_rev0\IAR\EWARM\test_app_rev0\Obj\mppe.o
#        D:\ika\development\F107\test\test_app_rev0\IAR\EWARM\test_app_rev0\Obj\mqtt.o
#        D:\ika\development\F107\test\test_app_rev0\IAR\EWARM\test_app_rev0\Obj\multilink.o
#        D:\ika\development\F107\test\test_app_rev0\IAR\EWARM\test_app_rev0\Obj\nd6.o
#        D:\ika\development\F107\test\test_app_rev0\IAR\EWARM\test_app_rev0\Obj\netbuf.o
#        D:\ika\development\F107\test\test_app_rev0\IAR\EWARM\test_app_rev0\Obj\netdb.o
#        D:\ika\development\F107\test\test_app_rev0\IAR\EWARM\test_app_rev0\Obj\netif.o
#        D:\ika\development\F107\test\test_app_rev0\IAR\EWARM\test_app_rev0\Obj\netifapi.o
#        D:\ika\development\F107\test\test_app_rev0\IAR\EWARM\test_app_rev0\Obj\ntp.o
#        D:\ika\development\F107\test\test_app_rev0\IAR\EWARM\test_app_rev0\Obj\pbuf.o
#        D:\ika\development\F107\test\test_app_rev0\IAR\EWARM\test_app_rev0\Obj\ping.o
#        D:\ika\development\F107\test\test_app_rev0\IAR\EWARM\test_app_rev0\Obj\port.o
#        D:\ika\development\F107\test\test_app_rev0\IAR\EWARM\test_app_rev0\Obj\portasm.o
#        D:\ika\development\F107\test\test_app_rev0\IAR\EWARM\test_app_rev0\Obj\ppp.o
#        D:\ika\development\F107\test\test_app_rev0\IAR\EWARM\test_app_rev0\Obj\pppapi.o
#        D:\ika\development\F107\test\test_app_rev0\IAR\EWARM\test_app_rev0\Obj\pppcrypt.o
#        D:\ika\development\F107\test\test_app_rev0\IAR\EWARM\test_app_rev0\Obj\pppoe.o
#        D:\ika\development\F107\test\test_app_rev0\IAR\EWARM\test_app_rev0\Obj\pppol2tp.o
#        D:\ika\development\F107\test\test_app_rev0\IAR\EWARM\test_app_rev0\Obj\pppos.o
#        D:\ika\development\F107\test\test_app_rev0\IAR\EWARM\test_app_rev0\Obj\queue.o
#        D:\ika\development\F107\test\test_app_rev0\IAR\EWARM\test_app_rev0\Obj\raw.o
#        D:\ika\development\F107\test\test_app_rev0\IAR\EWARM\test_app_rev0\Obj\slipif.o
#        D:\ika\development\F107\test\test_app_rev0\IAR\EWARM\test_app_rev0\Obj\smtp.o
#        D:\ika\development\F107\test\test_app_rev0\IAR\EWARM\test_app_rev0\Obj\snmp_asn1.o
#        D:\ika\development\F107\test\test_app_rev0\IAR\EWARM\test_app_rev0\Obj\snmp_core.o
#        D:\ika\development\F107\test\test_app_rev0\IAR\EWARM\test_app_rev0\Obj\snmp_ex.o
#        D:\ika\development\F107\test\test_app_rev0\IAR\EWARM\test_app_rev0\Obj\snmp_mib2.o
#        D:\ika\development\F107\test\test_app_rev0\IAR\EWARM\test_app_rev0\Obj\snmp_mib2_system.o
#        D:\ika\development\F107\test\test_app_rev0\IAR\EWARM\test_app_rev0\Obj\snmp_msg.o
#        D:\ika\development\F107\test\test_app_rev0\IAR\EWARM\test_app_rev0\Obj\snmp_netconn.o
#        D:\ika\development\F107\test\test_app_rev0\IAR\EWARM\test_app_rev0\Obj\snmp_pbuf_stream.o
#        D:\ika\development\F107\test\test_app_rev0\IAR\EWARM\test_app_rev0\Obj\snmp_scalar.o
#        D:\ika\development\F107\test\test_app_rev0\IAR\EWARM\test_app_rev0\Obj\snmp_table.o
#        D:\ika\development\F107\test\test_app_rev0\IAR\EWARM\test_app_rev0\Obj\snmp_threadsync.o
#        D:\ika\development\F107\test\test_app_rev0\IAR\EWARM\test_app_rev0\Obj\snmp_traps.o
#        D:\ika\development\F107\test\test_app_rev0\IAR\EWARM\test_app_rev0\Obj\sockets.o
#        D:\ika\development\F107\test\test_app_rev0\IAR\EWARM\test_app_rev0\Obj\startup_stm32f107xc.o
#        D:\ika\development\F107\test\test_app_rev0\IAR\EWARM\test_app_rev0\Obj\stats.o
#        D:\ika\development\F107\test\test_app_rev0\IAR\EWARM\test_app_rev0\Obj\stm32f1xx_hal.o
#        D:\ika\development\F107\test\test_app_rev0\IAR\EWARM\test_app_rev0\Obj\stm32f1xx_hal_cortex.o
#        D:\ika\development\F107\test\test_app_rev0\IAR\EWARM\test_app_rev0\Obj\stm32f1xx_hal_dma.o
#        D:\ika\development\F107\test\test_app_rev0\IAR\EWARM\test_app_rev0\Obj\stm32f1xx_hal_eth.o
#        D:\ika\development\F107\test\test_app_rev0\IAR\EWARM\test_app_rev0\Obj\stm32f1xx_hal_exti.o
#        D:\ika\development\F107\test\test_app_rev0\IAR\EWARM\test_app_rev0\Obj\stm32f1xx_hal_flash.o
#        D:\ika\development\F107\test\test_app_rev0\IAR\EWARM\test_app_rev0\Obj\stm32f1xx_hal_flash_ex.o
#        D:\ika\development\F107\test\test_app_rev0\IAR\EWARM\test_app_rev0\Obj\stm32f1xx_hal_gpio.o
#        D:\ika\development\F107\test\test_app_rev0\IAR\EWARM\test_app_rev0\Obj\stm32f1xx_hal_gpio_ex.o
#        D:\ika\development\F107\test\test_app_rev0\IAR\EWARM\test_app_rev0\Obj\stm32f1xx_hal_iwdg.o
#        D:\ika\development\F107\test\test_app_rev0\IAR\EWARM\test_app_rev0\Obj\stm32f1xx_hal_msp.o
#        D:\ika\development\F107\test\test_app_rev0\IAR\EWARM\test_app_rev0\Obj\stm32f1xx_hal_pwr.o
#        D:\ika\development\F107\test\test_app_rev0\IAR\EWARM\test_app_rev0\Obj\stm32f1xx_hal_rcc.o
#        D:\ika\development\F107\test\test_app_rev0\IAR\EWARM\test_app_rev0\Obj\stm32f1xx_hal_rcc_ex.o
#        D:\ika\development\F107\test\test_app_rev0\IAR\EWARM\test_app_rev0\Obj\stm32f1xx_hal_rtc.o
#        D:\ika\development\F107\test\test_app_rev0\IAR\EWARM\test_app_rev0\Obj\stm32f1xx_hal_rtc_ex.o
#        D:\ika\development\F107\test\test_app_rev0\IAR\EWARM\test_app_rev0\Obj\stm32f1xx_hal_tim.o
#        D:\ika\development\F107\test\test_app_rev0\IAR\EWARM\test_app_rev0\Obj\stm32f1xx_hal_tim_ex.o
#        D:\ika\development\F107\test\test_app_rev0\IAR\EWARM\test_app_rev0\Obj\stm32f1xx_hal_timebase_tim.o
#        D:\ika\development\F107\test\test_app_rev0\IAR\EWARM\test_app_rev0\Obj\stm32f1xx_hal_uart.o
#        D:\ika\development\F107\test\test_app_rev0\IAR\EWARM\test_app_rev0\Obj\stm32f1xx_it.o
#        D:\ika\development\F107\test\test_app_rev0\IAR\EWARM\test_app_rev0\Obj\stream_buffer.o
#        D:\ika\development\F107\test\test_app_rev0\IAR\EWARM\test_app_rev0\Obj\sys.o
#        D:\ika\development\F107\test\test_app_rev0\IAR\EWARM\test_app_rev0\Obj\sys_arch.o
#        D:\ika\development\F107\test\test_app_rev0\IAR\EWARM\test_app_rev0\Obj\syslog.o
#        D:\ika\development\F107\test\test_app_rev0\IAR\EWARM\test_app_rev0\Obj\system_stm32f1xx.o
#        D:\ika\development\F107\test\test_app_rev0\IAR\EWARM\test_app_rev0\Obj\tasks.o
#        D:\ika\development\F107\test\test_app_rev0\IAR\EWARM\test_app_rev0\Obj\tcp.o
#        D:\ika\development\F107\test\test_app_rev0\IAR\EWARM\test_app_rev0\Obj\tcp_in.o
#        D:\ika\development\F107\test\test_app_rev0\IAR\EWARM\test_app_rev0\Obj\tcp_out.o
#        D:\ika\development\F107\test\test_app_rev0\IAR\EWARM\test_app_rev0\Obj\tcpip.o
#        D:\ika\development\F107\test\test_app_rev0\IAR\EWARM\test_app_rev0\Obj\timeouts.o
#        D:\ika\development\F107\test\test_app_rev0\IAR\EWARM\test_app_rev0\Obj\timers.o
#        D:\ika\development\F107\test\test_app_rev0\IAR\EWARM\test_app_rev0\Obj\udp.o
#        D:\ika\development\F107\test\test_app_rev0\IAR\EWARM\test_app_rev0\Obj\upap.o
#        D:\ika\development\F107\test\test_app_rev0\IAR\EWARM\test_app_rev0\Obj\utils.o
#        D:\ika\development\F107\test\test_app_rev0\IAR\EWARM\test_app_rev0\Obj\vj.o
#        --no_out_extension -o
#        D:\ika\development\F107\test\test_app_rev0\IAR\EWARM\test_app_rev0\Exe\test_app_rev0.out
#        --redirect _Printf=_PrintfFullNoMb --redirect _Scanf=_ScanfFullNoMb
#        --map
#        D:\ika\development\F107\test\test_app_rev0\IAR\EWARM\test_app_rev0\List\test_app_rev0.map
#        --config
#        D:\ika\development\F107\test\test_app_rev0\IAR\EWARM\stm32f103xg_flash_offset.icf
#        --semihosting --entry __iar_program_start --redirect
#        __iar_sh_stdout=__iar_sh_stdout_swo --vfe --text_out locale)
#
###############################################################################

*******************************************************************************
*** RUNTIME MODEL ATTRIBUTES
***

CppFlavor       = *
__Heap_Handler  = DLMalloc
__SystemLibrary = DLib
__dlib_version  = 6


*******************************************************************************
*** HEAP SELECTION
***

The advanced heap was selected because the application calls memory
allocation functions outside of system library functions, and there
are calls to deallocation functions in the application.


*******************************************************************************
*** PLACEMENT SUMMARY
***

"A0":  place at address 0x800'7000 { ro section .intvec };
"P1":  place in [from 0x800'7000 to 0x803'ffff] { ro };
define block CSTACK with size = 1'280, alignment = 8 { };
define block HEAP with size = 28K, alignment = 8 { };
"P2":  place in [from 0x2000'0000 to 0x2000'ffff] {
          rw, block CSTACK, block HEAP };
initialize by copy { rw };

  Section            Kind         Address      Size  Object
  -------            ----         -------      ----  ------
"A0":                                         0x150
  .intvec            ro code   0x800'7000     0x150  startup_stm32f107xc.o [1]
                             - 0x800'7150     0x150

"P1":                                      0x3'0628
  .text              ro code   0x800'7150    0x66ec  html_page.o [1]
  .text              ro code   0x800'd83c      0x40  sprintf.o [2]
  .text              ro code   0x800'd87c      0x66  ABImemset.o [4]
  .text              ro code   0x800'd8e2      0x3a  zero_init3.o [4]
  .text              ro code   0x800'd91c      0xa6  ABImemcpy.o [4]
  .text              ro code   0x800'd9c2      0x1e  strcat.o [2]
  .text              ro code   0x800'd9e0      0x36  strlen.o [4]
  .text              ro code   0x800'da16      0x1a  xsnprout.o [2]
  .text              ro code   0x800'da30     0x2c4  heap_5.o [1]
  .text              ro code   0x800'dcf4     0x22c  LOGS.o [1]
  .text              ro code   0x800'df20     0x724  stm32f1xx_hal_rtc.o [1]
  .text              ro code   0x800'e644     0xfc2  xprintffull_nomb.o [2]
  .text              ro code   0x800'f606       0xa  xsprout.o [2]
  .text              ro code   0x800'f610     0xb1c  tasks.o [1]
  .text              ro code   0x801'012c     0x6ec  flash_if.o [1]
  .text              ro code   0x801'0818      0x30  crc16.o [1]
  .text              ro code   0x801'0848      0xf8  syslog.o [1]
  .text              ro code   0x801'0940      0x9c  stm32f1xx_hal_msp.o [1]
  .text              ro code   0x801'09dc     0x37c  stm32f1xx_hal_rcc_ex.o [1]
  .text              ro code   0x801'0d58      0x14  memset.o [4]
  .text              ro code   0x801'0d6c       0xc  stm32f1xx_hal.o [1]
  .text              ro code   0x801'0d78      0x16  strchr.o [4]
  .rodata            const     0x801'0d8e       0x2  xlocale_c.o [2]
  .text              ro code   0x801'0d90      0x40  xfail_s.o [2]
  .text              ro code   0x801'0dd0      0x58  memchr.o [4]
  .text              ro code   0x801'0e28      0x70  frexp.o [3]
  .text              ro code   0x801'0e98      0x2e  DblCmpLe.o [3]
  .rodata            const     0x801'0ec6       0x2  xlocale_c.o [2]
  .text              ro code   0x801'0ec8      0x2e  DblCmpGe.o [3]
  .rodata            const     0x801'0ef6       0x1  snmp_mib2_system.o [1]
  .rodata            const     0x801'0ef7       0x1  snmp_mib2_system.o [1]
  .text              ro code   0x801'0ef8     0x13a  ldexp.o [3]
  .rodata            const     0x801'1032       0x1  xlocale_c.o [2]
  .text              ro code   0x801'1034      0x3a  DblToS32.o [3]
  .text              ro code   0x801'1070      0x22  S32ToDbl.o [3]
  .text              ro code   0x801'1094      0xe2  DblSub.o [3]
  .text              ro code   0x801'1178     0x246  DblDiv.o [3]
  .text              ro code   0x801'13c0      0x28  DblToU32.o [3]
  .text              ro code   0x801'13e8      0x1a  U32ToDbl.o [3]
  .text              ro code   0x801'1404     0x1a2  DblMul.o [3]
  .text              ro code   0x801'15a8      0x3c  xlocale_c.o [2]
  .text              ro code   0x801'15e4     0x230  I64DivMod.o [4]
  .text              ro code   0x801'1814      0x98  list.o [1]
  .text              ro code   0x801'18ac     0x200  port.o [1]
  .text              ro code   0x801'1aac      0x18  freertos.o [1]
  .text              ro code   0x801'1ac4     0x1bc  stm32f1xx_hal_flash.o [1]
  .text              ro code   0x801'1c80     0x8bc  stm32f1xx_hal_rcc.o [1]
  .text              ro code   0x801'253c      0x58  stm32f1xx_hal.o [1]
  .text              ro code   0x801'2594      0x90  stm32f1xx_hal_timebase_tim.o [1]
  .text              ro code   0x801'2624     0xaf0  stm32f1xx_hal_eth.o [1]
  .text              ro code   0x801'3114      0xf4  stm32f1xx_hal_flash_ex.o [1]
  .text              ro code   0x801'3208     0x320  stm32f1xx_hal_gpio.o [1]
  .text              ro code   0x801'3528      0x3c  vsnprint.o [2]
  .text              ro code   0x801'3564     0x744  api_lib.o [1]
  .text              ro code   0x801'3ca8     0x1b0  netbuf.o [1]
  .text              ro code   0x801'3e58     0x11c  stm32f1xx_hal_cortex.o [1]
  .text              ro code   0x801'3f74       0xc  stm32f1xx_hal_pwr.o [1]
  .text              ro code   0x801'3f80       0x6  abort.o [2]
  .text              ro code   0x801'3f88     0x16a  DblAdd.o [3]
  .text              ro code   0x801'40f4       0x2  I64DivZer.o [4]
  CODE               ro code   0x801'40f8      0x88  portasm.o [1]
  .text              ro code   0x801'4180      0x1e  U64Shr.o [4]
  .text              ro code   0x801'419e       0x2  stm32f1xx_hal.o [1]
  .text              ro code   0x801'41a0     0x2f2  stm32f1xx_hal_tim.o [1]
  .text              ro code   0x801'4494     0x6a6  ethernetif.o [1]
  .text              ro code   0x801'4b3a       0x2  stm32f1xx_hal_eth.o [1]
  .text              ro code   0x801'4b3c       0x2  stm32f1xx_hal_eth.o [1]
  .text              ro code   0x801'4b40      0x28  stm32f1xx_hal.o [1]
  .text              ro code   0x801'4b68     0x230  tcpip.o [1]
  .text              ro code   0x801'4d98    0x1954  api_msg.o [1]
  .text              ro code   0x801'66ec      0x28  printf.o [2]
  .text              ro code   0x801'6714     0x304  sys_arch.o [1]
  .text              ro code   0x801'6a18     0x184  memp.o [1]
  .text              ro code   0x801'6b9c     0xd28  pbuf.o [1]
  .text              ro code   0x801'78c4      0x14  exit.o [5]
  .text              ro code   0x801'78d8       0x2  stm32f1xx_hal_tim.o [1]
  .text              ro code   0x801'78da       0x2  stm32f1xx_hal_tim.o [1]
  .text              ro code   0x801'78dc       0x2  stm32f1xx_hal_tim.o [1]
  .text              ro code   0x801'78e0     0x260  hard_config.o [1]
  .text              ro code   0x801'7b40       0x2  stm32f1xx_hal_tim_ex.o [1]
  .text              ro code   0x801'7b42       0x2  stm32f1xx_hal_tim.o [1]
  .text              ro code   0x801'7b44       0x2  stm32f1xx_hal_tim_ex.o [1]
  .text              ro code   0x801'7b48     0x432  cmsis_os.o [1]
  .text              ro code   0x801'7f7c     0x258  netif.o [1]
  .text              ro code   0x801'81d4     0x254  timeouts.o [1]
  .text              ro code   0x801'8428      0x50  init.o [1]
  .text              ro code   0x801'8478    0x12f8  tcp.o [1]
  .text              ro code   0x801'9770     0x2b8  raw.o [1]
  .text              ro code   0x801'9a28     0x5c4  udp.o [1]
  .text              ro code   0x801'9fec    0x12c8  tcp_out.o [1]
  .text              ro code   0x801'b2b4       0x6  ABImemclr4.o [4]
  .text              ro code   0x801'b2bc     0x60c  mem.o [1]
  .text              ro code   0x801'b8c8      0x18  stm32f1xx_hal.o [1]
  .text              ro code   0x801'b8e0     0xad0  queue.o [1]
  .text              ro code   0x801'c3b0     0xb3c  etharp.o [1]
  .text              ro code   0x801'ceec    0x1720  dhcp.o [1]
  .text              ro code   0x801'e60c       0x2  stats.o [1]
  .text              ro code   0x801'e610     0xb28  dns.o [1]
  .text              ro code   0x801'f138    0x1a48  tcp_in.o [1]
  .text              ro code   0x802'0b80     0x514  ip4.o [1]
  .text              ro code   0x802'1094     0x2be  ip4_addr.o [1]
  .text              ro code   0x802'1354      0xbc  def.o [1]
  .text              ro code   0x802'1410     0x3a4  icmp.o [1]
  .text              ro code   0x802'17b4      0x32  ABImemset48.o [4]
  .text              ro code   0x802'17e8     0x180  ethernet.o [1]
  .text              ro code   0x802'1968      0x9c  rand.o [2]
  .text              ro code   0x802'1a04     0x924  ip4_frag.o [1]
  .text              ro code   0x802'2328      0x68  memcmp.o [4]
  .text              ro code   0x802'2390    0x2860  httpserver-netconn.o [1]
  .text              ro code   0x802'4bf0      0x28  strncmp.o [2]
  .text              ro code   0x802'4c18      0x68  stm32f1xx_hal_rtc_ex.o [1]
  .text              ro code   0x802'4c80      0x4e  fs.o [1]
  .text              ro code   0x802'4cd0      0xfc  base64.o [1]
  .text              ro code   0x802'4dcc       0x2  stm32f1xx_hal_rtc_ex.o [1]
  .text              ro code   0x802'4dce       0x2  stm32f1xx_hal_rtc_ex.o [1]
  .text              ro code   0x802'4dd0      0x12  strcmp.o [4]
  .text              ro code   0x802'4de4    0x159c  snmp_msg.o [1]
  .text              ro code   0x802'6380      0xec  snmp_netconn.o [1]
  .text              ro code   0x802'646c     0x800  snmp_core.o [1]
  .text              ro code   0x802'6c6c     0x15c  snmp_pbuf_stream.o [1]
  .text              ro code   0x802'6dc8     0x7fa  snmp_asn1.o [1]
  .text              ro code   0x802'75c4     0x4cc  snmp_traps.o [1]
  .text              ro code   0x802'7a90    0x149c  dlmalloc.o [2]
  .text              ro code   0x802'8f2c      0x2c  xgetmemchunk.o [2]
  .text              ro code   0x802'8f58    0x1050  smtp.o [1]
  .text              ro code   0x802'9fa8      0x18  strcpy.o [4]
  .text              ro code   0x802'9fc0      0x90  iar_Stolx.o [2]
  .text              ro code   0x802'a050      0x2c  strstr.o [2]
  .text              ro code   0x802'a07c      0x14  isspace.o [2]
  .text              ro code   0x802'a090     0x140  iar_Stoulx.o [2]
  .text              ro code   0x802'a1d0      0x14  tolower.o [2]
  .rodata            const     0x802'a1e4     0xce0  fs.o [1]
  .text              ro code   0x802'aec4     0xc04  app.o [1]
  .text              ro code   0x802'bac8     0x1e8  lwip.o [1]
  .text              ro code   0x802'bcb0     0x3b0  ping.o [1]
  .text              ro code   0x802'c060      0xbc  snmp_ex.o [1]
  .text              ro code   0x802'c11c      0x5c  stm32f1xx_hal_iwdg.o [1]
  .text              ro code   0x802'c178       0xc  memcpy.o [4]
  .text              ro code   0x802'c184     0xa48  sockets.o [1]
  .text              ro code   0x802'cbcc      0x50  snmp_threadsync.o [1]
  .text              ro code   0x802'cc1c     0x360  snmp_mib2_system.o [1]
  .text              ro code   0x802'cf7c      0x28  err.o [1]
  .rodata            const     0x802'cfa4     0x40c  html_page.o [1]
  .text              ro code   0x802'd3b0     0x2f4  ntp.o [1]
  .text              ro code   0x802'd6a4      0x1a  localtim.o [2]
  .text              ro code   0x802'd6be       0x4  xTzoff_nop.o [2]
  .text              ro code   0x802'd6c4     0x10c  xttotm.o [2]
  .text              ro code   0x802'd7d0      0x6c  xDaysTo.o [2]
  .text              ro code   0x802'd83c       0x6  xisdst_nop.o [2]
  .rodata            const     0x802'd844     0x2e4  fs.o [1]
  .rodata            const     0x802'db28     0x200  crc16.o [1]
  .rodata            const     0x802'dd28     0x18c  html_page.o [1]
  .text              ro code   0x802'deb4     0x168  snmp_scalar.o [1]
  .text              ro code   0x802'e01c     0x160  main.o [1]
  .rodata            const     0x802'e17c     0x108  html_page.o [1]
  .rodata            const     0x802'e284     0x100  base64.o [1]
  .rodata            const     0x802'e384      0xf8  html_page.o [1]
  .rodata            const     0x802'e47c      0xf8  html_page.o [1]
  .rodata            const     0x802'e574      0xf8  html_page.o [1]
  .rodata            const     0x802'e66c      0xf8  html_page.o [1]
  .rodata            const     0x802'e764      0xf8  html_page.o [1]
  .rodata            const     0x802'e85c      0xf8  html_page.o [1]
  .rodata            const     0x802'e954      0xf8  html_page.o [1]
  .rodata            const     0x802'ea4c      0xf8  html_page.o [1]
  .rodata            const     0x802'eb44      0xf8  html_page.o [1]
  .rodata            const     0x802'ec3c      0xf8  html_page.o [1]
  .rodata            const     0x802'ed34      0xf8  html_page.o [1]
  .text              ro code   0x802'ee2c      0xd8  xfspos.o [2]
  .text              ro code   0x802'ef04      0xac  fflush.o [2]
  .text              ro code   0x802'efb0       0xc  xfgpos.o [2]
  .text              ro code   0x802'efbc      0x4a  lseek.o [5]
  .text              ro code   0x802'f006      0x10  write.o [5]
  .text              ro code   0x802'f018      0x44  XShHandles.o [2]
  .text              ro code   0x802'f05c      0x4c  XShHandles.o [2]
  .text              ro code   0x802'f0a8      0x1e  dwrite.o [5]
  .text              ro code   0x802'f0c8      0x50  iarwstdswo.o [5]
  .text              ro code   0x802'f118      0x22  iarwrite.o [5]
  .rodata            const     0x802'f13c      0xcc  snmp_core.o [1]
  .rodata            const     0x802'f208      0xcc  snmp_traps.o [1]
  .text              ro code   0x802'f2d4      0xb4  xfwprep.o [2]
  .text              ro code   0x802'f388      0x24  fseek.o [2]
  .text              ro code   0x802'f3ac      0x9c  xfofind.o [2]
  .text              ro code   0x802'f448       0x4  heaptramp0.o [2]
  .rodata            const     0x802'f44c      0x94  html_page.o [1]
  .rodata            const     0x802'f4e0      0x8c  html_page.o [1]
  .rodata            const     0x802'f56c      0x88  html_page.o [1]
  .rodata            const     0x802'f5f4      0x80  html_page.o [1]
  .rodata            const     0x802'f674      0x80  html_page.o [1]
  .rodata            const     0x802'f6f4      0x80  html_page.o [1]
  .text              ro code   0x802'f774      0x7e  fclose.o [2]
  .text              ro code   0x802'f7f2      0x18  close.o [5]
  .text              ro code   0x802'f80a      0x14  remove.o [5]
  .text              ro code   0x802'f820      0x48  XShHandles.o [2]
  .rodata            const     0x802'f868      0x78  html_page.o [1]
  .rodata            const     0x802'f8e0      0x78  html_page.o [1]
  .text              ro code   0x802'f958      0x78  lz77_init_single.o [4]
  .rodata            const     0x802'f9d0      0x74  html_page.o [1]
  .rodata            const     0x802'fa44      0x74  html_page.o [1]
  .rodata            const     0x802'fab8      0x74  html_page.o [1]
  .rodata            const     0x802'fb2c      0x74  html_page.o [1]
  .rodata            const     0x802'fba0      0x70  html_page.o [1]
  .rodata            const     0x802'fc10      0x70  html_page.o [1]
  .rodata            const     0x802'fc80      0x70  html_page.o [1]
  .rodata            const     0x802'fcf0      0x70  html_page.o [1]
  .rodata            const     0x802'fd60      0x70  html_page.o [1]
  .rodata            const     0x802'fdd0      0x6c  html_page.o [1]
  .rodata            const     0x802'fe3c      0x6c  html_page.o [1]
  .rodata            const     0x802'fea8      0x6c  html_page.o [1]
  .rodata            const     0x802'ff14      0x6c  html_page.o [1]
  .rodata            const     0x802'ff80      0x6c  snmp_mib2_system.o [1]
  .rodata            const     0x802'ffec      0x68  snmp_netconn.o [1]
  .rodata            const     0x803'0054      0x68  snmp_threadsync.o [1]
  .rodata            const     0x803'00bc      0x64  html_page.o [1]
  .rodata            const     0x803'0120      0x64  html_page.o [1]
  .rodata            const     0x803'0184      0x64  html_page.o [1]
  .rodata            const     0x803'01e8      0x64  html_page.o [1]
  .rodata            const     0x803'024c      0x64  html_page.o [1]
  .rodata            const     0x803'02b0      0x64  html_page.o [1]
  .rodata            const     0x803'0314      0x64  ip4_addr.o [1]
  .rodata            const     0x803'0378      0x64  ip4_frag.o [1]
  .rodata            const     0x803'03dc      0x64  snmp_core.o [1]
  .rodata            const     0x803'0440      0x64  snmp_msg.o [1]
  .rodata            const     0x803'04a4      0x60  dhcp.o [1]
  .rodata            const     0x803'0504      0x60  etharp.o [1]
  .rodata            const     0x803'0564      0x60  ethernet.o [1]
  .rodata            const     0x803'05c4      0x60  icmp.o [1]
  .rodata            const     0x803'0624      0x60  ping.o [1]
  .rodata            const     0x803'0684      0x5c  api_lib.o [1]
  .rodata            const     0x803'06e0      0x5c  api_msg.o [1]
  .rodata            const     0x803'073c      0x5c  ip4.o [1]
  .rodata            const     0x803'0798      0x5c  netbuf.o [1]
  .rodata            const     0x803'07f4      0x5c  netif.o [1]
  .rodata            const     0x803'0850      0x5c  sockets.o [1]
  .rodata            const     0x803'08ac      0x5c  tcp_in.o [1]
  .rodata            const     0x803'0908      0x5c  tcp_out.o [1]
  .rodata            const     0x803'0964      0x5c  timeouts.o [1]
  .rodata            const     0x803'09c0      0x58  dns.o [1]
  .rodata            const     0x803'0a18      0x58  html_page.o [1]
  .rodata            const     0x803'0a70      0x58  html_page.o [1]
  .rodata            const     0x803'0ac8      0x58  html_page.o [1]
  .rodata            const     0x803'0b20      0x58  html_page.o [1]
  .rodata            const     0x803'0b78      0x58  html_page.o [1]
  .rodata            const     0x803'0bd0      0x58  html_page.o [1]
  .rodata            const     0x803'0c28      0x58  html_page.o [1]
  .rodata            const     0x803'0c80      0x58  init.o [1]
  .rodata            const     0x803'0cd8      0x58  mem.o [1]
  .rodata            const     0x803'0d30      0x58  memp.o [1]
  .rodata            const     0x803'0d88      0x58  pbuf.o [1]
  .rodata            const     0x803'0de0      0x58  raw.o [1]
  .rodata            const     0x803'0e38      0x58  snmp_mib2_system.o [1]
  .rodata            const     0x803'0e90      0x58  tcp.o [1]
  .rodata            const     0x803'0ee8      0x58  tcp_out.o [1]
  .rodata            const     0x803'0f40      0x58  tcpip.o [1]
  .rodata            const     0x803'0f98      0x58  udp.o [1]
  .rodata            const     0x803'0ff0      0x54  html_page.o [1]
  .rodata            const     0x803'1044      0x54  html_page.o [1]
  .rodata            const     0x803'1098      0x54  html_page.o [1]
  .text              ro code   0x803'10ec      0x54  fputc.o [2]
  .rodata            const     0x803'1140      0x50  html_page.o [1]
  .rodata            const     0x803'1190      0x50  html_page.o [1]
  .rodata            const     0x803'11e0      0x50  html_page.o [1]
  .rodata            const     0x803'1230      0x50  html_page.o [1]
  .rodata            const     0x803'1280      0x50  html_page.o [1]
  .rodata            const     0x803'12d0      0x50  html_page.o [1]
  .rodata            const     0x803'1320      0x50  html_page.o [1]
  .rodata            const     0x803'1370      0x50  html_page.o [1]
  .rodata            const     0x803'13c0      0x50  html_page.o [1]
  .rodata            const     0x803'1410      0x50  html_page.o [1]
  .rodata            const     0x803'1460      0x50  iar_Stoulx.o [2]
  .rodata            const     0x803'14b0      0x4c  html_page.o [1]
  .rodata            const     0x803'14fc      0x4c  html_page.o [1]
  .rodata            const     0x803'1548      0x4c  html_page.o [1]
  .rodata            const     0x803'1594      0x4c  html_page.o [1]
  .rodata            const     0x803'15e0      0x4c  html_page.o [1]
  .rodata            const     0x803'162c      0x4c  html_page.o [1]
  .rodata            const     0x803'1678      0x4c  html_page.o [1]
  .rodata            const     0x803'16c4      0x4c  html_page.o [1]
  .rodata            const     0x803'1710      0x4c  html_page.o [1]
  .rodata            const     0x803'175c      0x4c  raw.o [1]
  .rodata            const     0x803'17a8      0x48  dhcp.o [1]
  .rodata            const     0x803'17f0      0x48  html_page.o [1]
  .rodata            const     0x803'1838      0x48  html_page.o [1]
  .rodata            const     0x803'1880      0x48  html_page.o [1]
  .rodata            const     0x803'18c8      0x48  html_page.o [1]
  .rodata            const     0x803'1910      0x48  html_page.o [1]
  .rodata            const     0x803'1958      0x48  html_page.o [1]
  .rodata            const     0x803'19a0      0x44  dhcp.o [1]
  .rodata            const     0x803'19e4      0x44  err.o [1]
  .rodata            const     0x803'1a28      0x44  etharp.o [1]
  .rodata            const     0x803'1a6c      0x44  ethernetif.o [1]
  .rodata            const     0x803'1ab0      0x44  html_page.o [1]
  .rodata            const     0x803'1af4      0x44  html_page.o [1]
  .rodata            const     0x803'1b38      0x44  html_page.o [1]
  .rodata            const     0x803'1b7c      0x44  html_page.o [1]
  .rodata            const     0x803'1bc0      0x44  html_page.o [1]
  .rodata            const     0x803'1c04      0x44  html_page.o [1]
  .rodata            const     0x803'1c48      0x44  html_page.o [1]
  .rodata            const     0x803'1c8c      0x44  init.o [1]
  .rodata            const     0x803'1cd0      0x40  api_msg.o [1]
  .rodata            const     0x803'1d10      0x40  dhcp.o [1]
  .rodata            const     0x803'1d50      0x40  dhcp.o [1]
  .rodata            const     0x803'1d90      0x40  dhcp.o [1]
  .rodata            const     0x803'1dd0      0x40  etharp.o [1]
  .rodata            const     0x803'1e10      0x40  html_page.o [1]
  .rodata            const     0x803'1e50      0x40  html_page.o [1]
  .rodata            const     0x803'1e90      0x40  html_page.o [1]
  .rodata            const     0x803'1ed0      0x40  html_page.o [1]
  .rodata            const     0x803'1f10      0x40  html_page.o [1]
  .rodata            const     0x803'1f50      0x40  html_page.o [1]
  .rodata            const     0x803'1f90      0x40  html_page.o [1]
  .rodata            const     0x803'1fd0      0x40  html_page.o [1]
  .rodata            const     0x803'2010      0x40  httpserver-netconn.o [1]
  .rodata            const     0x803'2050      0x40  smtp.o [1]
  .rodata            const     0x803'2090      0x40  tcp_out.o [1]
  .rodata            const     0x803'20d0      0x40  timeouts.o [1]
  .text              ro code   0x803'2110      0x40  stm32f1xx_it.o [1]
  .rodata            const     0x803'2150      0x3c  api_msg.o [1]
  .rodata            const     0x803'218c      0x3c  api_msg.o [1]
  .rodata            const     0x803'21c8      0x3c  dhcp.o [1]
  .rodata            const     0x803'2204      0x3c  html_page.o [1]
  .rodata            const     0x803'2240      0x3c  html_page.o [1]
  .rodata            const     0x803'227c      0x3c  html_page.o [1]
  .rodata            const     0x803'22b8      0x3c  html_page.o [1]
  .rodata            const     0x803'22f4      0x3c  html_page.o [1]
  .rodata            const     0x803'2330      0x3c  memp.o [1]
  .rodata            const     0x803'236c      0x3c  smtp.o [1]
  .rodata            const     0x803'23a8      0x3c  tcp_in.o [1]
  .rodata            const     0x803'23e4      0x3c  tcp_out.o [1]
  .rodata            const     0x803'2420      0x3c  tcp_out.o [1]
  .text              ro code   0x803'245c      0x3c  xcloseall.o [2]
  .rodata            const     0x803'2498      0x38  html_page.o [1]
  .rodata            const     0x803'24d0      0x38  html_page.o [1]
  .rodata            const     0x803'2508      0x38  html_page.o [1]
  .rodata            const     0x803'2540      0x38  html_page.o [1]
  .rodata            const     0x803'2578      0x38  html_page.o [1]
  .rodata            const     0x803'25b0      0x38  html_page.o [1]
  .rodata            const     0x803'25e8      0x38  html_page.o [1]
  .rodata            const     0x803'2620      0x38  html_page.o [1]
  .rodata            const     0x803'2658      0x38  html_page.o [1]
  .rodata            const     0x803'2690      0x38  html_page.o [1]
  .rodata            const     0x803'26c8      0x38  html_page.o [1]
  .rodata            const     0x803'2700      0x38  html_page.o [1]
  .rodata            const     0x803'2738      0x38  html_page.o [1]
  .rodata            const     0x803'2770      0x38  html_page.o [1]
  .rodata            const     0x803'27a8      0x38  html_page.o [1]
  .rodata            const     0x803'27e0      0x38  html_page.o [1]
  .rodata            const     0x803'2818      0x38  html_page.o [1]
  .rodata            const     0x803'2850      0x38  html_page.o [1]
  .rodata            const     0x803'2888      0x38  icmp.o [1]
  .rodata            const     0x803'28c0      0x38  ip4_frag.o [1]
  .rodata            const     0x803'28f8      0x38  pbuf.o [1]
  .rodata            const     0x803'2930      0x38  snmp_core.o [1]
  .rodata            const     0x803'2968      0x38  snmp_core.o [1]
  .rodata            const     0x803'29a0      0x38  snmp_core.o [1]
  .rodata            const     0x803'29d8      0x38  tcp_in.o [1]
  .rodata            const     0x803'2a10      0x38  tcp_out.o [1]
  .rodata            const     0x803'2a48      0x38  tcp_out.o [1]
  .rodata            const     0x803'2a80      0x34  api_msg.o [1]
  .rodata            const     0x803'2ab4      0x34  etharp.o [1]
  .rodata            const     0x803'2ae8      0x34  ethernet.o [1]
  .rodata            const     0x803'2b1c      0x34  html_page.o [1]
  .rodata            const     0x803'2b50      0x34  html_page.o [1]
  .rodata            const     0x803'2b84      0x34  html_page.o [1]
  .rodata            const     0x803'2bb8      0x34  html_page.o [1]
  .rodata            const     0x803'2bec      0x34  html_page.o [1]
  .rodata            const     0x803'2c20      0x34  html_page.o [1]
  .rodata            const     0x803'2c54      0x34  html_page.o [1]
  .rodata            const     0x803'2c88      0x34  html_page.o [1]
  .rodata            const     0x803'2cbc      0x34  html_page.o [1]
  .rodata            const     0x803'2cf0      0x34  html_page.o [1]
  .rodata            const     0x803'2d24      0x34  html_page.o [1]
  .rodata            const     0x803'2d58      0x34  html_page.o [1]
  .rodata            const     0x803'2d8c      0x34  html_page.o [1]
  .rodata            const     0x803'2dc0      0x34  html_page.o [1]
  .rodata            const     0x803'2df4      0x34  html_page.o [1]
  .rodata            const     0x803'2e28      0x34  html_page.o [1]
  .rodata            const     0x803'2e5c      0x34  html_page.o [1]
  .rodata            const     0x803'2e90      0x34  html_page.o [1]
  .rodata            const     0x803'2ec4      0x34  httpserver-netconn.o [1]
  .rodata            const     0x803'2ef8      0x34  icmp.o [1]
  .rodata            const     0x803'2f2c      0x34  pbuf.o [1]
  .rodata            const     0x803'2f60      0x34  pbuf.o [1]
  .rodata            const     0x803'2f94      0x34  tcp.o [1]
  .rodata            const     0x803'2fc8      0x34  tcp_out.o [1]
  .rodata            const     0x803'2ffc      0x34  tcp_out.o [1]
  .rodata            const     0x803'3030      0x30  api_msg.o [1]
  .rodata            const     0x803'3060      0x30  etharp.o [1]
  .rodata            const     0x803'3090      0x30  html_page.o [1]
  .rodata            const     0x803'30c0      0x30  html_page.o [1]
  .rodata            const     0x803'30f0      0x30  html_page.o [1]
  .rodata            const     0x803'3120      0x30  html_page.o [1]
  .rodata            const     0x803'3150      0x30  html_page.o [1]
  .rodata            const     0x803'3180      0x30  html_page.o [1]
  .rodata            const     0x803'31b0      0x30  html_page.o [1]
  .rodata            const     0x803'31e0      0x30  html_page.o [1]
  .rodata            const     0x803'3210      0x30  html_page.o [1]
  .rodata            const     0x803'3240      0x30  html_page.o [1]
  .rodata            const     0x803'3270      0x30  html_page.o [1]
  .rodata            const     0x803'32a0      0x30  html_page.o [1]
  .rodata            const     0x803'32d0      0x30  html_page.o [1]
  .rodata            const     0x803'3300      0x30  html_page.o [1]
  .rodata            const     0x803'3330      0x30  html_page.o [1]
  .rodata            const     0x803'3360      0x30  ip4.o [1]
  .rodata            const     0x803'3390      0x30  mem.o [1]
  .rodata            const     0x803'33c0      0x30  mem.o [1]
  .rodata            const     0x803'33f0      0x30  pbuf.o [1]
  .rodata            const     0x803'3420      0x30  pbuf.o [1]
  .rodata            const     0x803'3450      0x30  pbuf.o [1]
  .rodata            const     0x803'3480      0x30  pbuf.o [1]
  .rodata            const     0x803'34b0      0x30  tcp.o [1]
  .rodata            const     0x803'34e0      0x30  tcp.o [1]
  .rodata            const     0x803'3510      0x30  tcp.o [1]
  .rodata            const     0x803'3540      0x30  tcp_in.o [1]
  .rodata            const     0x803'3570      0x30  tcp_out.o [1]
  .rodata            const     0x803'35a0      0x30  tcp_out.o [1]
  .rodata            const     0x803'35d0      0x30  timeouts.o [1]
  .rodata            const     0x803'3600      0x30  udp.o [1]
  .rodata            const     0x803'3630      0x2c  api_msg.o [1]
  .rodata            const     0x803'365c      0x2c  dhcp.o [1]
  .rodata            const     0x803'3688      0x2c  etharp.o [1]
  .rodata            const     0x803'36b4      0x2c  html_page.o [1]
  .rodata            const     0x803'36e0      0x2c  html_page.o [1]
  .rodata            const     0x803'370c      0x2c  html_page.o [1]
  .rodata            const     0x803'3738      0x2c  html_page.o [1]
  .rodata            const     0x803'3764      0x2c  html_page.o [1]
  .rodata            const     0x803'3790      0x2c  html_page.o [1]
  .rodata            const     0x803'37bc      0x2c  html_page.o [1]
  .rodata            const     0x803'37e8      0x2c  html_page.o [1]
  .rodata            const     0x803'3814      0x2c  html_page.o [1]
  .rodata            const     0x803'3840      0x2c  html_page.o [1]
  .rodata            const     0x803'386c      0x2c  html_page.o [1]
  .rodata            const     0x803'3898      0x2c  html_page.o [1]
  .rodata            const     0x803'38c4      0x2c  html_page.o [1]
  .rodata            const     0x803'38f0      0x2c  html_page.o [1]
  .rodata            const     0x803'391c      0x2c  html_page.o [1]
  .rodata            const     0x803'3948      0x2c  icmp.o [1]
  .rodata            const     0x803'3974      0x2c  mem.o [1]
  .rodata            const     0x803'39a0      0x2c  pbuf.o [1]
  .rodata            const     0x803'39cc      0x2c  pbuf.o [1]
  .rodata            const     0x803'39f8      0x2c  snmp_core.o [1]
  .rodata            const     0x803'3a24      0x2c  snmp_core.o [1]
  .rodata            const     0x803'3a50      0x2c  snmp_msg.o [1]
  .rodata            const     0x803'3a7c      0x2c  tcp.o [1]
  .rodata            const     0x803'3aa8      0x2c  tcp.o [1]
  .rodata            const     0x803'3ad4      0x2c  tcp.o [1]
  .rodata            const     0x803'3b00      0x2c  tcp.o [1]
  .rodata            const     0x803'3b2c      0x2c  tcp_in.o [1]
  .rodata            const     0x803'3b58      0x2c  tcp_in.o [1]
  .rodata            const     0x803'3b84      0x2c  tcp_in.o [1]
  .rodata            const     0x803'3bb0      0x2c  tcp_out.o [1]
  .rodata            const     0x803'3bdc      0x2c  tcp_out.o [1]
  .rodata            const     0x803'3c08      0x28  api_lib.o [1]
  .rodata            const     0x803'3c30      0x28  api_msg.o [1]
  .rodata            const     0x803'3c58      0x28  api_msg.o [1]
  .rodata            const     0x803'3c80      0x28  dhcp.o [1]
  .rodata            const     0x803'3ca8      0x28  dhcp.o [1]
  .rodata            const     0x803'3cd0      0x28  dhcp.o [1]
  .rodata            const     0x803'3cf8      0x28  dhcp.o [1]
  .rodata            const     0x803'3d20      0x28  dhcp.o [1]
  .rodata            const     0x803'3d48      0x28  dhcp.o [1]
  .rodata            const     0x803'3d70      0x28  dns.o [1]
  .rodata            const     0x803'3d98      0x28  etharp.o [1]
  .rodata            const     0x803'3dc0      0x28  etharp.o [1]
  .rodata            const     0x803'3de8      0x28  ethernet.o [1]
  .rodata            const     0x803'3e10      0x28  ethernetif.o [1]
  .rodata            const     0x803'3e38      0x28  html_page.o [1]
  .rodata            const     0x803'3e60      0x28  html_page.o [1]
  .rodata            const     0x803'3e88      0x28  html_page.o [1]
  .rodata            const     0x803'3eb0      0x28  html_page.o [1]
  .rodata            const     0x803'3ed8      0x28  html_page.o [1]
  .rodata            const     0x803'3f00      0x28  html_page.o [1]
  .rodata            const     0x803'3f28      0x28  html_page.o [1]
  .rodata            const     0x803'3f50      0x28  html_page.o [1]
  .rodata            const     0x803'3f78      0x28  html_page.o [1]
  .rodata            const     0x803'3fa0      0x28  html_page.o [1]
  .rodata            const     0x803'3fc8      0x28  html_page.o [1]
  .rodata            const     0x803'3ff0      0x28  html_page.o [1]
  .rodata            const     0x803'4018      0x28  html_page.o [1]
  .rodata            const     0x803'4040      0x28  html_page.o [1]
  .rodata            const     0x803'4068      0x28  icmp.o [1]
  .rodata            const     0x803'4090      0x28  init.o [1]
  .rodata            const     0x803'40b8      0x28  ip4.o [1]
  .rodata            const     0x803'40e0      0x28  ip4_addr.o [1]
  .rodata            const     0x803'4108      0x28  ip4_frag.o [1]
  .rodata            const     0x803'4130      0x28  ip4_frag.o [1]
  .rodata            const     0x803'4158      0x28  mem.o [1]
  .rodata            const     0x803'4180      0x28  memp.o [1]
  .rodata            const     0x803'41a8      0x28  netbuf.o [1]
  .rodata            const     0x803'41d0      0x28  netif.o [1]
  .rodata            const     0x803'41f8      0x28  pbuf.o [1]
  .rodata            const     0x803'4220      0x28  ping.o [1]
  .rodata            const     0x803'4248      0x28  raw.o [1]
  .rodata            const     0x803'4270      0x28  raw.o [1]
  .rodata            const     0x803'4298      0x28  smtp.o [1]
  .rodata            const     0x803'42c0      0x28  snmp_core.o [1]
  .rodata            const     0x803'42e8      0x28  snmp_mib2_system.o [1]
  .rodata            const     0x803'4310      0x28  snmp_msg.o [1]
  .rodata            const     0x803'4338      0x28  snmp_netconn.o [1]
  .rodata            const     0x803'4360      0x28  snmp_threadsync.o [1]
  .rodata            const     0x803'4388      0x28  sockets.o [1]
  .rodata            const     0x803'43b0      0x28  sockets.o [1]
  .rodata            const     0x803'43d8      0x28  tcp.o [1]
  .rodata            const     0x803'4400      0x28  tcp.o [1]
  .rodata            const     0x803'4428      0x28  tcp.o [1]
  .rodata            const     0x803'4450      0x28  tcp.o [1]
  .rodata            const     0x803'4478      0x28  tcp.o [1]
  .rodata            const     0x803'44a0      0x28  tcp.o [1]
  .rodata            const     0x803'44c8      0x28  tcp.o [1]
  .rodata            const     0x803'44f0      0x28  tcp.o [1]
  .rodata            const     0x803'4518      0x28  tcp_in.o [1]
  .rodata            const     0x803'4540      0x28  tcp_in.o [1]
  .rodata            const     0x803'4568      0x28  tcp_in.o [1]
  .rodata            const     0x803'4590      0x28  tcp_in.o [1]
  .rodata            const     0x803'45b8      0x28  tcp_in.o [1]
  .rodata            const     0x803'45e0      0x28  tcp_out.o [1]
  .rodata            const     0x803'4608      0x28  tcp_out.o [1]
  .rodata            const     0x803'4630      0x28  tcp_out.o [1]
  .rodata            const     0x803'4658      0x28  tcpip.o [1]
  .rodata            const     0x803'4680      0x28  timeouts.o [1]
  .rodata            const     0x803'46a8      0x28  udp.o [1]
  .text              ro code   0x803'46d0      0x28  data_init.o [4]
  .rodata            const     0x803'46f8      0x24  api_lib.o [1]
  .rodata            const     0x803'471c      0x24  api_lib.o [1]
  .rodata            const     0x803'4740      0x24  api_lib.o [1]
  .rodata            const     0x803'4764      0x24  api_msg.o [1]
  .rodata            const     0x803'4788      0x24  api_msg.o [1]
  .rodata            const     0x803'47ac      0x24  api_msg.o [1]
  .rodata            const     0x803'47d0      0x24  api_msg.o [1]
  .rodata            const     0x803'47f4      0x24  dhcp.o [1]
  .rodata            const     0x803'4818      0x24  dhcp.o [1]
  .rodata            const     0x803'483c      0x24  dhcp.o [1]
  .rodata            const     0x803'4860      0x24  etharp.o [1]
  .rodata            const     0x803'4884      0x24  html_page.o [1]
  .rodata            const     0x803'48a8      0x24  html_page.o [1]
  .rodata            const     0x803'48cc      0x24  html_page.o [1]
  .rodata            const     0x803'48f0      0x24  html_page.o [1]
  .rodata            const     0x803'4914      0x24  html_page.o [1]
  .rodata            const     0x803'4938      0x24  html_page.o [1]
  .rodata            const     0x803'495c      0x24  html_page.o [1]
  .rodata            const     0x803'4980      0x24  html_page.o [1]
  .rodata            const     0x803'49a4      0x24  html_page.o [1]
  .rodata            const     0x803'49c8      0x24  html_page.o [1]
  .rodata            const     0x803'49ec      0x24  html_page.o [1]
  .rodata            const     0x803'4a10      0x24  html_page.o [1]
  .rodata            const     0x803'4a34      0x24  ip4_frag.o [1]
  .rodata            const     0x803'4a58      0x24  mem.o [1]
  .rodata            const     0x803'4a7c      0x24  mem.o [1]
  .rodata            const     0x803'4aa0      0x24  memp.o [1]
  .rodata            const     0x803'4ac4      0x24  netbuf.o [1]
  .rodata            const     0x803'4ae8      0x24  pbuf.o [1]
  .rodata            const     0x803'4b0c      0x24  pbuf.o [1]
  .rodata            const     0x803'4b30      0x24  pbuf.o [1]
  .rodata            const     0x803'4b54      0x24  snmp_core.o [1]
  .rodata            const     0x803'4b78      0x24  snmp_mib2_system.o [1]
  .rodata            const     0x803'4b9c      0x24  sockets.o [1]
  .rodata            const     0x803'4bc0      0x24  tcp.o [1]
  .rodata            const     0x803'4be4      0x24  tcp.o [1]
  .rodata            const     0x803'4c08      0x24  tcpip.o [1]
  .rodata            const     0x803'4c2c      0x24  tcpip.o [1]
  .iar.init_table    const     0x803'4c50      0x20  - Linker created -
  .rodata            const     0x803'4c70      0x20  api_lib.o [1]
  .rodata            const     0x803'4c90      0x20  api_lib.o [1]
  .rodata            const     0x803'4cb0      0x20  api_lib.o [1]
  .rodata            const     0x803'4cd0      0x20  api_lib.o [1]
  .rodata            const     0x803'4cf0      0x20  api_lib.o [1]
  .rodata            const     0x803'4d10      0x20  api_lib.o [1]
  .rodata            const     0x803'4d30      0x20  api_lib.o [1]
  .rodata            const     0x803'4d50      0x20  api_lib.o [1]
  .rodata            const     0x803'4d70      0x20  api_lib.o [1]
  .rodata            const     0x803'4d90      0x20  api_msg.o [1]
  .rodata            const     0x803'4db0      0x20  api_msg.o [1]
  .rodata            const     0x803'4dd0      0x20  api_msg.o [1]
  .rodata            const     0x803'4df0      0x20  api_msg.o [1]
  .rodata            const     0x803'4e10      0x20  api_msg.o [1]
  .rodata            const     0x803'4e30      0x20  api_msg.o [1]
  .rodata            const     0x803'4e50      0x20  api_msg.o [1]
  .rodata            const     0x803'4e70      0x20  api_msg.o [1]
  .rodata            const     0x803'4e90      0x20  api_msg.o [1]
  .rodata            const     0x803'4eb0      0x20  api_msg.o [1]
  .rodata            const     0x803'4ed0      0x20  dhcp.o [1]
  .rodata            const     0x803'4ef0      0x20  dhcp.o [1]
  .rodata            const     0x803'4f10      0x20  dhcp.o [1]
  .rodata            const     0x803'4f30      0x20  dns.o [1]
  .rodata            const     0x803'4f50      0x20  html_page.o [1]
  .rodata            const     0x803'4f70      0x20  html_page.o [1]
  .rodata            const     0x803'4f90      0x20  html_page.o [1]
  .rodata            const     0x803'4fb0      0x20  html_page.o [1]
  .rodata            const     0x803'4fd0      0x20  html_page.o [1]
  .rodata            const     0x803'4ff0      0x20  html_page.o [1]
  .rodata            const     0x803'5010      0x20  html_page.o [1]
  .rodata            const     0x803'5030      0x20  html_page.o [1]
  .rodata            const     0x803'5050      0x20  html_page.o [1]
  .rodata            const     0x803'5070      0x20  html_page.o [1]
  .rodata            const     0x803'5090      0x20  ip4_frag.o [1]
  .rodata            const     0x803'50b0      0x20  ip4_frag.o [1]
  .rodata            const     0x803'50d0      0x20  ip4_frag.o [1]
  .rodata            const     0x803'50f0      0x20  mem.o [1]
  .rodata            const     0x803'5110      0x20  memp.o [1]
  .rodata            const     0x803'5130      0x20  memp.o [1]
  .rodata            const     0x803'5150      0x20  netbuf.o [1]
  .rodata            const     0x803'5170      0x20  pbuf.o [1]
  .rodata            const     0x803'5190      0x20  pbuf.o [1]
  .rodata            const     0x803'51b0      0x20  pbuf.o [1]
  .rodata            const     0x803'51d0      0x20  snmp_core.o [1]
  .rodata            const     0x803'51f0      0x20  snmp_core.o [1]
  .rodata            const     0x803'5210      0x20  snmp_core.o [1]
  .rodata            const     0x803'5230      0x20  snmp_core.o [1]
  .rodata            const     0x803'5250      0x20  snmp_core.o [1]
  .rodata            const     0x803'5270      0x20  sockets.o [1]
  .rodata            const     0x803'5290      0x20  tcp.o [1]
  .rodata            const     0x803'52b0      0x20  tcp_in.o [1]
  .rodata            const     0x803'52d0      0x20  tcp_in.o [1]
  .rodata            const     0x803'52f0      0x20  tcp_in.o [1]
  .rodata            const     0x803'5310      0x20  tcp_in.o [1]
  .rodata            const     0x803'5330      0x20  tcp_in.o [1]
  .rodata            const     0x803'5350      0x20  tcp_out.o [1]
  .rodata            const     0x803'5370      0x20  tcp_out.o [1]
  .rodata            const     0x803'5390      0x20  tcp_out.o [1]
  .rodata            const     0x803'53b0      0x20  tcpip.o [1]
  .text              ro code   0x803'53d0      0x20  snmp_mib2.o [1]
  .text              ro code   0x803'53f0      0x1e  cmain.o [4]
  .text              ro code   0x803'540e       0x4  low_level_init.o [2]
  .text              ro code   0x803'5412       0x4  exit.o [2]
  .text              ro code   0x803'5418       0xe  cexit.o [4]
  .rodata            const     0x803'5428      0x1c  api_lib.o [1]
  .rodata            const     0x803'5444      0x1c  api_lib.o [1]
  .rodata            const     0x803'5460      0x1c  api_lib.o [1]
  .rodata            const     0x803'547c      0x1c  api_lib.o [1]
  .rodata            const     0x803'5498      0x1c  api_lib.o [1]
  .rodata            const     0x803'54b4      0x1c  api_lib.o [1]
  .rodata            const     0x803'54d0      0x1c  api_msg.o [1]
  .rodata            const     0x803'54ec      0x1c  api_msg.o [1]
  .rodata            const     0x803'5508      0x1c  api_msg.o [1]
  .rodata            const     0x803'5524      0x1c  api_msg.o [1]
  .rodata            const     0x803'5540      0x1c  dhcp.o [1]
  .rodata            const     0x803'555c      0x1c  dhcp.o [1]
  .rodata            const     0x803'5578      0x1c  dhcp.o [1]
  .rodata            const     0x803'5594      0x1c  dns.o [1]
  .rodata            const     0x803'55b0      0x1c  etharp.o [1]
  .rodata            const     0x803'55cc      0x1c  ethernetif.o [1]
  .rodata            const     0x803'55e8      0x1c  html_page.o [1]
  .rodata            const     0x803'5604      0x1c  html_page.o [1]
  .rodata            const     0x803'5620      0x1c  html_page.o [1]
  .rodata            const     0x803'563c      0x1c  html_page.o [1]
  .rodata            const     0x803'5658      0x1c  html_page.o [1]
  .rodata            const     0x803'5674      0x1c  html_page.o [1]
  .rodata            const     0x803'5690      0x1c  html_page.o [1]
  .rodata            const     0x803'56ac      0x1c  html_page.o [1]
  .rodata            const     0x803'56c8      0x1c  html_page.o [1]
  .rodata            const     0x803'56e4      0x1c  html_page.o [1]
  .rodata            const     0x803'5700      0x1c  html_page.o [1]
  .rodata            const     0x803'571c      0x1c  html_page.o [1]
  .rodata            const     0x803'5738      0x1c  html_page.o [1]
  .rodata            const     0x803'5754      0x1c  html_page.o [1]
  .rodata            const     0x803'5770      0x1c  html_page.o [1]
  .rodata            const     0x803'578c      0x1c  httpserver-netconn.o [1]
  .rodata            const     0x803'57a8      0x1c  httpserver-netconn.o [1]
  .rodata            const     0x803'57c4      0x1c  ip4_frag.o [1]
  .rodata            const     0x803'57e0      0x1c  ip4_frag.o [1]
  .rodata            const     0x803'57fc      0x1c  ip4_frag.o [1]
  .rodata            const     0x803'5818      0x1c  lwip.o [1]
  .rodata            const     0x803'5834      0x1c  main.o [1]
  .rodata            const     0x803'5850      0x1c  main.o [1]
  .rodata            const     0x803'586c      0x1c  main.o [1]
  .rodata            const     0x803'5888      0x1c  main.o [1]
  .rodata            const     0x803'58a4      0x1c  main.o [1]
  .rodata            const     0x803'58c0      0x1c  main.o [1]
  .rodata            const     0x803'58dc      0x1c  main.o [1]
  .rodata            const     0x803'58f8      0x1c  mem.o [1]
  .rodata            const     0x803'5914      0x1c  mem.o [1]
  .rodata            const     0x803'5930      0x1c  mem.o [1]
  .rodata            const     0x803'594c      0x1c  mem.o [1]
  .rodata            const     0x803'5968      0x1c  memp.o [1]
  .rodata            const     0x803'5984      0x1c  netbuf.o [1]
  .rodata            const     0x803'59a0      0x1c  netbuf.o [1]
  .rodata            const     0x803'59bc      0x1c  netbuf.o [1]
  .rodata            const     0x803'59d8      0x1c  netbuf.o [1]
  .rodata            const     0x803'59f4      0x1c  pbuf.o [1]
  .rodata            const     0x803'5a10      0x1c  pbuf.o [1]
  .rodata            const     0x803'5a2c      0x1c  pbuf.o [1]
  .rodata            const     0x803'5a48      0x1c  pbuf.o [1]
  .rodata            const     0x803'5a64      0x1c  pbuf.o [1]
  .rodata            const     0x803'5a80      0x1c  pbuf.o [1]
  .rodata            const     0x803'5a9c      0x1c  smtp.o [1]
  .rodata            const     0x803'5ab8      0x1c  smtp.o [1]
  .rodata            const     0x803'5ad4      0x1c  smtp.o [1]
  .rodata            const     0x803'5af0      0x1c  snmp_mib2.o [1]
  .rodata            const     0x803'5b0c      0x1c  snmp_netconn.o [1]
  .rodata            const     0x803'5b28      0x1c  snmp_threadsync.o [1]
  .rodata            const     0x803'5b44      0x1c  tcp.o [1]
  .rodata            const     0x803'5b60      0x1c  tcp.o [1]
  .rodata            const     0x803'5b7c      0x1c  tcp.o [1]
  .rodata            const     0x803'5b98      0x1c  tcp_in.o [1]
  .rodata            const     0x803'5bb4      0x1c  tcp_in.o [1]
  .rodata            const     0x803'5bd0      0x18  api_lib.o [1]
  .rodata            const     0x803'5be8      0x18  api_msg.o [1]
  .rodata            const     0x803'5c00      0x18  api_msg.o [1]
  .rodata            const     0x803'5c18      0x18  api_msg.o [1]
  .rodata            const     0x803'5c30      0x18  dhcp.o [1]
  .rodata            const     0x803'5c48      0x18  dhcp.o [1]
  .rodata            const     0x803'5c60      0x18  dhcp.o [1]
  .rodata            const     0x803'5c78      0x18  dhcp.o [1]
  .rodata            const     0x803'5c90      0x18  dns.o [1]
  .rodata            const     0x803'5ca8      0x18  etharp.o [1]
  .rodata            const     0x803'5cc0      0x18  html_page.o [1]
  .rodata            const     0x803'5cd8      0x18  html_page.o [1]
  .rodata            const     0x803'5cf0      0x18  html_page.o [1]
  .rodata            const     0x803'5d08      0x18  html_page.o [1]
  .rodata            const     0x803'5d20      0x18  html_page.o [1]
  .rodata            const     0x803'5d38      0x18  html_page.o [1]
  .rodata            const     0x803'5d50      0x18  html_page.o [1]
  .rodata            const     0x803'5d68      0x18  html_page.o [1]
  .rodata            const     0x803'5d80      0x18  html_page.o [1]
  .rodata            const     0x803'5d98      0x18  html_page.o [1]
  .rodata            const     0x803'5db0      0x18  html_page.o [1]
  .rodata            const     0x803'5dc8      0x18  html_page.o [1]
  .rodata            const     0x803'5de0      0x18  httpserver-netconn.o [1]
  .rodata            const     0x803'5df8      0x18  httpserver-netconn.o [1]
  .rodata            const     0x803'5e10      0x18  httpserver-netconn.o [1]
  .rodata            const     0x803'5e28      0x18  LOGS.o [1]
  .rodata            const     0x803'5e40      0x18  mem.o [1]
  .rodata            const     0x803'5e58      0x18  mem.o [1]
  .rodata            const     0x803'5e70      0x18  mem.o [1]
  .rodata            const     0x803'5e88      0x18  netbuf.o [1]
  .rodata            const     0x803'5ea0      0x18  netif.o [1]
  .rodata            const     0x803'5eb8      0x18  pbuf.o [1]
  .rodata            const     0x803'5ed0      0x18  pbuf.o [1]
  .rodata            const     0x803'5ee8      0x18  pbuf.o [1]
  .rodata            const     0x803'5f00      0x18  pbuf.o [1]
  .rodata            const     0x803'5f18      0x18  pbuf.o [1]
  .rodata            const     0x803'5f30      0x18  pbuf.o [1]
  .rodata            const     0x803'5f48      0x18  pbuf.o [1]
  .rodata            const     0x803'5f60      0x18  pbuf.o [1]
  .rodata            const     0x803'5f78      0x18  ping.o [1]
  .rodata            const     0x803'5f90      0x18  smtp.o [1]
  .rodata            const     0x803'5fa8      0x18  smtp.o [1]
  .rodata            const     0x803'5fc0      0x18  snmp_msg.o [1]
  .rodata            const     0x803'5fd8      0x18  snmp_threadsync.o [1]
  .rodata            const     0x803'5ff0      0x18  tcp.o [1]
  .rodata            const     0x803'6008      0x18  tcp.o [1]
  .rodata            const     0x803'6020      0x18  tcp.o [1]
  .rodata            const     0x803'6038      0x18  tcp_in.o [1]
  .rodata            const     0x803'6050      0x18  tcp_out.o [1]
  .rodata            const     0x803'6068      0x18  tcp_out.o [1]
  .rodata            const     0x803'6080      0x18  tcp_out.o [1]
  .rodata            const     0x803'6098      0x18  tcp_out.o [1]
  .text              ro code   0x803'60b0      0x16  xprout.o [2]
  .text              ro code   0x803'60c8       0xc  putchar.o [2]
  .rodata            const     0x803'60d4      0x14  api_msg.o [1]
  .rodata            const     0x803'60e8      0x14  api_msg.o [1]
  .rodata            const     0x803'60fc      0x14  api_msg.o [1]
  .rodata            const     0x803'6110      0x14  dhcp.o [1]
  .rodata            const     0x803'6124      0x14  dhcp.o [1]
  .rodata            const     0x803'6138      0x14  dhcp.o [1]
  .rodata            const     0x803'614c      0x14  dhcp.o [1]
  .rodata            const     0x803'6160      0x14  dhcp.o [1]
  .rodata            const     0x803'6174      0x14  etharp.o [1]
  .rodata            const     0x803'6188      0x14  flash_if.o [1]
  .rodata            const     0x803'619c      0x14  fs.o [1]
  .rodata            const     0x803'61b0      0x14  fs.o [1]
  .rodata            const     0x803'61c4      0x14  html_page.o [1]
  .rodata            const     0x803'61d8      0x14  html_page.o [1]
  .rodata            const     0x803'61ec      0x14  html_page.o [1]
  .rodata            const     0x803'6200      0x14  html_page.o [1]
  .rodata            const     0x803'6214      0x14  html_page.o [1]
  .rodata            const     0x803'6228      0x14  html_page.o [1]
  .rodata            const     0x803'623c      0x14  html_page.o [1]
  .rodata            const     0x803'6250      0x14  html_page.o [1]
  .rodata            const     0x803'6264      0x14  html_page.o [1]
  .rodata            const     0x803'6278      0x14  html_page.o [1]
  .rodata            const     0x803'628c      0x14  html_page.o [1]
  .rodata            const     0x803'62a0      0x14  html_page.o [1]
  .rodata            const     0x803'62b4      0x14  html_page.o [1]
  .rodata            const     0x803'62c8      0x14  html_page.o [1]
  .rodata            const     0x803'62dc      0x14  html_page.o [1]
  .rodata            const     0x803'62f0      0x14  html_page.o [1]
  .rodata            const     0x803'6304      0x14  html_page.o [1]
  .rodata            const     0x803'6318      0x14  html_page.o [1]
  .rodata            const     0x803'632c      0x14  html_page.o [1]
  .rodata            const     0x803'6340      0x14  html_page.o [1]
  .rodata            const     0x803'6354      0x14  html_page.o [1]
  .rodata            const     0x803'6368      0x14  html_page.o [1]
  .rodata            const     0x803'637c      0x14  html_page.o [1]
  .rodata            const     0x803'6390      0x14  httpserver-netconn.o [1]
  .rodata            const     0x803'63a4      0x14  httpserver-netconn.o [1]
  .rodata            const     0x803'63b8      0x14  httpserver-netconn.o [1]
  .rodata            const     0x803'63cc      0x14  httpserver-netconn.o [1]
  .rodata            const     0x803'63e0      0x14  httpserver-netconn.o [1]
  .rodata            const     0x803'63f4      0x14  httpserver-netconn.o [1]
  .rodata            const     0x803'6408      0x14  httpserver-netconn.o [1]
  .rodata            const     0x803'641c      0x14  httpserver-netconn.o [1]
  .rodata            const     0x803'6430      0x14  httpserver-netconn.o [1]
  .rodata            const     0x803'6444      0x14  httpserver-netconn.o [1]
  .rodata            const     0x803'6458      0x14  httpserver-netconn.o [1]
  .rodata            const     0x803'646c      0x14  httpserver-netconn.o [1]
  .rodata            const     0x803'6480      0x14  httpserver-netconn.o [1]
  .rodata            const     0x803'6494      0x14  httpserver-netconn.o [1]
  .rodata            const     0x803'64a8      0x14  httpserver-netconn.o [1]
  .rodata            const     0x803'64bc      0x14  httpserver-netconn.o [1]
  .rodata            const     0x803'64d0      0x14  httpserver-netconn.o [1]
  .rodata            const     0x803'64e4      0x14  httpserver-netconn.o [1]
  .rodata            const     0x803'64f8      0x14  httpserver-netconn.o [1]
  .rodata            const     0x803'650c      0x14  ip4_frag.o [1]
  .rodata            const     0x803'6520      0x14  mem.o [1]
  .rodata            const     0x803'6534      0x14  pbuf.o [1]
  .rodata            const     0x803'6548      0x14  pbuf.o [1]
  .rodata            const     0x803'655c      0x14  pbuf.o [1]
  .rodata            const     0x803'6570      0x14  smtp.o [1]
  .rodata            const     0x803'6584      0x14  smtp.o [1]
  .rodata            const     0x803'6598      0x14  tcp_in.o [1]
  .rodata            const     0x803'65ac      0x14  tcp_in.o [1]
  .rodata            const     0x803'65c0      0x14  tcp_out.o [1]
  .rodata            const     0x803'65d4      0x14  tcp_out.o [1]
  .rodata            const     0x803'65e8      0x14  udp.o [1]
  .rodata            const     0x803'65fc      0x10  api_msg.o [1]
  .rodata            const     0x803'660c      0x10  api_msg.o [1]
  .rodata            const     0x803'661c      0x10  api_msg.o [1]
  .rodata            const     0x803'662c      0x10  app.o [1]
  .rodata            const     0x803'663c      0x10  dhcp.o [1]
  .rodata            const     0x803'664c      0x10  dhcp.o [1]
  .rodata            const     0x803'665c      0x10  etharp.o [1]
  .rodata            const     0x803'666c      0x10  etharp.o [1]
  .rodata            const     0x803'667c      0x10  ethernetif.o [1]
  .rodata            const     0x803'668c      0x10  flash_if.o [1]
  .rodata            const     0x803'669c      0x10  flash_if.o [1]
  .rodata            const     0x803'66ac      0x10  flash_if.o [1]
  .rodata            const     0x803'66bc      0x10  html_page.o [1]
  .rodata            const     0x803'66cc      0x10  html_page.o [1]
  .rodata            const     0x803'66dc      0x10  html_page.o [1]
  .rodata            const     0x803'66ec      0x10  html_page.o [1]
  .rodata            const     0x803'66fc      0x10  html_page.o [1]
  .rodata            const     0x803'670c      0x10  html_page.o [1]
  .rodata            const     0x803'671c      0x10  html_page.o [1]
  .rodata            const     0x803'672c      0x10  html_page.o [1]
  .rodata            const     0x803'673c      0x10  html_page.o [1]
  .rodata            const     0x803'674c      0x10  html_page.o [1]
  .rodata            const     0x803'675c      0x10  html_page.o [1]
  .rodata            const     0x803'676c      0x10  html_page.o [1]
  .rodata            const     0x803'677c      0x10  html_page.o [1]
  .rodata            const     0x803'678c      0x10  html_page.o [1]
  .rodata            const     0x803'679c      0x10  html_page.o [1]
  .rodata            const     0x803'67ac      0x10  html_page.o [1]
  .rodata            const     0x803'67bc      0x10  html_page.o [1]
  .rodata            const     0x803'67cc      0x10  html_page.o [1]
  .rodata            const     0x803'67dc      0x10  html_page.o [1]
  .rodata            const     0x803'67ec      0x10  html_page.o [1]
  .rodata            const     0x803'67fc      0x10  html_page.o [1]
  .rodata            const     0x803'680c      0x10  html_page.o [1]
  .rodata            const     0x803'681c      0x10  html_page.o [1]
  .rodata            const     0x803'682c      0x10  html_page.o [1]
  .rodata            const     0x803'683c      0x10  html_page.o [1]
  .rodata            const     0x803'684c      0x10  html_page.o [1]
  .rodata            const     0x803'685c      0x10  html_page.o [1]
  .rodata            const     0x803'686c      0x10  html_page.o [1]
  .rodata            const     0x803'687c      0x10  html_page.o [1]
  .rodata            const     0x803'688c      0x10  html_page.o [1]
  .rodata            const     0x803'689c      0x10  html_page.o [1]
  .rodata            const     0x803'68ac      0x10  html_page.o [1]
  .rodata            const     0x803'68bc      0x10  html_page.o [1]
  .rodata            const     0x803'68cc      0x10  html_page.o [1]
  .rodata            const     0x803'68dc      0x10  httpserver-netconn.o [1]
  .rodata            const     0x803'68ec      0x10  httpserver-netconn.o [1]
  .rodata            const     0x803'68fc      0x10  httpserver-netconn.o [1]
  .rodata            const     0x803'690c      0x10  httpserver-netconn.o [1]
  .rodata            const     0x803'691c      0x10  httpserver-netconn.o [1]
  .rodata            const     0x803'692c      0x10  httpserver-netconn.o [1]
  .rodata            const     0x803'693c      0x10  httpserver-netconn.o [1]
  .rodata            const     0x803'694c      0x10  httpserver-netconn.o [1]
  .rodata            const     0x803'695c      0x10  httpserver-netconn.o [1]
  .rodata            const     0x803'696c      0x10  httpserver-netconn.o [1]
  .rodata            const     0x803'697c      0x10  httpserver-netconn.o [1]
  .rodata            const     0x803'698c      0x10  httpserver-netconn.o [1]
  .rodata            const     0x803'699c      0x10  httpserver-netconn.o [1]
  .rodata            const     0x803'69ac      0x10  httpserver-netconn.o [1]
  .rodata            const     0x803'69bc      0x10  httpserver-netconn.o [1]
  .rodata            const     0x803'69cc      0x10  httpserver-netconn.o [1]
  .rodata            const     0x803'69dc      0x10  httpserver-netconn.o [1]
  .rodata            const     0x803'69ec      0x10  httpserver-netconn.o [1]
  .rodata            const     0x803'69fc      0x10  httpserver-netconn.o [1]
  .rodata            const     0x803'6a0c      0x10  httpserver-netconn.o [1]
  .rodata            const     0x803'6a1c      0x10  httpserver-netconn.o [1]
  .rodata            const     0x803'6a2c      0x10  httpserver-netconn.o [1]
  .rodata            const     0x803'6a3c      0x10  httpserver-netconn.o [1]
  .rodata            const     0x803'6a4c      0x10  httpserver-netconn.o [1]
  .rodata            const     0x803'6a5c      0x10  httpserver-netconn.o [1]
  .rodata            const     0x803'6a6c      0x10  httpserver-netconn.o [1]
  .rodata            const     0x803'6a7c      0x10  httpserver-netconn.o [1]
  .rodata            const     0x803'6a8c      0x10  httpserver-netconn.o [1]
  .rodata            const     0x803'6a9c      0x10  httpserver-netconn.o [1]
  .rodata            const     0x803'6aac      0x10  ip4_frag.o [1]
  .rodata            const     0x803'6abc      0x10  main.o [1]
  .rodata            const     0x803'6acc      0x10  main.o [1]
  .rodata            const     0x803'6adc      0x10  memp.o [1]
  .rodata            const     0x803'6aec      0x10  memp.o [1]
  .rodata            const     0x803'6afc      0x10  memp.o [1]
  .rodata            const     0x803'6b0c      0x10  memp.o [1]
  .rodata            const     0x803'6b1c      0x10  memp.o [1]
  .rodata            const     0x803'6b2c      0x10  memp.o [1]
  .rodata            const     0x803'6b3c      0x10  memp.o [1]
  .rodata            const     0x803'6b4c      0x10  memp.o [1]
  .rodata            const     0x803'6b5c      0x10  memp.o [1]
  .rodata            const     0x803'6b6c      0x10  memp.o [1]
  .rodata            const     0x803'6b7c      0x10  memp.o [1]
  .rodata            const     0x803'6b8c      0x10  memp.o [1]
  .rodata            const     0x803'6b9c      0x10  memp.o [1]
  .rodata            const     0x803'6bac      0x10  memp.o [1]
  .rodata            const     0x803'6bbc      0x10  memp.o [1]
  .rodata            const     0x803'6bcc      0x10  pbuf.o [1]
  .rodata            const     0x803'6bdc      0x10  pbuf.o [1]
  .rodata            const     0x803'6bec      0x10  pbuf.o [1]
  .rodata            const     0x803'6bfc      0x10  smtp.o [1]
  .rodata            const     0x803'6c0c      0x10  smtp.o [1]
  .rodata            const     0x803'6c1c      0x10  smtp.o [1]
  .rodata            const     0x803'6c2c      0x10  smtp.o [1]
  .rodata            const     0x803'6c3c      0x10  smtp.o [1]
  .rodata            const     0x803'6c4c      0x10  smtp.o [1]
  .rodata            const     0x803'6c5c      0x10  smtp.o [1]
  .rodata            const     0x803'6c6c      0x10  snmp_mib2.o [1]
  .rodata            const     0x803'6c7c      0x10  snmp_mib2_system.o [1]
  .rodata            const     0x803'6c8c      0x10  snmp_netconn.o [1]
  .rodata            const     0x803'6c9c      0x10  sockets.o [1]
  .rodata            const     0x803'6cac      0x10  stm32f1xx_hal_rcc.o [1]
  .rodata            const     0x803'6cbc      0x10  stm32f1xx_hal_rcc.o [1]
  .rodata            const     0x803'6ccc      0x10  stm32f1xx_hal_rcc_ex.o [1]
  .rodata            const     0x803'6cdc      0x10  stm32f1xx_hal_rcc_ex.o [1]
  .rodata            const     0x803'6cec      0x10  sys_arch.o [1]
  .rodata            const     0x803'6cfc      0x10  system_stm32f1xx.o [1]
  .rodata            const     0x803'6d0c      0x10  tcp.o [1]
  .rodata            const     0x803'6d1c      0x10  tcp.o [1]
  .rodata            const     0x803'6d2c      0x10  tcp.o [1]
  .rodata            const     0x803'6d3c      0x10  tcp_in.o [1]
  .rodata            const     0x803'6d4c      0x10  tcp_in.o [1]
  .rodata            const     0x803'6d5c      0x10  tcp_in.o [1]
  .rodata            const     0x803'6d6c      0x10  tcp_in.o [1]
  .rodata            const     0x803'6d7c      0x10  tcp_out.o [1]
  .rodata            const     0x803'6d8c      0x10  tcpip.o [1]
  .rodata            const     0x803'6d9c      0x10  tcpip.o [1]
  .text              ro code   0x803'6dac      0x10  startup_stm32f107xc.o [1]
  .rodata            const     0x803'6dbc       0xc  api_lib.o [1]
  .rodata            const     0x803'6dc8       0xc  api_lib.o [1]
  .rodata            const     0x803'6dd4       0xc  dhcp.o [1]
  .rodata            const     0x803'6de0       0xc  dhcp.o [1]
  .rodata            const     0x803'6dec       0xc  dns.o [1]
  .rodata            const     0x803'6df8       0xc  etharp.o [1]
  .rodata            const     0x803'6e04       0xc  flash_if.o [1]
  .rodata            const     0x803'6e10       0xc  html_page.o [1]
  .rodata            const     0x803'6e1c       0xc  html_page.o [1]
  .rodata            const     0x803'6e28       0xc  html_page.o [1]
  .rodata            const     0x803'6e34       0xc  html_page.o [1]
  .rodata            const     0x803'6e40       0xc  html_page.o [1]
  .rodata            const     0x803'6e4c       0xc  html_page.o [1]
  .rodata            const     0x803'6e58       0xc  html_page.o [1]
  .rodata            const     0x803'6e64       0xc  html_page.o [1]
  .rodata            const     0x803'6e70       0xc  html_page.o [1]
  .rodata            const     0x803'6e7c       0xc  html_page.o [1]
  .rodata            const     0x803'6e88       0xc  html_page.o [1]
[...]
snmp_varbind_length      0x802'5aa7   0x12c  Code  Gb  snmp_msg.o [1]
snmp_vb_enumerator_get_next
                         0x802'60b9   0x2b0  Code  Gb  snmp_msg.o [1]
snmp_vb_enumerator_init
                         0x802'60a5    0x14  Code  Gb  snmp_msg.o [1]
snmp_write_callback     0x2000'8610     0x4  Data  Gb  snmp_msg.o [1]
snmp_write_callback_arg
                        0x2000'8614     0x4  Data  Gb  snmp_msg.o [1]
sockets                 0x2000'7adc    0xa0  Data  Lc  sockets.o [1]
sprintf                  0x800'd83d    0x40  Code  Gb  sprintf.o [2]
start_time              0x2000'8400     0xc  Data  Gb  flash_if.o [1]
stats_init               0x801'e60d     0x2  Code  Gb  stats.o [1]
status_NTP_activ        0x2000'86f6     0x1  Data  Gb  flash_if.o [1]
strcat                   0x800'd9c3    0x1e  Code  Gb  strcat.o [2]
strchr                   0x801'0d79          Code  Gb  strchr.o [4]
strcmp                   0x802'4dd1          Code  Gb  strcmp.o [4]
strcpy                   0x802'9fa9          Code  Gb  strcpy.o [4]
strlen                   0x800'd9e1          Code  Gb  strlen.o [4]
strncmp                  0x802'4bf1    0x28  Code  Gb  strncmp.o [2]
strstr                   0x802'a051    0x2c  Code  Gb  strstr.o [2]
strtol                   0x802'a04d     0x4  Code  Gb  iar_Stolx.o [2]
swich_mess_event         0x800'7151   0x296  Code  Gb  html_page.o [1]
swich_mess_event_en      0x800'73e7   0x296  Code  Gb  html_page.o [1]
sys_arch_mbox_fetch      0x801'67d1    0x50  Code  Gb  sys_arch.o [1]
sys_arch_mbox_tryfetch   0x801'6821    0x24  Code  Gb  sys_arch.o [1]
sys_arch_protect         0x801'69df    0x12  Code  Gb  sys_arch.o [1]
sys_arch_sem_wait        0x801'68bd    0x44  Code  Gb  sys_arch.o [1]
sys_arch_unprotect       0x801'69f1     0xc  Code  Gb  sys_arch.o [1]
sys_check_timeouts       0x801'8325    0x68  Code  Lc  timeouts.o [1]
sys_init                 0x801'6935     0xe  Code  Gb  sys_arch.o [1]
sys_mbox_free            0x801'6765    0x2e  Code  Gb  sys_arch.o [1]
sys_mbox_new             0x801'6715    0x50  Code  Gb  sys_arch.o [1]
sys_mbox_post            0x801'6793    0x18  Code  Gb  sys_arch.o [1]
sys_mbox_set_invalid     0x801'6853     0x6  Code  Gb  sys_arch.o [1]
sys_mbox_trypost         0x801'67ab    0x26  Code  Gb  sys_arch.o [1]
sys_mbox_valid           0x801'6845     0xe  Code  Gb  sys_arch.o [1]
sys_mutex_lock           0x801'6995     0xe  Code  Gb  sys_arch.o [1]
sys_mutex_new            0x801'6943    0x52  Code  Gb  sys_arch.o [1]
sys_mutex_unlock         0x801'69a3     0xa  Code  Gb  sys_arch.o [1]
sys_now                  0x801'49c9     0x8  Code  Gb  ethernetif.o [1]
sys_sem_free             0x801'690b    0x16  Code  Gb  sys_arch.o [1]
sys_sem_new              0x801'6859    0x64  Code  Gb  sys_arch.o [1]
sys_sem_set_invalid      0x801'692f     0x6  Code  Gb  sys_arch.o [1]
sys_sem_signal           0x801'6901     0xa  Code  Gb  sys_arch.o [1]
sys_sem_valid            0x801'6921     0xe  Code  Gb  sys_arch.o [1]
sys_thread_new           0x801'69ad    0x32  Code  Gb  sys_arch.o [1]
sys_timeout              0x801'8265    0xc0  Code  Gb  timeouts.o [1]
sys_timeouts_init        0x801'823f    0x26  Code  Gb  timeouts.o [1]
sys_timeouts_mbox_fetch
                         0x801'83bd    0x3a  Code  Gb  timeouts.o [1]
sys_timeouts_sleeptime   0x801'838d    0x30  Code  Lc  timeouts.o [1]
syscontact              0x2000'009c     0x4  Data  Lc  snmp_mib2_system.o [1]
syscontact_bufsize      0x2000'86d8     0x2  Data  Lc  snmp_mib2_system.o [1]
syscontact_default       0x801'0ef6     0x1  Data  Lc  snmp_mib2_system.o [1]
syscontact_len          0x2000'85f0     0x4  Data  Lc  snmp_mib2_system.o [1]
syscontact_wr           0x2000'85f4     0x4  Data  Lc  snmp_mib2_system.o [1]
syscontact_wr_len       0x2000'85f8     0x4  Data  Lc  snmp_mib2_system.o [1]
sysdescr                0x2000'0098     0x4  Data  Lc  snmp_mib2_system.o [1]
sysdescr_default         0x803'74f8     0x8  Data  Lc  snmp_mib2_system.o [1]
sysdescr_len            0x2000'85ec     0x4  Data  Lc  snmp_mib2_system.o [1]
syslocation             0x2000'00a0     0x4  Data  Lc  snmp_mib2_system.o [1]
syslocation_bufsize     0x2000'86dc     0x2  Data  Lc  snmp_mib2_system.o [1]
syslocation_default      0x801'0ef7     0x1  Data  Lc  snmp_mib2_system.o [1]
syslocation_len         0x2000'8604     0x4  Data  Lc  snmp_mib2_system.o [1]
syslocation_wr          0x2000'8608     0x4  Data  Lc  snmp_mib2_system.o [1]
syslocation_wr_len      0x2000'860c     0x4  Data  Lc  snmp_mib2_system.o [1]
syslog_init              0x801'08f5    0x3e  Code  Gb  syslog.o [1]
syslog_message          0x2000'758c   0x100  Data  Lc  syslog.o [1]
syslog_printf            0x801'0849    0xac  Code  Gb  syslog.o [1]
sysname_bufsize         0x2000'86da     0x2  Data  Lc  snmp_mib2_system.o [1]
sysname_wr              0x2000'85fc     0x4  Data  Lc  snmp_mib2_system.o [1]
sysname_wr_len          0x2000'8600     0x4  Data  Lc  snmp_mib2_system.o [1]
system_get_value         0x802'cc79   0x1b0  Code  Lc  snmp_mib2_system.o [1]
system_nodes             0x803'0e38    0x58  Data  Lc  snmp_mib2_system.o [1]
system_set_test          0x802'ce29    0x5c  Code  Lc  snmp_mib2_system.o [1]
system_set_value         0x802'ce8d    0x6a  Code  Lc  snmp_mib2_system.o [1]
tcp_abandon              0x801'8793    0xf4  Code  Gb  tcp.o [1]
tcp_abort                0x801'8887     0xa  Code  Gb  tcp.o [1]
tcp_accept               0x801'9501     0xe  Code  Gb  tcp.o [1]
tcp_accept_null          0x801'895d     0xe  Code  Lc  tcp.o [1]
tcp_active_pcbs         0x2000'8680     0x4  Data  Gb  tcp.o [1]
tcp_active_pcbs_changed
                        0x2000'8704     0x1  Data  Gb  tcp.o [1]
tcp_alloc                0x801'9369   0x10e  Code  Gb  tcp.o [1]
tcp_arg                  0x801'9487     0x8  Code  Gb  tcp.o [1]
tcp_backoff              0x803'6d1c    0x10  Data  Lc  tcp.o [1]
tcp_bind                 0x801'8891    0xcc  Code  Gb  tcp.o [1]
tcp_bound_pcbs          0x2000'8678     0x4  Data  Gb  tcp.o [1]
tcp_close                0x801'8717    0x18  Code  Gb  tcp.o [1]
tcp_close_shutdown       0x801'84f9   0x158  Code  Lc  tcp.o [1]
tcp_close_shutdown_fin   0x801'8651    0xc6  Code  Lc  tcp.o [1]
tcp_connect              0x801'8b69   0x138  Code  Gb  tcp.o [1]
tcp_create_segment       0x801'a0d9    0xfa  Code  Lc  tcp_out.o [1]
tcp_eff_send_mss_impl    0x801'9649    0x38  Code  Gb  tcp.o [1]
tcp_enqueue_flags        0x801'a95d   0x1a0  Code  Gb  tcp_out.o [1]
tcp_err                  0x801'94dd    0x24  Code  Gb  tcp.o [1]
tcp_fasttmr              0x801'90dd    0x7a  Code  Gb  tcp.o [1]
tcp_getoptbyte           0x802'0a3b    0x42  Code  Lc  tcp_in.o [1]
tcp_init                 0x801'8479     0x2  Code  Gb  tcp.o [1]
tcp_input                0x801'f139   0x608  Code  Gb  tcp_in.o [1]
tcp_input_delayed_close
                         0x801'f741    0x42  Code  Lc  tcp_in.o [1]
tcp_input_pcb           0x2000'869c     0x4  Data  Gb  tcp_in.o [1]
tcp_keepalive            0x801'b113    0x64  Code  Gb  tcp_out.o [1]
tcp_kill_prio            0x801'9275    0x4e  Code  Lc  tcp.o [1]
tcp_kill_state           0x801'92c3    0x68  Code  Lc  tcp.o [1]
tcp_kill_timewait        0x801'932b    0x34  Code  Lc  tcp.o [1]
tcp_listen_closed        0x801'84ab    0x4e  Code  Lc  tcp.o [1]
tcp_listen_input         0x801'f783   0x130  Code  Lc  tcp_in.o [1]
tcp_listen_pcbs         0x2000'867c     0x4  Data  Gb  tcp.o [1]
tcp_listen_with_backlog_and_err
                         0x801'896b    0xbe  Code  Gb  tcp.o [1]
tcp_netif_ip_addr_changed
                         0x801'96a3    0x4a  Code  Gb  tcp.o [1]
tcp_netif_ip_addr_changed_pcblist
                         0x801'9681    0x22  Code  Lc  tcp.o [1]
tcp_new_ip_type          0x801'947d     0xa  Code  Gb  tcp.o [1]
tcp_new_port             0x801'8b07    0x62  Code  Lc  tcp.o [1]
tcp_next_iss             0x801'9633    0x10  Code  Gb  tcp.o [1]
tcp_next_iss::iss       0x2000'00b8     0x4  Data  Lc  tcp.o [1]
tcp_oos_insert_segment   0x801'fec9    0x8c  Code  Lc  tcp_in.o [1]
tcp_optidx              0x2000'86e2     0x2  Data  Lc  tcp_in.o [1]
tcp_output               0x801'ab95   0x2ac  Code  Gb  tcp_out.o [1]
tcp_output_alloc_header
                         0x801'9fed    0xa2  Code  Lc  tcp_out.o [1]
tcp_output_segment       0x801'ae49    0xde  Code  Lc  tcp_out.o [1]
tcp_parseopt             0x802'0a7d    0x8a  Code  Lc  tcp_in.o [1]
tcp_pbuf_prealloc        0x801'a1d3    0x9c  Code  Lc  tcp_out.o [1]
tcp_pcb_lists            0x803'6d2c    0x10  Data  Gb  tcp.o [1]
tcp_pcb_purge            0x801'9545    0x52  Code  Gb  tcp.o [1]
tcp_pcb_remove           0x801'9597    0x9c  Code  Gb  tcp.o [1]
tcp_persist_backoff      0x803'7538     0x8  Data  Lc  tcp.o [1]
tcp_poll                 0x801'950f    0x24  Code  Gb  tcp.o [1]
tcp_port                0x2000'023e     0x2  Data  Lc  tcp.o [1]
tcp_process              0x801'f959   0x564  Code  Lc  tcp_in.o [1]
tcp_process_refused_data
                         0x801'9161    0x94  Code  Gb  tcp.o [1]
tcp_receive              0x801'ffad   0xa8e  Code  Lc  tcp_in.o [1]
tcp_recv                 0x801'948f    0x24  Code  Gb  tcp.o [1]
tcp_recv_null            0x801'924f    0x26  Code  Gb  tcp.o [1]
tcp_recved               0x801'8a8b    0x7c  Code  Gb  tcp.o [1]
tcp_remove_listener      0x801'8497    0x14  Code  Lc  tcp.o [1]
tcp_rexmit               0x801'b035    0x6e  Code  Gb  tcp_out.o [1]
tcp_rexmit_fast          0x801'b0a9    0x6a  Code  Gb  tcp_out.o [1]
tcp_rexmit_rto           0x801'aff9    0x3c  Code  Gb  tcp_out.o [1]
tcp_rst                  0x801'af2d    0xc2  Code  Gb  tcp_out.o [1]
tcp_seg_copy             0x801'9225    0x2a  Code  Gb  tcp.o [1]
tcp_seg_free             0x801'9207    0x1e  Code  Gb  tcp.o [1]
tcp_segs_free            0x801'91f5    0x12  Code  Gb  tcp.o [1]
tcp_send_empty_ack       0x801'ab15    0x80  Code  Gb  tcp_out.o [1]
tcp_send_fin             0x801'a08f    0x4a  Code  Gb  tcp_out.o [1]
tcp_sent                 0x801'94b3    0x22  Code  Gb  tcp.o [1]
tcp_shutdown             0x801'872f    0x64  Code  Gb  tcp.o [1]
tcp_slowtmr              0x801'8ccd   0x408  Code  Gb  tcp.o [1]
tcp_ticks               0x2000'8674     0x4  Data  Gb  tcp.o [1]
tcp_timer               0x2000'8705     0x1  Data  Lc  tcp.o [1]
tcp_timer_ctr           0x2000'8706     0x1  Data  Lc  tcp.o [1]
tcp_timer_needed         0x801'81ff    0x2a  Code  Gb  timeouts.o [1]
tcp_timewait_input       0x801'f8b3    0x84  Code  Lc  tcp_in.o [1]
tcp_tmr                  0x801'847b    0x1c  Code  Gb  tcp.o [1]
tcp_trigger_input_pcb_close
                         0x802'0b07     0xc  Code  Gb  tcp_in.o [1]
tcp_tw_pcbs             0x2000'8684     0x4  Data  Gb  tcp.o [1]
tcp_update_rcv_ann_wnd   0x801'8a29    0x62  Code  Gb  tcp.o [1]
tcp_write                0x801'a331   0x62c  Code  Gb  tcp_out.o [1]
tcp_write_checks         0x801'a26f    0xc2  Code  Lc  tcp_out.o [1]
tcp_zero_window_probe    0x801'b181    0xe8  Code  Gb  tcp_out.o [1]
tcphdr                  0x2000'8688     0x4  Data  Lc  tcp_in.o [1]
tcphdr_opt1len          0x2000'86e0     0x2  Data  Lc  tcp_in.o [1]
tcphdr_opt2             0x2000'868c     0x4  Data  Lc  tcp_in.o [1]
tcphdr_optlen           0x2000'86de     0x2  Data  Lc  tcp_in.o [1]
tcpip_callback_with_block
                         0x801'4c7f    0x6c  Code  Gb  tcpip.o [1]
tcpip_init               0x801'4d07    0x58  Code  Gb  tcpip.o [1]
tcpip_init_done         0x2000'86a0     0x4  Data  Lc  tcpip.o [1]
tcpip_init_done_arg     0x2000'86a4     0x4  Data  Lc  tcpip.o [1]
tcpip_inpkt              0x801'4c03    0x60  Code  Gb  tcpip.o [1]
tcpip_input              0x801'4c63    0x1c  Code  Gb  tcpip.o [1]
tcpip_send_msg_wait_sem
                         0x801'4ceb    0x1c  Code  Gb  tcpip.o [1]
tcpip_tcp_timer          0x801'81d5    0x2a  Code  Lc  timeouts.o [1]
tcpip_tcp_timer_active  0x2000'86b8     0x4  Data  Lc  timeouts.o [1]
tcpip_thread             0x801'4b69    0x9a  Code  Lc  tcpip.o [1]
tcplen                  0x2000'86e6     0x2  Data  Lc  tcp_in.o [1]
timeout_Queue           0x2000'856c     0x4  Data  Gb  main.o [1]
timeouts_last_time      0x2000'86b4     0x4  Data  Lc  timeouts.o [1]
timer_to_app            0x2000'8524     0x4  Data  Gb  flash_if.o [1]
times                   0x2000'854c     0x4  Data  Gb  LOGS.o [1]
tipaddr                 0x2000'85e8     0x4  Data  Gb  snmp_ex.o [1]
tolower                  0x802'a1d1    0x14  Code  Gb  tolower.o [2]
trap_dst                0x2000'83c8    0x10  Data  Lc  snmp_traps.o [1]
tryget_socket            0x802'c1b5    0x24  Code  Lc  sockets.o [1]
ucMaxSysCallPriority    0x2000'8701     0x1  Data  Lc  port.o [1]
udp_bind                 0x801'9e3b    0x8e  Code  Gb  udp.o [1]
udp_connect              0x801'9ec9    0x66  Code  Gb  udp.o [1]
udp_init                 0x801'9a29     0x2  Code  Gb  udp.o [1]
udp_input                0x801'9ac5   0x1d8  Code  Gb  udp.o [1]
udp_input_local_match    0x801'9a77    0x4e  Code  Lc  udp.o [1]
udp_netif_ip_addr_changed
                         0x801'9f95    0x32  Code  Gb  udp.o [1]
udp_new                  0x801'9f6b    0x22  Code  Gb  udp.o [1]
udp_new_ip_type          0x801'9f8d     0x8  Code  Gb  udp.o [1]
udp_new_port             0x801'9a2b    0x4c  Code  Lc  udp.o [1]
udp_pcbs                0x2000'86bc     0x4  Data  Gb  udp.o [1]
udp_port                0x2000'0240     0x2  Data  Lc  udp.o [1]
udp_recv                 0x801'9f2f     0x6  Code  Gb  udp.o [1]
udp_remove               0x801'9f35    0x36  Code  Gb  udp.o [1]
udp_send                 0x801'9c9d    0x16  Code  Gb  udp.o [1]
udp_sendto               0x801'9cb3    0x48  Code  Gb  udp.o [1]
udp_sendto_if            0x801'9cfb    0x46  Code  Gb  udp.o [1]
udp_sendto_if_src        0x801'9d41    0xfa  Code  Gb  udp.o [1]
ulMaxPRIGROUPValue      0x2000'85d4     0x4  Data  Lc  port.o [1]
unb64                    0x802'e284   0x100  Data  Lc  base64.o [1]
unbase64                 0x802'4cd1    0xf6  Code  Gb  base64.o [1]
uwTick                  0x2000'8624     0x4  Data  Gb  stm32f1xx_hal.o [1]
uwTickFreq              0x2000'0244     0x1  Data  Gb  stm32f1xx_hal.o [1]
uwTickPrio              0x2000'00b0     0x4  Data  Gb  stm32f1xx_hal.o [1]
uxCriticalNesting       0x2000'0088     0x4  Data  Lc  port.o [1]
uxCurrentNumberOfTasks  0x2000'8648     0x4  Data  Lc  tasks.o [1]
uxDeletedTasksWaitingCleanUp
                        0x2000'8644     0x4  Data  Lc  tasks.o [1]
uxListRemove             0x801'1887    0x26  Code  Gb  list.o [1]
uxPendedTicks           0x2000'8658     0x4  Data  Lc  tasks.o [1]
uxQueueMessagesWaiting   0x801'c1ab    0x26  Code  Gb  queue.o [1]
uxQueueMessagesWaitingFromISR
                         0x801'c1d1    0x18  Code  Gb  queue.o [1]
uxSchedulerSuspended    0x2000'8670     0x4  Data  Lc  tasks.o [1]
uxTaskNumber            0x2000'8664     0x4  Data  Lc  tasks.o [1]
uxTopReadyPriority      0x2000'8650     0x4  Data  Lc  tasks.o [1]
vApplicationGetIdleTaskMemory
                         0x801'1aad    0x18  Code  Gb  freertos.o [1]
vListInitialise          0x801'1815    0x1e  Code  Gb  list.o [1]
vListInitialiseItem      0x801'1833     0x6  Code  Gb  list.o [1]
vListInsert              0x801'1851    0x36  Code  Gb  list.o [1]
vListInsertEnd           0x801'1839    0x18  Code  Gb  list.o [1]
vPortDefineHeapRegions   0x800'dbf7    0xe4  Code  Gb  heap_5.o [1]
vPortEnterCritical       0x801'1985    0x34  Code  Gb  port.o [1]
vPortExitCritical        0x801'19b9    0x2c  Code  Gb  port.o [1]
vPortFree                0x800'db27    0x72  Code  Gb  heap_5.o [1]
vPortStartFirstTask      0x801'415f          Code  Gb  portasm.o [1]
vPortValidateInterruptPriority
                         0x801'1a0d    0x4a  Code  Gb  port.o [1]
vQueueDelete             0x801'c1e9    0x2e  Code  Gb  queue.o [1]
vQueueUnregisterQueue    0x801'c383    0x26  Code  Gb  queue.o [1]
vTaskDelay               0x800'f849    0x4c  Code  Gb  tasks.o [1]
vTaskInternalSetTimeOutState
                         0x800'fc37    0x12  Code  Gb  tasks.o [1]
vTaskMissedYield         0x800'fccb     0xa  Code  Gb  tasks.o [1]
vTaskPlaceOnEventList    0x800'fb8f    0x2e  Code  Gb  tasks.o [1]
vTaskPriorityDisinheritAfterTimeout
                         0x800'ff8d    0xb4  Code  Gb  tasks.o [1]
vTaskStartScheduler      0x800'f895    0x8e  Code  Gb  tasks.o [1]
vTaskSuspendAll          0x800'f923     0xc  Code  Gb  tasks.o [1]
vTaskSwitchContext       0x800'fb23    0x6c  Code  Gb  tasks.o [1]
vbt_tr                  0x2000'795c    0xdc  Data  Gb  snmp_ex.o [1]
vsnprintf                0x801'3529    0x3c  Code  Gb  vsnprint.o [2]
xBlockAllocatedBit      0x2000'8534     0x4  Data  Lc  heap_5.o [1]
xDelayedTaskList1       0x2000'8314    0x14  Data  Lc  tasks.o [1]
xDelayedTaskList2       0x2000'8328    0x14  Data  Lc  tasks.o [1]
xFreeBytesRemaining     0x2000'852c     0x4  Data  Gb  heap_5.o [1]
xHeapStructSize          0x803'7548     0x4  Data  Lc  heap_5.o [1]
xIdleStack              0x2000'6550   0x200  Data  Lc  freertos.o [1]
xIdleTaskHandle         0x2000'866c     0x4  Data  Lc  tasks.o [1]
xIdleTaskTCBBuffer      0x2000'806c    0x4c  Data  Lc  freertos.o [1]
xMinimumEverFreeBytesRemaining
                        0x2000'8530     0x4  Data  Gb  heap_5.o [1]
xNextTaskUnblockTime    0x2000'8668     0x4  Data  Lc  tasks.o [1]
xNumOfOverflows         0x2000'8660     0x4  Data  Lc  tasks.o [1]
xPendingReadyList       0x2000'833c    0x14  Data  Lc  tasks.o [1]
xPortStartScheduler      0x801'18f7    0x8e  Code  Gb  port.o [1]
xQueueCreateMutex        0x801'baa3    0x1a  Code  Gb  queue.o [1]
xQueueCreateMutexStatic
                         0x801'babd    0x20  Code  Gb  queue.o [1]
xQueueGenericCreate      0x801'ba19    0x50  Code  Gb  queue.o [1]
xQueueGenericCreateStatic
                         0x801'b973    0xa6  Code  Gb  queue.o [1]
xQueueGenericReset       0x801'b8e1    0x92  Code  Gb  queue.o [1]
xQueueGenericSend        0x801'badd   0x196  Code  Gb  queue.o [1]
xQueueGenericSendFromISR
                         0x801'bc73    0xde  Code  Gb  queue.o [1]
xQueueGiveFromISR        0x801'bd51    0xb8  Code  Gb  queue.o [1]
xQueueReceive            0x801'be09   0x15a  Code  Gb  queue.o [1]
xQueueReceiveFromISR     0x801'c0fd    0xae  Code  Gb  queue.o [1]
xQueueRegistry          0x2000'81d0    0x40  Data  Gb  queue.o [1]
xQueueSemaphoreTake      0x801'bf63   0x196  Code  Gb  queue.o [1]
xSchedulerRunning       0x2000'8654     0x4  Data  Lc  tasks.o [1]
xStart                  0x2000'84e8     0x8  Data  Lc  heap_5.o [1]
xSuspendedTaskList      0x2000'8364    0x14  Data  Lc  tasks.o [1]
xTaskCheckForTimeOut     0x800'fc49    0x82  Code  Gb  tasks.o [1]
xTaskCreate              0x800'f693    0x72  Code  Gb  tasks.o [1]
xTaskCreateStatic        0x800'f611    0x82  Code  Gb  tasks.o [1]
xTaskGetSchedulerState   0x800'fe15    0x20  Code  Gb  tasks.o [1]
xTaskGetTickCount        0x800'fa13     0x8  Code  Gb  tasks.o [1]
xTaskGetTickCountFromISR
                         0x800'fa1b    0x10  Code  Gb  tasks.o [1]
xTaskIncrementTick       0x800'fa2b    0xf8  Code  Gb  tasks.o [1]
xTaskPriorityDisinherit
                         0x800'fed9    0xae  Code  Gb  tasks.o [1]
xTaskPriorityInherit     0x800'fe35    0xa0  Code  Gb  tasks.o [1]
xTaskRemoveFromEventList
                         0x800'fbbd    0x7a  Code  Gb  tasks.o [1]
xTaskResumeAll           0x800'f92f    0xe4  Code  Gb  tasks.o [1]
xTasksWaitingTermination
                        0x2000'8350    0x14  Data  Lc  tasks.o [1]
xTickCount              0x2000'864c     0x4  Data  Lc  tasks.o [1]
xYieldPending           0x2000'865c     0x4  Data  Lc  tasks.o [1]


[1] = D:\ika\development\F107\test\test_app_rev0\IAR\EWARM\test_app_rev0\Obj
[2] = dl7M_tlf.a
[3] = m7M_tl.a
[4] = rt7M_tl.a
[5] = shb_l.a

  156'287 bytes of readonly  code memory
   42'233 bytes of readonly  data memory
   64'518 bytes of readwrite data memory

Errors: none
Warnings: none
