###############################################################################
#
# IAR ELF Linker V8.42.1.236/W32 for ARM                  01/Sep/2021  00:41:41
# Copyright 2007-2019 IAR Systems AB.
#
#    Output file  =
#        D:\ika\development\NETPING_PROJECT\59\smart-switch\IAR\EWARM\test_app_rev0\Exe\test_app_rev0.out
#    Map file     =
#        D:\ika\development\NETPING_PROJECT\59\smart-switch\IAR\EWARM\test_app_rev0\List\test_app_rev0.map
#    Command line =
#        -f C:\Users\ivanov\AppData\Local\Temp\EWF2D4.tmp
#        (D:\ika\development\NETPING_PROJECT\59\smart-switch\IAR\EWARM\test_app_rev0\Obj\api_lib.o
#        D:\ika\development\NETPING_PROJECT\59\smart-switch\IAR\EWARM\test_app_rev0\Obj\api_msg.o
#        D:\ika\development\NETPING_PROJECT\59\smart-switch\IAR\EWARM\test_app_rev0\Obj\app.o
#        D:\ika\development\NETPING_PROJECT\59\smart-switch\IAR\EWARM\test_app_rev0\Obj\auth.o
#        D:\ika\development\NETPING_PROJECT\59\smart-switch\IAR\EWARM\test_app_rev0\Obj\autoip.o
#        D:\ika\development\NETPING_PROJECT\59\smart-switch\IAR\EWARM\test_app_rev0\Obj\base64.o
#        D:\ika\development\NETPING_PROJECT\59\smart-switch\IAR\EWARM\test_app_rev0\Obj\ccp.o
#        D:\ika\development\NETPING_PROJECT\59\smart-switch\IAR\EWARM\test_app_rev0\Obj\chap-md5.o
#        D:\ika\development\NETPING_PROJECT\59\smart-switch\IAR\EWARM\test_app_rev0\Obj\chap-new.o
#        D:\ika\development\NETPING_PROJECT\59\smart-switch\IAR\EWARM\test_app_rev0\Obj\chap_ms.o
#        D:\ika\development\NETPING_PROJECT\59\smart-switch\IAR\EWARM\test_app_rev0\Obj\cmsis_os.o
#        D:\ika\development\NETPING_PROJECT\59\smart-switch\IAR\EWARM\test_app_rev0\Obj\crc16.o
#        D:\ika\development\NETPING_PROJECT\59\smart-switch\IAR\EWARM\test_app_rev0\Obj\croutine.o
#        D:\ika\development\NETPING_PROJECT\59\smart-switch\IAR\EWARM\test_app_rev0\Obj\def.o
#        D:\ika\development\NETPING_PROJECT\59\smart-switch\IAR\EWARM\test_app_rev0\Obj\demand.o
#        D:\ika\development\NETPING_PROJECT\59\smart-switch\IAR\EWARM\test_app_rev0\Obj\dhcp.o
#        D:\ika\development\NETPING_PROJECT\59\smart-switch\IAR\EWARM\test_app_rev0\Obj\dhcp6.o
#        D:\ika\development\NETPING_PROJECT\59\smart-switch\IAR\EWARM\test_app_rev0\Obj\dns.o
#        D:\ika\development\NETPING_PROJECT\59\smart-switch\IAR\EWARM\test_app_rev0\Obj\eap.o
#        D:\ika\development\NETPING_PROJECT\59\smart-switch\IAR\EWARM\test_app_rev0\Obj\ecp.o
#        D:\ika\development\NETPING_PROJECT\59\smart-switch\IAR\EWARM\test_app_rev0\Obj\err.o
#        D:\ika\development\NETPING_PROJECT\59\smart-switch\IAR\EWARM\test_app_rev0\Obj\etharp.o
#        D:\ika\development\NETPING_PROJECT\59\smart-switch\IAR\EWARM\test_app_rev0\Obj\ethernet.o
#        D:\ika\development\NETPING_PROJECT\59\smart-switch\IAR\EWARM\test_app_rev0\Obj\ethernetif.o
#        D:\ika\development\NETPING_PROJECT\59\smart-switch\IAR\EWARM\test_app_rev0\Obj\ethip6.o
#        D:\ika\development\NETPING_PROJECT\59\smart-switch\IAR\EWARM\test_app_rev0\Obj\eui64.o
#        D:\ika\development\NETPING_PROJECT\59\smart-switch\IAR\EWARM\test_app_rev0\Obj\event_groups.o
#        D:\ika\development\NETPING_PROJECT\59\smart-switch\IAR\EWARM\test_app_rev0\Obj\flash_if.o
#        D:\ika\development\NETPING_PROJECT\59\smart-switch\IAR\EWARM\test_app_rev0\Obj\freertos.o
#        D:\ika\development\NETPING_PROJECT\59\smart-switch\IAR\EWARM\test_app_rev0\Obj\fs.o
#        D:\ika\development\NETPING_PROJECT\59\smart-switch\IAR\EWARM\test_app_rev0\Obj\fsm.o
#        D:\ika\development\NETPING_PROJECT\59\smart-switch\IAR\EWARM\test_app_rev0\Obj\hard_config.o
#        D:\ika\development\NETPING_PROJECT\59\smart-switch\IAR\EWARM\test_app_rev0\Obj\heap_5.o
#        D:\ika\development\NETPING_PROJECT\59\smart-switch\IAR\EWARM\test_app_rev0\Obj\html_page.o
#        D:\ika\development\NETPING_PROJECT\59\smart-switch\IAR\EWARM\test_app_rev0\Obj\httpd.o
#        D:\ika\development\NETPING_PROJECT\59\smart-switch\IAR\EWARM\test_app_rev0\Obj\httpserver-netconn.o
#        D:\ika\development\NETPING_PROJECT\59\smart-switch\IAR\EWARM\test_app_rev0\Obj\icmp.o
#        D:\ika\development\NETPING_PROJECT\59\smart-switch\IAR\EWARM\test_app_rev0\Obj\icmp6.o
#        D:\ika\development\NETPING_PROJECT\59\smart-switch\IAR\EWARM\test_app_rev0\Obj\igmp.o
#        D:\ika\development\NETPING_PROJECT\59\smart-switch\IAR\EWARM\test_app_rev0\Obj\inet6.o
#        D:\ika\development\NETPING_PROJECT\59\smart-switch\IAR\EWARM\test_app_rev0\Obj\inet_chksum.o
#        D:\ika\development\NETPING_PROJECT\59\smart-switch\IAR\EWARM\test_app_rev0\Obj\init.o
#        D:\ika\development\NETPING_PROJECT\59\smart-switch\IAR\EWARM\test_app_rev0\Obj\ip.o
#        D:\ika\development\NETPING_PROJECT\59\smart-switch\IAR\EWARM\test_app_rev0\Obj\ip4.o
#        D:\ika\development\NETPING_PROJECT\59\smart-switch\IAR\EWARM\test_app_rev0\Obj\ip4_addr.o
#        D:\ika\development\NETPING_PROJECT\59\smart-switch\IAR\EWARM\test_app_rev0\Obj\ip4_frag.o
#        D:\ika\development\NETPING_PROJECT\59\smart-switch\IAR\EWARM\test_app_rev0\Obj\ip6.o
#        D:\ika\development\NETPING_PROJECT\59\smart-switch\IAR\EWARM\test_app_rev0\Obj\ip6_addr.o
#        D:\ika\development\NETPING_PROJECT\59\smart-switch\IAR\EWARM\test_app_rev0\Obj\ip6_frag.o
#        D:\ika\development\NETPING_PROJECT\59\smart-switch\IAR\EWARM\test_app_rev0\Obj\ipcp.o
#        D:\ika\development\NETPING_PROJECT\59\smart-switch\IAR\EWARM\test_app_rev0\Obj\ipv6cp.o
#        D:\ika\development\NETPING_PROJECT\59\smart-switch\IAR\EWARM\test_app_rev0\Obj\lcp.o
#        D:\ika\development\NETPING_PROJECT\59\smart-switch\IAR\EWARM\test_app_rev0\Obj\list.o
#        D:\ika\development\NETPING_PROJECT\59\smart-switch\IAR\EWARM\test_app_rev0\Obj\LOGS.o
#        D:\ika\development\NETPING_PROJECT\59\smart-switch\IAR\EWARM\test_app_rev0\Obj\lowpan6.o
#        D:\ika\development\NETPING_PROJECT\59\smart-switch\IAR\EWARM\test_app_rev0\Obj\lwip.o
#        D:\ika\development\NETPING_PROJECT\59\smart-switch\IAR\EWARM\test_app_rev0\Obj\magic.o
#        D:\ika\development\NETPING_PROJECT\59\smart-switch\IAR\EWARM\test_app_rev0\Obj\main.o
#        D:\ika\development\NETPING_PROJECT\59\smart-switch\IAR\EWARM\test_app_rev0\Obj\mem.o
#        D:\ika\development\NETPING_PROJECT\59\smart-switch\IAR\EWARM\test_app_rev0\Obj\memp.o
#        D:\ika\development\NETPING_PROJECT\59\smart-switch\IAR\EWARM\test_app_rev0\Obj\mld6.o
#        D:\ika\development\NETPING_PROJECT\59\smart-switch\IAR\EWARM\test_app_rev0\Obj\mppe.o
#        D:\ika\development\NETPING_PROJECT\59\smart-switch\IAR\EWARM\test_app_rev0\Obj\mqtt.o
#        D:\ika\development\NETPING_PROJECT\59\smart-switch\IAR\EWARM\test_app_rev0\Obj\multilink.o
#        D:\ika\development\NETPING_PROJECT\59\smart-switch\IAR\EWARM\test_app_rev0\Obj\nd6.o
#        D:\ika\development\NETPING_PROJECT\59\smart-switch\IAR\EWARM\test_app_rev0\Obj\netbuf.o
#        D:\ika\development\NETPING_PROJECT\59\smart-switch\IAR\EWARM\test_app_rev0\Obj\netdb.o
#        D:\ika\development\NETPING_PROJECT\59\smart-switch\IAR\EWARM\test_app_rev0\Obj\netif.o
#        D:\ika\development\NETPING_PROJECT\59\smart-switch\IAR\EWARM\test_app_rev0\Obj\netifapi.o
#        D:\ika\development\NETPING_PROJECT\59\smart-switch\IAR\EWARM\test_app_rev0\Obj\ntp.o
#        D:\ika\development\NETPING_PROJECT\59\smart-switch\IAR\EWARM\test_app_rev0\Obj\pbuf.o
#        D:\ika\development\NETPING_PROJECT\59\smart-switch\IAR\EWARM\test_app_rev0\Obj\ping.o
#        D:\ika\development\NETPING_PROJECT\59\smart-switch\IAR\EWARM\test_app_rev0\Obj\port.o
#        D:\ika\development\NETPING_PROJECT\59\smart-switch\IAR\EWARM\test_app_rev0\Obj\portasm.o
#        D:\ika\development\NETPING_PROJECT\59\smart-switch\IAR\EWARM\test_app_rev0\Obj\ppp.o
#        D:\ika\development\NETPING_PROJECT\59\smart-switch\IAR\EWARM\test_app_rev0\Obj\pppapi.o
#        D:\ika\development\NETPING_PROJECT\59\smart-switch\IAR\EWARM\test_app_rev0\Obj\pppcrypt.o
#        D:\ika\development\NETPING_PROJECT\59\smart-switch\IAR\EWARM\test_app_rev0\Obj\pppoe.o
#        D:\ika\development\NETPING_PROJECT\59\smart-switch\IAR\EWARM\test_app_rev0\Obj\pppol2tp.o
#        D:\ika\development\NETPING_PROJECT\59\smart-switch\IAR\EWARM\test_app_rev0\Obj\pppos.o
#        D:\ika\development\NETPING_PROJECT\59\smart-switch\IAR\EWARM\test_app_rev0\Obj\queue.o
#        D:\ika\development\NETPING_PROJECT\59\smart-switch\IAR\EWARM\test_app_rev0\Obj\raw.o
#        D:\ika\development\NETPING_PROJECT\59\smart-switch\IAR\EWARM\test_app_rev0\Obj\slipif.o
#        D:\ika\development\NETPING_PROJECT\59\smart-switch\IAR\EWARM\test_app_rev0\Obj\smtp.o
#        D:\ika\development\NETPING_PROJECT\59\smart-switch\IAR\EWARM\test_app_rev0\Obj\snmp_asn1.o
#        D:\ika\development\NETPING_PROJECT\59\smart-switch\IAR\EWARM\test_app_rev0\Obj\snmp_core.o
#        D:\ika\development\NETPING_PROJECT\59\smart-switch\IAR\EWARM\test_app_rev0\Obj\snmp_ex.o
#        D:\ika\development\NETPING_PROJECT\59\smart-switch\IAR\EWARM\test_app_rev0\Obj\snmp_mib2.o
#        D:\ika\development\NETPING_PROJECT\59\smart-switch\IAR\EWARM\test_app_rev0\Obj\snmp_mib2_system.o
#        D:\ika\development\NETPING_PROJECT\59\smart-switch\IAR\EWARM\test_app_rev0\Obj\snmp_msg.o
#        D:\ika\development\NETPING_PROJECT\59\smart-switch\IAR\EWARM\test_app_rev0\Obj\snmp_netconn.o
#        D:\ika\development\NETPING_PROJECT\59\smart-switch\IAR\EWARM\test_app_rev0\Obj\snmp_pbuf_stream.o
#        D:\ika\development\NETPING_PROJECT\59\smart-switch\IAR\EWARM\test_app_rev0\Obj\snmp_scalar.o
#        D:\ika\development\NETPING_PROJECT\59\smart-switch\IAR\EWARM\test_app_rev0\Obj\snmp_table.o
#        D:\ika\development\NETPING_PROJECT\59\smart-switch\IAR\EWARM\test_app_rev0\Obj\snmp_threadsync.o
#        D:\ika\development\NETPING_PROJECT\59\smart-switch\IAR\EWARM\test_app_rev0\Obj\snmp_traps.o
#        D:\ika\development\NETPING_PROJECT\59\smart-switch\IAR\EWARM\test_app_rev0\Obj\sockets.o
#        D:\ika\development\NETPING_PROJECT\59\smart-switch\IAR\EWARM\test_app_rev0\Obj\startup_stm32f107xc.o
#        D:\ika\development\NETPING_PROJECT\59\smart-switch\IAR\EWARM\test_app_rev0\Obj\stats.o
#        D:\ika\development\NETPING_PROJECT\59\smart-switch\IAR\EWARM\test_app_rev0\Obj\stm32f1xx_hal.o
#        D:\ika\development\NETPING_PROJECT\59\smart-switch\IAR\EWARM\test_app_rev0\Obj\stm32f1xx_hal_cortex.o
#        D:\ika\development\NETPING_PROJECT\59\smart-switch\IAR\EWARM\test_app_rev0\Obj\stm32f1xx_hal_dma.o
#        D:\ika\development\NETPING_PROJECT\59\smart-switch\IAR\EWARM\test_app_rev0\Obj\stm32f1xx_hal_eth.o
#        D:\ika\development\NETPING_PROJECT\59\smart-switch\IAR\EWARM\test_app_rev0\Obj\stm32f1xx_hal_exti.o
#        D:\ika\development\NETPING_PROJECT\59\smart-switch\IAR\EWARM\test_app_rev0\Obj\stm32f1xx_hal_flash.o
#        D:\ika\development\NETPING_PROJECT\59\smart-switch\IAR\EWARM\test_app_rev0\Obj\stm32f1xx_hal_flash_ex.o
#        D:\ika\development\NETPING_PROJECT\59\smart-switch\IAR\EWARM\test_app_rev0\Obj\stm32f1xx_hal_gpio.o
#        D:\ika\development\NETPING_PROJECT\59\smart-switch\IAR\EWARM\test_app_rev0\Obj\stm32f1xx_hal_gpio_ex.o
#        D:\ika\development\NETPING_PROJECT\59\smart-switch\IAR\EWARM\test_app_rev0\Obj\stm32f1xx_hal_iwdg.o
#        D:\ika\development\NETPING_PROJECT\59\smart-switch\IAR\EWARM\test_app_rev0\Obj\stm32f1xx_hal_msp.o
#        D:\ika\development\NETPING_PROJECT\59\smart-switch\IAR\EWARM\test_app_rev0\Obj\stm32f1xx_hal_pwr.o
#        D:\ika\development\NETPING_PROJECT\59\smart-switch\IAR\EWARM\test_app_rev0\Obj\stm32f1xx_hal_rcc.o
#        D:\ika\development\NETPING_PROJECT\59\smart-switch\IAR\EWARM\test_app_rev0\Obj\stm32f1xx_hal_rcc_ex.o
#        D:\ika\development\NETPING_PROJECT\59\smart-switch\IAR\EWARM\test_app_rev0\Obj\stm32f1xx_hal_rtc.o
#        D:\ika\development\NETPING_PROJECT\59\smart-switch\IAR\EWARM\test_app_rev0\Obj\stm32f1xx_hal_rtc_ex.o
#        D:\ika\development\NETPING_PROJECT\59\smart-switch\IAR\EWARM\test_app_rev0\Obj\stm32f1xx_hal_tim.o
#        D:\ika\development\NETPING_PROJECT\59\smart-switch\IAR\EWARM\test_app_rev0\Obj\stm32f1xx_hal_tim_ex.o
#        D:\ika\development\NETPING_PROJECT\59\smart-switch\IAR\EWARM\test_app_rev0\Obj\stm32f1xx_hal_timebase_tim.o
#        D:\ika\development\NETPING_PROJECT\59\smart-switch\IAR\EWARM\test_app_rev0\Obj\stm32f1xx_hal_uart.o
#        D:\ika\development\NETPING_PROJECT\59\smart-switch\IAR\EWARM\test_app_rev0\Obj\stm32f1xx_it.o
#        D:\ika\development\NETPING_PROJECT\59\smart-switch\IAR\EWARM\test_app_rev0\Obj\stream_buffer.o
#        D:\ika\development\NETPING_PROJECT\59\smart-switch\IAR\EWARM\test_app_rev0\Obj\sys.o
#        D:\ika\development\NETPING_PROJECT\59\smart-switch\IAR\EWARM\test_app_rev0\Obj\sys_arch.o
#        D:\ika\development\NETPING_PROJECT\59\smart-switch\IAR\EWARM\test_app_rev0\Obj\syslog.o
#        D:\ika\development\NETPING_PROJECT\59\smart-switch\IAR\EWARM\test_app_rev0\Obj\system_stm32f1xx.o
#        D:\ika\development\NETPING_PROJECT\59\smart-switch\IAR\EWARM\test_app_rev0\Obj\tasks.o
#        D:\ika\development\NETPING_PROJECT\59\smart-switch\IAR\EWARM\test_app_rev0\Obj\tcp.o
#        D:\ika\development\NETPING_PROJECT\59\smart-switch\IAR\EWARM\test_app_rev0\Obj\tcp_in.o
#        D:\ika\development\NETPING_PROJECT\59\smart-switch\IAR\EWARM\test_app_rev0\Obj\tcp_out.o
#        D:\ika\development\NETPING_PROJECT\59\smart-switch\IAR\EWARM\test_app_rev0\Obj\tcpip.o
#        D:\ika\development\NETPING_PROJECT\59\smart-switch\IAR\EWARM\test_app_rev0\Obj\timeouts.o
#        D:\ika\development\NETPING_PROJECT\59\smart-switch\IAR\EWARM\test_app_rev0\Obj\timers.o
#        D:\ika\development\NETPING_PROJECT\59\smart-switch\IAR\EWARM\test_app_rev0\Obj\udp.o
#        D:\ika\development\NETPING_PROJECT\59\smart-switch\IAR\EWARM\test_app_rev0\Obj\upap.o
#        D:\ika\development\NETPING_PROJECT\59\smart-switch\IAR\EWARM\test_app_rev0\Obj\utils.o
#        D:\ika\development\NETPING_PROJECT\59\smart-switch\IAR\EWARM\test_app_rev0\Obj\vj.o
#        --no_out_extension -o
#        D:\ika\development\NETPING_PROJECT\59\smart-switch\IAR\EWARM\test_app_rev0\Exe\test_app_rev0.out
#        --redirect _Printf=_PrintfFullNoMb --redirect _Scanf=_ScanfFullNoMb
#        --map
#        D:\ika\development\NETPING_PROJECT\59\smart-switch\IAR\EWARM\test_app_rev0\List\test_app_rev0.map
#        --config
#        D:\ika\development\NETPING_PROJECT\59\smart-switch\IAR\EWARM\stm32f103xg_flash_offset.icf
#        --semihosting --entry __iar_program_start --redirect
#        __iar_sh_stdout=__iar_sh_stdout_swo --vfe --text_out locale)
#
###############################################################################

*******************************************************************************
*** RUNTIME MODEL ATTRIBUTES
***

CppFlavor       = *
__Heap_Handler  = DLMalloc
__SystemLibrary = DLib
__dlib_version  = 6


*******************************************************************************
*** HEAP SELECTION
***

The advanced heap was selected because the application calls memory
allocation functions outside of system library functions, and there
are calls to deallocation functions in the application.


*******************************************************************************
*** PLACEMENT SUMMARY
***

"A0":  place at address 0x800'7000 { ro section .intvec };
"P1":  place in [from 0x800'7000 to 0x803'ffff] { ro };
define block CSTACK with size = 1'280, alignment = 8 { };
define block HEAP with size = 27'904, alignment = 8 { };
"P2":  place in [from 0x2000'0000 to 0x2000'ffff] {
          rw, block CSTACK, block HEAP };
initialize by copy { rw };

  Section            Kind         Address      Size  Object
  -------            ----         -------      ----  ------
"A0":                                         0x150
  .intvec            ro code   0x800'7000     0x150  startup_stm32f107xc.o [1]
                             - 0x800'7150     0x150

"P1":                                      0x3'19dd
  .text              ro code   0x800'7150    0x6484  html_page.o [1]
  .text              ro code   0x800'd5d4      0x40  sprintf.o [2]
  .text              ro code   0x800'd614      0x66  ABImemset.o [4]
  .text              ro code   0x800'd67a      0x3a  zero_init3.o [4]
  .text              ro code   0x800'd6b4      0xa6  ABImemcpy.o [4]
  .text              ro code   0x800'd75a      0x1e  strcat.o [2]
  .text              ro code   0x800'd778      0x36  strlen.o [4]
  .text              ro code   0x800'd7ae       0xa  xsprout.o [2]
  .text              ro code   0x800'd7b8     0x2c4  heap_5.o [1]
  .text              ro code   0x800'da7c     0x25c  LOGS.o [1]
  .text              ro code   0x800'dcd8     0x724  stm32f1xx_hal_rtc.o [1]
  .text              ro code   0x800'e3fc     0xfc2  xprintffull_nomb.o [2]
  .rodata            const     0x800'f3be       0x2  xlocale_c.o [2]
  .text              ro code   0x800'f3c0     0xb2c  tasks.o [1]
  .text              ro code   0x800'feec     0x6e8  flash_if.o [1]
  .text              ro code   0x801'05d4      0x30  crc16.o [1]
  .text              ro code   0x801'0604     0x100  syslog.o [1]
  .text              ro code   0x801'0704      0x9c  stm32f1xx_hal_msp.o [1]
  .text              ro code   0x801'07a0     0x37c  stm32f1xx_hal_rcc_ex.o [1]
  .text              ro code   0x801'0b1c      0x14  memset.o [4]
  .text              ro code   0x801'0b30       0xc  stm32f1xx_hal.o [1]
  .text              ro code   0x801'0b3c      0x16  strchr.o [4]
  .rodata            const     0x801'0b52       0x2  xlocale_c.o [2]
  .text              ro code   0x801'0b54      0x40  xfail_s.o [2]
  .text              ro code   0x801'0b94      0x58  memchr.o [4]
  .text              ro code   0x801'0bec      0x70  frexp.o [3]
  .text              ro code   0x801'0c5c      0x2e  DblCmpLe.o [3]
  .rodata            const     0x801'0c8a       0x1  snmp_mib2_system.o [1]
  .rodata            const     0x801'0c8b       0x1  snmp_mib2_system.o [1]
  .text              ro code   0x801'0c8c      0x2e  DblCmpGe.o [3]
  .rodata            const     0x801'0cba       0x1  xlocale_c.o [2]
  .text              ro code   0x801'0cbc     0x13a  ldexp.o [3]
  .text              ro code   0x801'0df8      0x3a  DblToS32.o [3]
  .text              ro code   0x801'0e34      0x22  S32ToDbl.o [3]
  .text              ro code   0x801'0e58      0xe2  DblSub.o [3]
  .text              ro code   0x801'0f3c     0x246  DblDiv.o [3]
  .text              ro code   0x801'1184      0x28  DblToU32.o [3]
  .text              ro code   0x801'11ac      0x1a  U32ToDbl.o [3]
  .text              ro code   0x801'11c8     0x1a2  DblMul.o [3]
  .text              ro code   0x801'136c      0x3c  xlocale_c.o [2]
  .text              ro code   0x801'13a8     0x230  I64DivMod.o [4]
  .text              ro code   0x801'15d8      0x98  list.o [1]
  .text              ro code   0x801'1670     0x200  port.o [1]
  .text              ro code   0x801'1870      0x18  freertos.o [1]
  .text              ro code   0x801'1888     0x1bc  stm32f1xx_hal_flash.o [1]
  .text              ro code   0x801'1a44     0x8bc  stm32f1xx_hal_rcc.o [1]
  .text              ro code   0x801'2300      0x58  stm32f1xx_hal.o [1]
  .text              ro code   0x801'2358      0x90  stm32f1xx_hal_timebase_tim.o [1]
  .text              ro code   0x801'23e8      0x68  stm32f1xx_hal_rtc_ex.o [1]
  .text              ro code   0x801'2450     0xaf0  stm32f1xx_hal_eth.o [1]
  .text              ro code   0x801'2f40      0xf4  stm32f1xx_hal_flash_ex.o [1]
  .text              ro code   0x801'3034     0x744  api_lib.o [1]
  .text              ro code   0x801'3778     0x1b0  netbuf.o [1]
  .text              ro code   0x801'3928     0x11c  stm32f1xx_hal_cortex.o [1]
  .text              ro code   0x801'3a44       0xc  stm32f1xx_hal_pwr.o [1]
  .text              ro code   0x801'3a50       0x6  abort.o [2]
  .text              ro code   0x801'3a58     0x16a  DblAdd.o [3]
  .text              ro code   0x801'3bc4       0x2  I64DivZer.o [4]
  CODE               ro code   0x801'3bc8      0x88  portasm.o [1]
  .text              ro code   0x801'3c50      0x1e  U64Shr.o [4]
  .text              ro code   0x801'3c6e       0x2  stm32f1xx_hal.o [1]
  .text              ro code   0x801'3c70     0x2f2  stm32f1xx_hal_tim.o [1]
  .text              ro code   0x801'3f62       0x2  stm32f1xx_hal_rtc_ex.o [1]
  .text              ro code   0x801'3f64       0x2  stm32f1xx_hal_rtc_ex.o [1]
  .text              ro code   0x801'3f68     0x6b2  ethernetif.o [1]
  .text              ro code   0x801'461a       0x2  stm32f1xx_hal_eth.o [1]
  .text              ro code   0x801'461c       0x2  stm32f1xx_hal_eth.o [1]
  .text              ro code   0x801'4620      0x28  stm32f1xx_hal.o [1]
  .text              ro code   0x801'4648     0x230  tcpip.o [1]
  .text              ro code   0x801'4878    0x1954  api_msg.o [1]
  .text              ro code   0x801'61cc      0x28  printf.o [2]
  .text              ro code   0x801'61f4     0x304  sys_arch.o [1]
  .text              ro code   0x801'64f8     0x184  memp.o [1]
  .text              ro code   0x801'667c     0xd28  pbuf.o [1]
  .text              ro code   0x801'73a4      0x14  exit.o [5]
  .text              ro code   0x801'73b8       0x2  stm32f1xx_hal_tim.o [1]
  .text              ro code   0x801'73ba       0x2  stm32f1xx_hal_tim.o [1]
  .text              ro code   0x801'73bc       0x2  stm32f1xx_hal_tim.o [1]
  .text              ro code   0x801'73c0     0x260  hard_config.o [1]
  .text              ro code   0x801'7620       0x2  stm32f1xx_hal_tim_ex.o [1]
  .text              ro code   0x801'7622       0x2  stm32f1xx_hal_tim.o [1]
  .text              ro code   0x801'7624       0x2  stm32f1xx_hal_tim_ex.o [1]
  .text              ro code   0x801'7628     0x30c  stm32f1xx_hal_gpio.o [1]
  .text              ro code   0x801'7934     0x432  cmsis_os.o [1]
  .text              ro code   0x801'7d68     0x25c  netif.o [1]
  .text              ro code   0x801'7fc4     0x254  timeouts.o [1]
  .text              ro code   0x801'8218      0x50  init.o [1]
  .text              ro code   0x801'8268    0x12f8  tcp.o [1]
  .text              ro code   0x801'9560     0x2b8  raw.o [1]
  .text              ro code   0x801'9818     0x5c4  udp.o [1]
  .text              ro code   0x801'9ddc    0x12c8  tcp_out.o [1]
  .text              ro code   0x801'b0a4       0x6  ABImemclr4.o [4]
  .text              ro code   0x801'b0ac     0x60c  mem.o [1]
  .text              ro code   0x801'b6b8      0x18  stm32f1xx_hal.o [1]
  .text              ro code   0x801'b6d0     0xad4  queue.o [1]
  .text              ro code   0x801'c1a4     0xb3c  etharp.o [1]
  .text              ro code   0x801'cce0    0x1720  dhcp.o [1]
  .text              ro code   0x801'e400       0x2  stats.o [1]
  .text              ro code   0x801'e404     0xb28  dns.o [1]
  .text              ro code   0x801'ef2c    0x1a48  tcp_in.o [1]
  .text              ro code   0x802'0974     0x514  ip4.o [1]
  .text              ro code   0x802'0e88     0x2be  ip4_addr.o [1]
  .text              ro code   0x802'1148      0xbc  def.o [1]
  .text              ro code   0x802'1204     0x3a4  icmp.o [1]
  .text              ro code   0x802'15a8      0x32  ABImemset48.o [4]
  .text              ro code   0x802'15dc     0x180  ethernet.o [1]
  .text              ro code   0x802'175c      0x9c  rand.o [2]
  .text              ro code   0x802'17f8     0x924  ip4_frag.o [1]
  .text              ro code   0x802'211c      0x68  memcmp.o [4]
  .text              ro code   0x802'2184    0x2f20  httpserver-netconn.o [1]
  .text              ro code   0x802'50a4      0x28  strncmp.o [2]
  .text              ro code   0x802'50cc      0x4e  fs.o [1]
  .text              ro code   0x802'511c      0xfc  base64.o [1]
  .text              ro code   0x802'5218      0x12  strcmp.o [4]
  .text              ro code   0x802'522c    0x159c  snmp_msg.o [1]
  .text              ro code   0x802'67c8      0xf4  snmp_netconn.o [1]
  .text              ro code   0x802'68bc     0x800  snmp_core.o [1]
  .text              ro code   0x802'70bc     0x15c  snmp_pbuf_stream.o [1]
  .text              ro code   0x802'7218     0x7fa  snmp_asn1.o [1]
  .text              ro code   0x802'7a14     0x4e0  snmp_traps.o [1]
  .text              ro code   0x802'7ef4    0x149c  dlmalloc.o [2]
  .text              ro code   0x802'9390      0x2c  xgetmemchunk.o [2]
  .text              ro code   0x802'93bc    0x10fc  app.o [1]
  .text              ro code   0x802'a4b8     0x1e8  lwip.o [1]
  .text              ro code   0x802'a6a0     0x514  ping.o [1]
  .text              ro code   0x802'abb4      0xb8  snmp_ex.o [1]
  .text              ro code   0x802'ac6c    0x1068  smtp.o [1]
  .text              ro code   0x802'bcd4       0xc  memcpy.o [4]
  .text              ro code   0x802'bce0     0xa48  sockets.o [1]
  .text              ro code   0x802'c728      0x50  snmp_threadsync.o [1]
  .text              ro code   0x802'c778     0x39c  snmp_mib2_system.o [1]
  .text              ro code   0x802'cb14      0x18  strcpy.o [4]
  .text              ro code   0x802'cb2c      0x90  iar_Stolx.o [2]
  .text              ro code   0x802'cbbc      0x2c  strstr.o [2]
  .text              ro code   0x802'cbe8      0x28  err.o [1]
  .text              ro code   0x802'cc10      0x14  isspace.o [2]
  .text              ro code   0x802'cc24     0x140  iar_Stoulx.o [2]
  .text              ro code   0x802'cd64      0x14  tolower.o [2]
  .rodata            const     0x802'cd78     0xce0  fs.o [1]
  .rodata            const     0x802'da58     0x3dc  html_page.o [1]
  .text              ro code   0x802'de34     0x2f4  ntp.o [1]
  .text              ro code   0x802'e128      0x1a  localtim.o [2]
  .text              ro code   0x802'e142       0x4  xTzoff_nop.o [2]
  .text              ro code   0x802'e148     0x10c  xttotm.o [2]
  .text              ro code   0x802'e254      0x6c  xDaysTo.o [2]
  .text              ro code   0x802'e2c0       0x6  xisdst_nop.o [2]
  .rodata            const     0x802'e2c8     0x2e4  fs.o [1]
  .rodata            const     0x802'e5ac     0x200  crc16.o [1]
  .rodata            const     0x802'e7ac     0x18c  html_page.o [1]
  .text              ro code   0x802'e938     0x168  snmp_scalar.o [1]
  .text              ro code   0x802'eaa0     0x154  main.o [1]
  .rodata            const     0x802'ebf4     0x108  html_page.o [1]
  .rodata            const     0x802'ecfc     0x100  base64.o [1]
  .rodata            const     0x802'edfc      0xf8  html_page.o [1]
  .rodata            const     0x802'eef4      0xf8  html_page.o [1]
  .rodata            const     0x802'efec      0xf8  html_page.o [1]
  .rodata            const     0x802'f0e4      0xf8  html_page.o [1]
  .rodata            const     0x802'f1dc      0xf8  html_page.o [1]
  .rodata            const     0x802'f2d4      0xf8  html_page.o [1]
  .rodata            const     0x802'f3cc      0xf8  html_page.o [1]
  .rodata            const     0x802'f4c4      0xf8  html_page.o [1]
  .rodata            const     0x802'f5bc      0xf8  html_page.o [1]
  .rodata            const     0x802'f6b4      0xf8  html_page.o [1]
  .rodata            const     0x802'f7ac      0xf8  html_page.o [1]
  .text              ro code   0x802'f8a4      0xd8  xfspos.o [2]
  .text              ro code   0x802'f97c      0xac  fflush.o [2]
  .text              ro code   0x802'fa28       0xc  xfgpos.o [2]
  .text              ro code   0x802'fa34      0x4a  lseek.o [5]
  .text              ro code   0x802'fa7e      0x10  write.o [5]
  .text              ro code   0x802'fa90      0x44  XShHandles.o [2]
  .text              ro code   0x802'fad4      0x4c  XShHandles.o [2]
  .text              ro code   0x802'fb20      0x1e  dwrite.o [5]
  .text              ro code   0x802'fb40      0x50  iarwstdswo.o [5]
  .text              ro code   0x802'fb90      0x22  iarwrite.o [5]
  .rodata            const     0x802'fbb4      0xcc  snmp_core.o [1]
  .rodata            const     0x802'fc80      0xcc  snmp_traps.o [1]
  .text              ro code   0x802'fd4c      0xb4  xfwprep.o [2]
  .text              ro code   0x802'fe00      0x24  fseek.o [2]
  .text              ro code   0x802'fe24      0x9c  xfofind.o [2]
  .text              ro code   0x802'fec0       0x4  heaptramp0.o [2]
  .rodata            const     0x802'fec4      0x94  html_page.o [1]
  .rodata            const     0x802'ff58      0x8c  html_page.o [1]
  .rodata            const     0x802'ffe4      0x88  html_page.o [1]
  .rodata            const     0x803'006c      0x88  html_page.o [1]
  .rodata            const     0x803'00f4      0x84  html_page.o [1]
  .rodata            const     0x803'0178      0x80  html_page.o [1]
  .text              ro code   0x803'01f8      0x7e  fclose.o [2]
  .text              ro code   0x803'0276      0x18  close.o [5]
  .text              ro code   0x803'028e      0x14  remove.o [5]
  .text              ro code   0x803'02a4      0x48  XShHandles.o [2]
  .rodata            const     0x803'02ec      0x7c  html_page.o [1]
  .rodata            const     0x803'0368      0x78  html_page.o [1]
  .rodata            const     0x803'03e0      0x78  html_page.o [1]
  .text              ro code   0x803'0458      0x78  lz77_init_single.o [4]
  .rodata            const     0x803'04d0      0x74  html_page.o [1]
  .rodata            const     0x803'0544      0x74  html_page.o [1]
  .rodata            const     0x803'05b8      0x74  html_page.o [1]
  .rodata            const     0x803'062c      0x74  html_page.o [1]
  .rodata            const     0x803'06a0      0x74  snmp_mib2_system.o [1]
  .rodata            const     0x803'0714      0x70  html_page.o [1]
  .rodata            const     0x803'0784      0x70  html_page.o [1]
  .rodata            const     0x803'07f4      0x70  html_page.o [1]
  .rodata            const     0x803'0864      0x70  html_page.o [1]
  .rodata            const     0x803'08d4      0x70  html_page.o [1]
  .rodata            const     0x803'0944      0x70  html_page.o [1]
  .rodata            const     0x803'09b4      0x70  snmp_netconn.o [1]
  .rodata            const     0x803'0a24      0x70  snmp_threadsync.o [1]
  .rodata            const     0x803'0a94      0x6c  html_page.o [1]
  .rodata            const     0x803'0b00      0x6c  html_page.o [1]
  .rodata            const     0x803'0b6c      0x6c  html_page.o [1]
  .rodata            const     0x803'0bd8      0x6c  ip4_addr.o [1]
  .rodata            const     0x803'0c44      0x6c  ip4_frag.o [1]
  .rodata            const     0x803'0cb0      0x6c  snmp_core.o [1]
  .rodata            const     0x803'0d1c      0x6c  snmp_msg.o [1]
  .rodata            const     0x803'0d88      0x68  dhcp.o [1]
  .rodata            const     0x803'0df0      0x68  etharp.o [1]
  .rodata            const     0x803'0e58      0x68  ethernet.o [1]
  .rodata            const     0x803'0ec0      0x68  html_page.o [1]
  .rodata            const     0x803'0f28      0x68  html_page.o [1]
  .rodata            const     0x803'0f90      0x68  icmp.o [1]
  .rodata            const     0x803'0ff8      0x68  ping.o [1]
  .rodata            const     0x803'1060      0x64  api_lib.o [1]
  .rodata            const     0x803'10c4      0x64  api_msg.o [1]
  .rodata            const     0x803'1128      0x64  html_page.o [1]
  .rodata            const     0x803'118c      0x64  html_page.o [1]
  .rodata            const     0x803'11f0      0x64  html_page.o [1]
  .rodata            const     0x803'1254      0x64  html_page.o [1]
  .rodata            const     0x803'12b8      0x64  html_page.o [1]
  .rodata            const     0x803'131c      0x64  html_page.o [1]
  .rodata            const     0x803'1380      0x64  html_page.o [1]
  .rodata            const     0x803'13e4      0x64  ip4.o [1]
  .rodata            const     0x803'1448      0x64  netbuf.o [1]
  .rodata            const     0x803'14ac      0x64  netif.o [1]
  .rodata            const     0x803'1510      0x64  sockets.o [1]
  .rodata            const     0x803'1574      0x64  tcp_in.o [1]
  .rodata            const     0x803'15d8      0x64  tcp_out.o [1]
  .rodata            const     0x803'163c      0x64  timeouts.o [1]
  .rodata            const     0x803'16a0      0x60  dns.o [1]
  .rodata            const     0x803'1700      0x60  html_page.o [1]
  .rodata            const     0x803'1760      0x60  html_page.o [1]
  .rodata            const     0x803'17c0      0x60  init.o [1]
  .rodata            const     0x803'1820      0x60  mem.o [1]
  .rodata            const     0x803'1880      0x60  memp.o [1]
  .rodata            const     0x803'18e0      0x60  pbuf.o [1]
  .rodata            const     0x803'1940      0x60  raw.o [1]
  .rodata            const     0x803'19a0      0x60  tcp.o [1]
  .rodata            const     0x803'1a00      0x60  tcpip.o [1]
  .rodata            const     0x803'1a60      0x60  udp.o [1]
  .rodata            const     0x803'1ac0      0x5c  html_page.o [1]
  .rodata            const     0x803'1b1c      0x5c  html_page.o [1]
  .rodata            const     0x803'1b78      0x58  html_page.o [1]
  .rodata            const     0x803'1bd0      0x58  html_page.o [1]
  .rodata            const     0x803'1c28      0x58  html_page.o [1]
  .rodata            const     0x803'1c80      0x58  html_page.o [1]
  .rodata            const     0x803'1cd8      0x58  html_page.o [1]
  .rodata            const     0x803'1d30      0x58  html_page.o [1]
  .rodata            const     0x803'1d88      0x58  html_page.o [1]
  .rodata            const     0x803'1de0      0x58  html_page.o [1]
  .rodata            const     0x803'1e38      0x58  html_page.o [1]
  .rodata            const     0x803'1e90      0x58  snmp_mib2_system.o [1]
  .rodata            const     0x803'1ee8      0x58  tcp_out.o [1]
  .rodata            const     0x803'1f40      0x54  html_page.o [1]
  .rodata            const     0x803'1f94      0x54  html_page.o [1]
  .text              ro code   0x803'1fe8      0x54  fputc.o [2]
  .rodata            const     0x803'203c      0x50  html_page.o [1]
  .rodata            const     0x803'208c      0x50  html_page.o [1]
  .rodata            const     0x803'20dc      0x50  html_page.o [1]
  .rodata            const     0x803'212c      0x50  html_page.o [1]
  .rodata            const     0x803'217c      0x50  html_page.o [1]
  .rodata            const     0x803'21cc      0x50  html_page.o [1]
  .rodata            const     0x803'221c      0x50  html_page.o [1]
  .rodata            const     0x803'226c      0x50  iar_Stoulx.o [2]
  .rodata            const     0x803'22bc      0x4c  ethernetif.o [1]
  .rodata            const     0x803'2308      0x4c  html_page.o [1]
  .rodata            const     0x803'2354      0x4c  html_page.o [1]
  .rodata            const     0x803'23a0      0x4c  html_page.o [1]
  .rodata            const     0x803'23ec      0x4c  html_page.o [1]
  .rodata            const     0x803'2438      0x4c  html_page.o [1]
  .rodata            const     0x803'2484      0x4c  html_page.o [1]
  .rodata            const     0x803'24d0      0x4c  html_page.o [1]
  .rodata            const     0x803'251c      0x4c  html_page.o [1]
  .rodata            const     0x803'2568      0x4c  html_page.o [1]
  .rodata            const     0x803'25b4      0x4c  html_page.o [1]
  .rodata            const     0x803'2600      0x4c  raw.o [1]
  .rodata            const     0x803'264c      0x48  dhcp.o [1]
  .rodata            const     0x803'2694      0x48  html_page.o [1]
  .rodata            const     0x803'26dc      0x48  html_page.o [1]
  .rodata            const     0x803'2724      0x48  html_page.o [1]
  .rodata            const     0x803'276c      0x48  html_page.o [1]
  .rodata            const     0x803'27b4      0x48  html_page.o [1]
  .rodata            const     0x803'27fc      0x48  html_page.o [1]
  .rodata            const     0x803'2844      0x44  dhcp.o [1]
  .rodata            const     0x803'2888      0x44  err.o [1]
  .rodata            const     0x803'28cc      0x44  etharp.o [1]
  .rodata            const     0x803'2910      0x44  html_page.o [1]
  .rodata            const     0x803'2954      0x44  html_page.o [1]
  .rodata            const     0x803'2998      0x44  html_page.o [1]
  .rodata            const     0x803'29dc      0x44  html_page.o [1]
  .rodata            const     0x803'2a20      0x44  init.o [1]
  .rodata            const     0x803'2a64      0x44  smtp.o [1]
  .rodata            const     0x803'2aa8      0x40  api_msg.o [1]
  .rodata            const     0x803'2ae8      0x40  dhcp.o [1]
  .rodata            const     0x803'2b28      0x40  dhcp.o [1]
  .rodata            const     0x803'2b68      0x40  dhcp.o [1]
  .rodata            const     0x803'2ba8      0x40  etharp.o [1]
  .rodata            const     0x803'2be8      0x40  html_page.o [1]
  .rodata            const     0x803'2c28      0x40  html_page.o [1]
  .rodata            const     0x803'2c68      0x40  html_page.o [1]
  .rodata            const     0x803'2ca8      0x40  html_page.o [1]
  .rodata            const     0x803'2ce8      0x40  html_page.o [1]
  .rodata            const     0x803'2d28      0x40  html_page.o [1]
  .rodata            const     0x803'2d68      0x40  html_page.o [1]
  .rodata            const     0x803'2da8      0x40  html_page.o [1]
  .rodata            const     0x803'2de8      0x40  html_page.o [1]
  .rodata            const     0x803'2e28      0x40  html_page.o [1]
  .rodata            const     0x803'2e68      0x40  html_page.o [1]
  .rodata            const     0x803'2ea8      0x40  html_page.o [1]
  .rodata            const     0x803'2ee8      0x40  httpserver-netconn.o [1]
  .rodata            const     0x803'2f28      0x40  smtp.o [1]
  .rodata            const     0x803'2f68      0x40  tcp_out.o [1]
  .rodata            const     0x803'2fa8      0x40  timeouts.o [1]
  .text              ro code   0x803'2fe8      0x40  stm32f1xx_it.o [1]
  .rodata            const     0x803'3028      0x3c  api_msg.o [1]
  .rodata            const     0x803'3064      0x3c  api_msg.o [1]
  .rodata            const     0x803'30a0      0x3c  dhcp.o [1]
  .rodata            const     0x803'30dc      0x3c  html_page.o [1]
  .rodata            const     0x803'3118      0x3c  html_page.o [1]
  .rodata            const     0x803'3154      0x3c  html_page.o [1]
  .rodata            const     0x803'3190      0x3c  html_page.o [1]
  .rodata            const     0x803'31cc      0x3c  html_page.o [1]
  .rodata            const     0x803'3208      0x3c  html_page.o [1]
  .rodata            const     0x803'3244      0x3c  html_page.o [1]
  .rodata            const     0x803'3280      0x3c  html_page.o [1]
  .rodata            const     0x803'32bc      0x3c  html_page.o [1]
  .rodata            const     0x803'32f8      0x3c  memp.o [1]
  .rodata            const     0x803'3334      0x3c  tcp_in.o [1]
  .rodata            const     0x803'3370      0x3c  tcp_out.o [1]
  .rodata            const     0x803'33ac      0x3c  tcp_out.o [1]
  .text              ro code   0x803'33e8      0x3c  xcloseall.o [2]
  .rodata            const     0x803'3424      0x38  html_page.o [1]
  .rodata            const     0x803'345c      0x38  html_page.o [1]
  .rodata            const     0x803'3494      0x38  html_page.o [1]
  .rodata            const     0x803'34cc      0x38  html_page.o [1]
  .rodata            const     0x803'3504      0x38  html_page.o [1]
  .rodata            const     0x803'353c      0x38  html_page.o [1]
  .rodata            const     0x803'3574      0x38  html_page.o [1]
  .rodata            const     0x803'35ac      0x38  html_page.o [1]
  .rodata            const     0x803'35e4      0x38  html_page.o [1]
  .rodata            const     0x803'361c      0x38  html_page.o [1]
  .rodata            const     0x803'3654      0x38  html_page.o [1]
  .rodata            const     0x803'368c      0x38  html_page.o [1]
  .rodata            const     0x803'36c4      0x38  html_page.o [1]
  .rodata            const     0x803'36fc      0x38  html_page.o [1]
  .rodata            const     0x803'3734      0x38  html_page.o [1]
  .rodata            const     0x803'376c      0x38  html_page.o [1]
  .rodata            const     0x803'37a4      0x38  html_page.o [1]
  .rodata            const     0x803'37dc      0x38  html_page.o [1]
  .rodata            const     0x803'3814      0x38  html_page.o [1]
  .rodata            const     0x803'384c      0x38  icmp.o [1]
  .rodata            const     0x803'3884      0x38  ip4_frag.o [1]
  .rodata            const     0x803'38bc      0x38  pbuf.o [1]
  .rodata            const     0x803'38f4      0x38  snmp_core.o [1]
  .rodata            const     0x803'392c      0x38  snmp_core.o [1]
  .rodata            const     0x803'3964      0x38  snmp_core.o [1]
  .rodata            const     0x803'399c      0x38  tcp_in.o [1]
  .rodata            const     0x803'39d4      0x38  tcp_out.o [1]
  .rodata            const     0x803'3a0c      0x38  tcp_out.o [1]
  .rodata            const     0x803'3a44      0x34  api_msg.o [1]
  .rodata            const     0x803'3a78      0x34  etharp.o [1]
  .rodata            const     0x803'3aac      0x34  ethernet.o [1]
  .rodata            const     0x803'3ae0      0x34  html_page.o [1]
  .rodata            const     0x803'3b14      0x34  html_page.o [1]
  .rodata            const     0x803'3b48      0x34  html_page.o [1]
  .rodata            const     0x803'3b7c      0x34  html_page.o [1]
  .rodata            const     0x803'3bb0      0x34  html_page.o [1]
  .rodata            const     0x803'3be4      0x34  html_page.o [1]
  .rodata            const     0x803'3c18      0x34  html_page.o [1]
  .rodata            const     0x803'3c4c      0x34  html_page.o [1]
  .rodata            const     0x803'3c80      0x34  html_page.o [1]
  .rodata            const     0x803'3cb4      0x34  html_page.o [1]
  .rodata            const     0x803'3ce8      0x34  html_page.o [1]
  .rodata            const     0x803'3d1c      0x34  html_page.o [1]
  .rodata            const     0x803'3d50      0x34  html_page.o [1]
  .rodata            const     0x803'3d84      0x34  html_page.o [1]
  .rodata            const     0x803'3db8      0x34  html_page.o [1]
  .rodata            const     0x803'3dec      0x34  html_page.o [1]
  .rodata            const     0x803'3e20      0x34  html_page.o [1]
  .rodata            const     0x803'3e54      0x34  html_page.o [1]
  .rodata            const     0x803'3e88      0x34  html_page.o [1]
  .rodata            const     0x803'3ebc      0x34  html_page.o [1]
  .rodata            const     0x803'3ef0      0x34  httpserver-netconn.o [1]
  .rodata            const     0x803'3f24      0x34  httpserver-netconn.o [1]
  .rodata            const     0x803'3f58      0x34  httpserver-netconn.o [1]
  .rodata            const     0x803'3f8c      0x34  icmp.o [1]
  .rodata            const     0x803'3fc0      0x34  pbuf.o [1]
  .rodata            const     0x803'3ff4      0x34  pbuf.o [1]
  .rodata            const     0x803'4028      0x34  tcp.o [1]
  .rodata            const     0x803'405c      0x34  tcp_out.o [1]
  .rodata            const     0x803'4090      0x34  tcp_out.o [1]
  .rodata            const     0x803'40c4      0x30  api_msg.o [1]
  .rodata            const     0x803'40f4      0x30  etharp.o [1]
  .rodata            const     0x803'4124      0x30  html_page.o [1]
  .rodata            const     0x803'4154      0x30  html_page.o [1]
  .rodata            const     0x803'4184      0x30  html_page.o [1]
  .rodata            const     0x803'41b4      0x30  html_page.o [1]
  .rodata            const     0x803'41e4      0x30  html_page.o [1]
  .rodata            const     0x803'4214      0x30  html_page.o [1]
  .rodata            const     0x803'4244      0x30  html_page.o [1]
  .rodata            const     0x803'4274      0x30  html_page.o [1]
  .rodata            const     0x803'42a4      0x30  html_page.o [1]
  .rodata            const     0x803'42d4      0x30  html_page.o [1]
  .rodata            const     0x803'4304      0x30  html_page.o [1]
  .rodata            const     0x803'4334      0x30  html_page.o [1]
  .rodata            const     0x803'4364      0x30  html_page.o [1]
  .rodata            const     0x803'4394      0x30  html_page.o [1]
  .rodata            const     0x803'43c4      0x30  html_page.o [1]
  .rodata            const     0x803'43f4      0x30  html_page.o [1]
  .rodata            const     0x803'4424      0x30  httpserver-netconn.o [1]
  .rodata            const     0x803'4454      0x30  httpserver-netconn.o [1]
  .rodata            const     0x803'4484      0x30  httpserver-netconn.o [1]
  .rodata            const     0x803'44b4      0x30  ip4.o [1]
  .rodata            const     0x803'44e4      0x30  mem.o [1]
  .rodata            const     0x803'4514      0x30  mem.o [1]
  .rodata            const     0x803'4544      0x30  pbuf.o [1]
  .rodata            const     0x803'4574      0x30  pbuf.o [1]
  .rodata            const     0x803'45a4      0x30  pbuf.o [1]
  .rodata            const     0x803'45d4      0x30  pbuf.o [1]
  .rodata            const     0x803'4604      0x30  tcp.o [1]
  .rodata            const     0x803'4634      0x30  tcp.o [1]
  .rodata            const     0x803'4664      0x30  tcp.o [1]
  .rodata            const     0x803'4694      0x30  tcp_in.o [1]
  .rodata            const     0x803'46c4      0x30  tcp_out.o [1]
  .rodata            const     0x803'46f4      0x30  tcp_out.o [1]
  .rodata            const     0x803'4724      0x30  timeouts.o [1]
  .rodata            const     0x803'4754      0x30  udp.o [1]
  .rodata            const     0x803'4784      0x2c  api_msg.o [1]
  .rodata            const     0x803'47b0      0x2c  dhcp.o [1]
  .rodata            const     0x803'47dc      0x2c  etharp.o [1]
  .rodata            const     0x803'4808      0x2c  html_page.o [1]
  .rodata            const     0x803'4834      0x2c  html_page.o [1]
  .rodata            const     0x803'4860      0x2c  html_page.o [1]
  .rodata            const     0x803'488c      0x2c  html_page.o [1]
  .rodata            const     0x803'48b8      0x2c  html_page.o [1]
  .rodata            const     0x803'48e4      0x2c  html_page.o [1]
  .rodata            const     0x803'4910      0x2c  html_page.o [1]
  .rodata            const     0x803'493c      0x2c  html_page.o [1]
  .rodata            const     0x803'4968      0x2c  html_page.o [1]
  .rodata            const     0x803'4994      0x2c  html_page.o [1]
  .rodata            const     0x803'49c0      0x2c  html_page.o [1]
  .rodata            const     0x803'49ec      0x2c  html_page.o [1]
  .rodata            const     0x803'4a18      0x2c  html_page.o [1]
  .rodata            const     0x803'4a44      0x2c  html_page.o [1]
  .rodata            const     0x803'4a70      0x2c  html_page.o [1]
  .rodata            const     0x803'4a9c      0x2c  html_page.o [1]
  .rodata            const     0x803'4ac8      0x2c  html_page.o [1]
  .rodata            const     0x803'4af4      0x2c  icmp.o [1]
  .rodata            const     0x803'4b20      0x2c  mem.o [1]
  .rodata            const     0x803'4b4c      0x2c  pbuf.o [1]
  .rodata            const     0x803'4b78      0x2c  pbuf.o [1]
  .rodata            const     0x803'4ba4      0x2c  snmp_core.o [1]
  .rodata            const     0x803'4bd0      0x2c  snmp_core.o [1]
  .rodata            const     0x803'4bfc      0x2c  snmp_msg.o [1]
  .rodata            const     0x803'4c28      0x2c  tcp.o [1]
  .rodata            const     0x803'4c54      0x2c  tcp.o [1]
  .rodata            const     0x803'4c80      0x2c  tcp.o [1]
  .rodata            const     0x803'4cac      0x2c  tcp.o [1]
  .rodata            const     0x803'4cd8      0x2c  tcp_in.o [1]
  .rodata            const     0x803'4d04      0x2c  tcp_in.o [1]
  .rodata            const     0x803'4d30      0x2c  tcp_in.o [1]
  .rodata            const     0x803'4d5c      0x2c  tcp_out.o [1]
  .rodata            const     0x803'4d88      0x2c  tcp_out.o [1]
  .rodata            const     0x803'4db4      0x28  api_lib.o [1]
  .rodata            const     0x803'4ddc      0x28  api_msg.o [1]
  .rodata            const     0x803'4e04      0x28  api_msg.o [1]
  .rodata            const     0x803'4e2c      0x28  dhcp.o [1]
  .rodata            const     0x803'4e54      0x28  dhcp.o [1]
  .rodata            const     0x803'4e7c      0x28  dhcp.o [1]
  .rodata            const     0x803'4ea4      0x28  dhcp.o [1]
  .rodata            const     0x803'4ecc      0x28  dhcp.o [1]
  .rodata            const     0x803'4ef4      0x28  dhcp.o [1]
  .rodata            const     0x803'4f1c      0x28  dns.o [1]
  .rodata            const     0x803'4f44      0x28  etharp.o [1]
  .rodata            const     0x803'4f6c      0x28  etharp.o [1]
  .rodata            const     0x803'4f94      0x28  ethernet.o [1]
  .rodata            const     0x803'4fbc      0x28  ethernetif.o [1]
  .rodata            const     0x803'4fe4      0x28  html_page.o [1]
  .rodata            const     0x803'500c      0x28  html_page.o [1]
  .rodata            const     0x803'5034      0x28  html_page.o [1]
  .rodata            const     0x803'505c      0x28  html_page.o [1]
  .rodata            const     0x803'5084      0x28  html_page.o [1]
  .rodata            const     0x803'50ac      0x28  html_page.o [1]
  .rodata            const     0x803'50d4      0x28  html_page.o [1]
  .rodata            const     0x803'50fc      0x28  html_page.o [1]
  .rodata            const     0x803'5124      0x28  html_page.o [1]
  .rodata            const     0x803'514c      0x28  html_page.o [1]
  .rodata            const     0x803'5174      0x28  html_page.o [1]
  .rodata            const     0x803'519c      0x28  html_page.o [1]
  .rodata            const     0x803'51c4      0x28  httpserver-netconn.o [1]
  .rodata            const     0x803'51ec      0x28  icmp.o [1]
  .rodata            const     0x803'5214      0x28  init.o [1]
  .rodata            const     0x803'523c      0x28  ip4.o [1]
  .rodata            const     0x803'5264      0x28  ip4_addr.o [1]
  .rodata            const     0x803'528c      0x28  ip4_frag.o [1]
  .rodata            const     0x803'52b4      0x28  ip4_frag.o [1]
  .rodata            const     0x803'52dc      0x28  mem.o [1]
  .rodata            const     0x803'5304      0x28  memp.o [1]
  .rodata            const     0x803'532c      0x28  netbuf.o [1]
  .rodata            const     0x803'5354      0x28  netif.o [1]
  .rodata            const     0x803'537c      0x28  pbuf.o [1]
  .rodata            const     0x803'53a4      0x28  ping.o [1]
  .rodata            const     0x803'53cc      0x28  raw.o [1]
  .rodata            const     0x803'53f4      0x28  raw.o [1]
  .rodata            const     0x803'541c      0x28  smtp.o [1]
  .rodata            const     0x803'5444      0x28  snmp_core.o [1]
  .rodata            const     0x803'546c      0x28  snmp_mib2_system.o [1]
  .rodata            const     0x803'5494      0x28  snmp_msg.o [1]
  .rodata            const     0x803'54bc      0x28  snmp_netconn.o [1]
  .rodata            const     0x803'54e4      0x28  snmp_threadsync.o [1]
  .rodata            const     0x803'550c      0x28  sockets.o [1]
  .rodata            const     0x803'5534      0x28  sockets.o [1]
  .rodata            const     0x803'555c      0x28  tcp.o [1]
  .rodata            const     0x803'5584      0x28  tcp.o [1]
  .rodata            const     0x803'55ac      0x28  tcp.o [1]
  .rodata            const     0x803'55d4      0x28  tcp.o [1]
  .rodata            const     0x803'55fc      0x28  tcp.o [1]
  .rodata            const     0x803'5624      0x28  tcp.o [1]
  .rodata            const     0x803'564c      0x28  tcp.o [1]
  .rodata            const     0x803'5674      0x28  tcp.o [1]
  .rodata            const     0x803'569c      0x28  tcp_in.o [1]
  .rodata            const     0x803'56c4      0x28  tcp_in.o [1]
  .rodata            const     0x803'56ec      0x28  tcp_in.o [1]
  .rodata            const     0x803'5714      0x28  tcp_in.o [1]
  .rodata            const     0x803'573c      0x28  tcp_in.o [1]
  .rodata            const     0x803'5764      0x28  tcp_out.o [1]
  .rodata            const     0x803'578c      0x28  tcp_out.o [1]
  .rodata            const     0x803'57b4      0x28  tcp_out.o [1]
  .rodata            const     0x803'57dc      0x28  tcpip.o [1]
  .rodata            const     0x803'5804      0x28  timeouts.o [1]
  .rodata            const     0x803'582c      0x28  udp.o [1]
  .text              ro code   0x803'5854      0x28  data_init.o [4]
  .rodata            const     0x803'587c      0x24  api_lib.o [1]
  .rodata            const     0x803'58a0      0x24  api_lib.o [1]
  .rodata            const     0x803'58c4      0x24  api_lib.o [1]
  .rodata            const     0x803'58e8      0x24  api_msg.o [1]
  .rodata            const     0x803'590c      0x24  api_msg.o [1]
  .rodata            const     0x803'5930      0x24  api_msg.o [1]
  .rodata            const     0x803'5954      0x24  api_msg.o [1]
  .rodata            const     0x803'5978      0x24  dhcp.o [1]
  .rodata            const     0x803'599c      0x24  dhcp.o [1]
  .rodata            const     0x803'59c0      0x24  dhcp.o [1]
  .rodata            const     0x803'59e4      0x24  etharp.o [1]
  .rodata            const     0x803'5a08      0x24  html_page.o [1]
  .rodata            const     0x803'5a2c      0x24  html_page.o [1]
  .rodata            const     0x803'5a50      0x24  html_page.o [1]
  .rodata            const     0x803'5a74      0x24  html_page.o [1]
  .rodata            const     0x803'5a98      0x24  html_page.o [1]
  .rodata            const     0x803'5abc      0x24  html_page.o [1]
  .rodata            const     0x803'5ae0      0x24  html_page.o [1]
  .rodata            const     0x803'5b04      0x24  html_page.o [1]
  .rodata            const     0x803'5b28      0x24  html_page.o [1]
  .rodata            const     0x803'5b4c      0x24  html_page.o [1]
  .rodata            const     0x803'5b70      0x24  html_page.o [1]
  .rodata            const     0x803'5b94      0x24  html_page.o [1]
  .rodata            const     0x803'5bb8      0x24  html_page.o [1]
  .rodata            const     0x803'5bdc      0x24  html_page.o [1]
  .rodata            const     0x803'5c00      0x24  httpserver-netconn.o [1]
  .rodata            const     0x803'5c24      0x24  ip4_frag.o [1]
  .rodata            const     0x803'5c48      0x24  LOGS.o [1]
  .rodata            const     0x803'5c6c      0x24  mem.o [1]
  .rodata            const     0x803'5c90      0x24  mem.o [1]
  .rodata            const     0x803'5cb4      0x24  memp.o [1]
  .rodata            const     0x803'5cd8      0x24  netbuf.o [1]
  .rodata            const     0x803'5cfc      0x24  pbuf.o [1]
  .rodata            const     0x803'5d20      0x24  pbuf.o [1]
  .rodata            const     0x803'5d44      0x24  pbuf.o [1]
  .rodata            const     0x803'5d68      0x24  snmp_core.o [1]
  .rodata            const     0x803'5d8c      0x24  snmp_mib2_system.o [1]
  .rodata            const     0x803'5db0      0x24  sockets.o [1]
  .rodata            const     0x803'5dd4      0x24  tcp.o [1]
  .rodata            const     0x803'5df8      0x24  tcp.o [1]
  .rodata            const     0x803'5e1c      0x24  tcpip.o [1]
  .rodata            const     0x803'5e40      0x24  tcpip.o [1]
  .iar.init_table    const     0x803'5e64      0x20  - Linker created -
  .rodata            const     0x803'5e84      0x20  api_lib.o [1]
  .rodata            const     0x803'5ea4      0x20  api_lib.o [1]
  .rodata            const     0x803'5ec4      0x20  api_lib.o [1]
  .rodata            const     0x803'5ee4      0x20  api_lib.o [1]
  .rodata            const     0x803'5f04      0x20  api_lib.o [1]
  .rodata            const     0x803'5f24      0x20  api_lib.o [1]
  .rodata            const     0x803'5f44      0x20  api_lib.o [1]
  .rodata            const     0x803'5f64      0x20  api_lib.o [1]
  .rodata            const     0x803'5f84      0x20  api_lib.o [1]
  .rodata            const     0x803'5fa4      0x20  api_msg.o [1]
  .rodata            const     0x803'5fc4      0x20  api_msg.o [1]
  .rodata            const     0x803'5fe4      0x20  api_msg.o [1]
  .rodata            const     0x803'6004      0x20  api_msg.o [1]
  .rodata            const     0x803'6024      0x20  api_msg.o [1]
  .rodata            const     0x803'6044      0x20  api_msg.o [1]
  .rodata            const     0x803'6064      0x20  api_msg.o [1]
  .rodata            const     0x803'6084      0x20  api_msg.o [1]
  .rodata            const     0x803'60a4      0x20  api_msg.o [1]
  .rodata            const     0x803'60c4      0x20  api_msg.o [1]
  .rodata            const     0x803'60e4      0x20  dhcp.o [1]
  .rodata            const     0x803'6104      0x20  dhcp.o [1]
  .rodata            const     0x803'6124      0x20  dhcp.o [1]
  .rodata            const     0x803'6144      0x20  dns.o [1]
  .rodata            const     0x803'6164      0x20  html_page.o [1]
  .rodata            const     0x803'6184      0x20  html_page.o [1]
  .rodata            const     0x803'61a4      0x20  html_page.o [1]
  .rodata            const     0x803'61c4      0x20  html_page.o [1]
  .rodata            const     0x803'61e4      0x20  html_page.o [1]
  .rodata            const     0x803'6204      0x20  html_page.o [1]
  .rodata            const     0x803'6224      0x20  html_page.o [1]
  .rodata            const     0x803'6244      0x20  html_page.o [1]
  .rodata            const     0x803'6264      0x20  html_page.o [1]
  .rodata            const     0x803'6284      0x20  html_page.o [1]
  .rodata            const     0x803'62a4      0x20  html_page.o [1]
  .rodata            const     0x803'62c4      0x20  html_page.o [1]
  .rodata            const     0x803'62e4      0x20  html_page.o [1]
  .rodata            const     0x803'6304      0x20  html_page.o [1]
  .rodata            const     0x803'6324      0x20  httpserver-netconn.o [1]
  .rodata            const     0x803'6344      0x20  ip4_frag.o [1]
  .rodata            const     0x803'6364      0x20  ip4_frag.o [1]
  .rodata            const     0x803'6384      0x20  ip4_frag.o [1]
  .rodata            const     0x803'63a4      0x20  mem.o [1]
  .rodata            const     0x803'63c4      0x20  memp.o [1]
  .rodata            const     0x803'63e4      0x20  memp.o [1]
  .rodata            const     0x803'6404      0x20  netbuf.o [1]
  .rodata            const     0x803'6424      0x20  pbuf.o [1]
  .rodata            const     0x803'6444      0x20  pbuf.o [1]
  .rodata            const     0x803'6464      0x20  pbuf.o [1]
  .rodata            const     0x803'6484      0x20  snmp_core.o [1]
  .rodata            const     0x803'64a4      0x20  snmp_core.o [1]
  .rodata            const     0x803'64c4      0x20  snmp_core.o [1]
  .rodata            const     0x803'64e4      0x20  snmp_core.o [1]
  .rodata            const     0x803'6504      0x20  snmp_core.o [1]
  .rodata            const     0x803'6524      0x20  sockets.o [1]
  .rodata            const     0x803'6544      0x20  tcp.o [1]
  .rodata            const     0x803'6564      0x20  tcp_in.o [1]
  .rodata            const     0x803'6584      0x20  tcp_in.o [1]
  .rodata            const     0x803'65a4      0x20  tcp_in.o [1]
  .rodata            const     0x803'65c4      0x20  tcp_in.o [1]
  .rodata            const     0x803'65e4      0x20  tcp_in.o [1]
  .rodata            const     0x803'6604      0x20  tcp_out.o [1]
  .rodata            const     0x803'6624      0x20  tcp_out.o [1]
  .rodata            const     0x803'6644      0x20  tcp_out.o [1]
  .rodata            const     0x803'6664      0x20  tcpip.o [1]
  .text              ro code   0x803'6684      0x20  snmp_mib2.o [1]
  .text              ro code   0x803'66a4      0x1e  cmain.o [4]
  .text              ro code   0x803'66c2       0x4  low_level_init.o [2]
  .text              ro code   0x803'66c6       0x4  exit.o [2]
  .text              ro code   0x803'66cc       0xe  cexit.o [4]
  .rodata            const     0x803'66dc      0x1c  api_lib.o [1]
  .rodata            const     0x803'66f8      0x1c  api_lib.o [1]
  .rodata            const     0x803'6714      0x1c  api_lib.o [1]
  .rodata            const     0x803'6730      0x1c  api_lib.o [1]
  .rodata            const     0x803'674c      0x1c  api_lib.o [1]
  .rodata            const     0x803'6768      0x1c  api_lib.o [1]
  .rodata            const     0x803'6784      0x1c  api_msg.o [1]
  .rodata            const     0x803'67a0      0x1c  api_msg.o [1]
  .rodata            const     0x803'67bc      0x1c  api_msg.o [1]
  .rodata            const     0x803'67d8      0x1c  api_msg.o [1]
  .rodata            const     0x803'67f4      0x1c  app.o [1]
  .rodata            const     0x803'6810      0x1c  dhcp.o [1]
  .rodata            const     0x803'682c      0x1c  dhcp.o [1]
  .rodata            const     0x803'6848      0x1c  dhcp.o [1]
  .rodata            const     0x803'6864      0x1c  dns.o [1]
  .rodata            const     0x803'6880      0x1c  etharp.o [1]
  .rodata            const     0x803'689c      0x1c  ethernetif.o [1]
  .rodata            const     0x803'68b8      0x1c  html_page.o [1]
  .rodata            const     0x803'68d4      0x1c  html_page.o [1]
  .rodata            const     0x803'68f0      0x1c  html_page.o [1]
  .rodata            const     0x803'690c      0x1c  html_page.o [1]
  .rodata            const     0x803'6928      0x1c  html_page.o [1]
  .rodata            const     0x803'6944      0x1c  html_page.o [1]
  .rodata            const     0x803'6960      0x1c  html_page.o [1]
  .rodata            const     0x803'697c      0x1c  html_page.o [1]
  .rodata            const     0x803'6998      0x1c  html_page.o [1]
  .rodata            const     0x803'69b4      0x1c  html_page.o [1]
  .rodata            const     0x803'69d0      0x1c  html_page.o [1]
  .rodata            const     0x803'69ec      0x1c  html_page.o [1]
  .rodata            const     0x803'6a08      0x1c  html_page.o [1]
  .rodata            const     0x803'6a24      0x1c  html_page.o [1]
  .rodata            const     0x803'6a40      0x1c  html_page.o [1]
  .rodata            const     0x803'6a5c      0x1c  html_page.o [1]
  .rodata            const     0x803'6a78      0x1c  html_page.o [1]
  .rodata            const     0x803'6a94      0x1c  html_page.o [1]
  .rodata            const     0x803'6ab0      0x1c  httpserver-netconn.o [1]
  .rodata            const     0x803'6acc      0x1c  httpserver-netconn.o [1]
  .rodata            const     0x803'6ae8      0x1c  httpserver-netconn.o [1]
  .rodata            const     0x803'6b04      0x1c  ip4_frag.o [1]
  .rodata            const     0x803'6b20      0x1c  ip4_frag.o [1]
  .rodata            const     0x803'6b3c      0x1c  ip4_frag.o [1]
  .rodata            const     0x803'6b58      0x1c  lwip.o [1]
  .rodata            const     0x803'6b74      0x1c  main.o [1]
  .rodata            const     0x803'6b90      0x1c  main.o [1]
  .rodata            const     0x803'6bac      0x1c  main.o [1]
  .rodata            const     0x803'6bc8      0x1c  main.o [1]
  .rodata            const     0x803'6be4      0x1c  main.o [1]
  .rodata            const     0x803'6c00      0x1c  main.o [1]
  .rodata            const     0x803'6c1c      0x1c  mem.o [1]
  .rodata            const     0x803'6c38      0x1c  mem.o [1]
  .rodata            const     0x803'6c54      0x1c  mem.o [1]
  .rodata            const     0x803'6c70      0x1c  mem.o [1]
  .rodata            const     0x803'6c8c      0x1c  memp.o [1]
  .rodata            const     0x803'6ca8      0x1c  netbuf.o [1]
  .rodata            const     0x803'6cc4      0x1c  netbuf.o [1]
  .rodata            const     0x803'6ce0      0x1c  netbuf.o [1]
  .rodata            const     0x803'6cfc      0x1c  netbuf.o [1]
  .rodata            const     0x803'6d18      0x1c  pbuf.o [1]
  .rodata            const     0x803'6d34      0x1c  pbuf.o [1]
  .rodata            const     0x803'6d50      0x1c  pbuf.o [1]
  .rodata            const     0x803'6d6c      0x1c  pbuf.o [1]
  .rodata            const     0x803'6d88      0x1c  pbuf.o [1]
  .rodata            const     0x803'6da4      0x1c  pbuf.o [1]
  .rodata            const     0x803'6dc0      0x1c  smtp.o [1]
  .rodata            const     0x803'6ddc      0x1c  smtp.o [1]
  .rodata            const     0x803'6df8      0x1c  smtp.o [1]
  .rodata            const     0x803'6e14      0x1c  snmp_mib2.o [1]
  .rodata            const     0x803'6e30      0x1c  snmp_netconn.o [1]
  .rodata            const     0x803'6e4c      0x1c  snmp_threadsync.o [1]
  .rodata            const     0x803'6e68      0x1c  tcp.o [1]
  .rodata            const     0x803'6e84      0x1c  tcp.o [1]
  .rodata            const     0x803'6ea0      0x1c  tcp.o [1]
  .rodata            const     0x803'6ebc      0x1c  tcp_in.o [1]
  .rodata            const     0x803'6ed8      0x1c  tcp_in.o [1]
  .rodata            const     0x803'6ef4      0x18  api_lib.o [1]
  .rodata            const     0x803'6f0c      0x18  api_msg.o [1]
  .rodata            const     0x803'6f24      0x18  api_msg.o [1]
  .rodata            const     0x803'6f3c      0x18  api_msg.o [1]
  .rodata            const     0x803'6f54      0x18  dhcp.o [1]
  .rodata            const     0x803'6f6c      0x18  dhcp.o [1]
  .rodata            const     0x803'6f84      0x18  dhcp.o [1]
  .rodata            const     0x803'6f9c      0x18  dhcp.o [1]
  .rodata            const     0x803'6fb4      0x18  dns.o [1]
  .rodata            const     0x803'6fcc      0x18  etharp.o [1]
  .rodata            const     0x803'6fe4      0x18  html_page.o [1]
  .rodata            const     0x803'6ffc      0x18  html_page.o [1]
  .rodata            const     0x803'7014      0x18  html_page.o [1]
  .rodata            const     0x803'702c      0x18  html_page.o [1]
  .rodata            const     0x803'7044      0x18  html_page.o [1]
  .rodata            const     0x803'705c      0x18  html_page.o [1]
  .rodata            const     0x803'7074      0x18  html_page.o [1]
  .rodata            const     0x803'708c      0x18  html_page.o [1]
  .rodata            const     0x803'70a4      0x18  html_page.o [1]
  .rodata            const     0x803'70bc      0x18  html_page.o [1]
  .rodata            const     0x803'70d4      0x18  html_page.o [1]
  .rodata            const     0x803'70ec      0x18  html_page.o [1]
  .rodata            const     0x803'7104      0x18  html_page.o [1]
  .rodata            const     0x803'711c      0x18  httpserver-netconn.o [1]
  .rodata            const     0x803'7134      0x18  httpserver-netconn.o [1]
  .rodata            const     0x803'714c      0x18  httpserver-netconn.o [1]
  .rodata            const     0x803'7164      0x18  httpserver-netconn.o [1]
  .rodata            const     0x803'717c      0x18  mem.o [1]
  .rodata            const     0x803'7194      0x18  mem.o [1]
  .rodata            const     0x803'71ac      0x18  mem.o [1]
  .rodata            const     0x803'71c4      0x18  netbuf.o [1]
  .rodata            const     0x803'71dc      0x18  netif.o [1]
  .rodata            const     0x803'71f4      0x18  pbuf.o [1]
  .rodata            const     0x803'720c      0x18  pbuf.o [1]
  .rodata            const     0x803'7224      0x18  pbuf.o [1]
  .rodata            const     0x803'723c      0x18  pbuf.o [1]
  .rodata            const     0x803'7254      0x18  pbuf.o [1]
  .rodata            const     0x803'726c      0x18  pbuf.o [1]
  .rodata            const     0x803'7284      0x18  pbuf.o [1]
  .rodata            const     0x803'729c      0x18  pbuf.o [1]
  .rodata            const     0x803'72b4      0x18  ping.o [1]
  .rodata            const     0x803'72cc      0x18  smtp.o [1]
  .rodata            const     0x803'72e4      0x18  smtp.o [1]
  .rodata            const     0x803'72fc      0x18  smtp.o [1]
  .rodata            const     0x803'7314      0x18  snmp_msg.o [1]
  .rodata            const     0x803'732c      0x18  snmp_threadsync.o [1]
  .rodata            const     0x803'7344      0x18  tcp.o [1]
  .rodata            const     0x803'735c      0x18  tcp.o [1]
  .rodata            const     0x803'7374      0x18  tcp.o [1]
  .rodata            const     0x803'738c      0x18  tcp_in.o [1]
  .rodata            const     0x803'73a4      0x18  tcp_out.o [1]
  .rodata            const     0x803'73bc      0x18  tcp_out.o [1]
  .rodata            const     0x803'73d4      0x18  tcp_out.o [1]
  .rodata            const     0x803'73ec      0x18  tcp_out.o [1]
  .text              ro code   0x803'7404      0x16  xprout.o [2]
  .text              ro code   0x803'741c       0xc  putchar.o [2]
  .rodata            const     0x803'7428      0x14  api_msg.o [1]
  .rodata            const     0x803'743c      0x14  api_msg.o [1]
  .rodata            const     0x803'7450      0x14  api_msg.o [1]
  .rodata            const     0x803'7464      0x14  dhcp.o [1]
  .rodata            const     0x803'7478      0x14  dhcp.o [1]
  .rodata            const     0x803'748c      0x14  dhcp.o [1]
  .rodata            const     0x803'74a0      0x14  dhcp.o [1]
  .rodata            const     0x803'74b4      0x14  dhcp.o [1]
  .rodata            const     0x803'74c8      0x14  etharp.o [1]
  .rodata            const     0x803'74dc      0x14  flash_if.o [1]
  .rodata            const     0x803'74f0      0x14  fs.o [1]
  .rodata            const     0x803'7504      0x14  fs.o [1]
  .rodata            const     0x803'7518      0x14  html_page.o [1]
  .rodata            const     0x803'752c      0x14  html_page.o [1]
  .rodata            const     0x803'7540      0x14  html_page.o [1]
  .rodata            const     0x803'7554      0x14  html_page.o [1]
  .rodata            const     0x803'7568      0x14  html_page.o [1]
  .rodata            const     0x803'757c      0x14  html_page.o [1]
  .rodata            const     0x803'7590      0x14  html_page.o [1]
  .rodata            const     0x803'75a4      0x14  html_page.o [1]
  .rodata            const     0x803'75b8      0x14  html_page.o [1]
  .rodata            const     0x803'75cc      0x14  html_page.o [1]
  .rodata            const     0x803'75e0      0x14  html_page.o [1]
  .rodata            const     0x803'75f4      0x14  html_page.o [1]
  .rodata            const     0x803'7608      0x14  html_page.o [1]
  .rodata            const     0x803'761c      0x14  html_page.o [1]
  .rodata            const     0x803'7630      0x14  html_page.o [1]
  .rodata            const     0x803'7644      0x14  html_page.o [1]
  .rodata            const     0x803'7658      0x14  html_page.o [1]
  .rodata            const     0x803'766c      0x14  html_page.o [1]
  .rodata            const     0x803'7680      0x14  html_page.o [1]
  .rodata            const     0x803'7694      0x14  html_page.o [1]
  .rodata            const     0x803'76a8      0x14  html_page.o [1]
  .rodata            const     0x803'76bc      0x14  html_page.o [1]
  .rodata            const     0x803'76d0      0x14  html_page.o [1]
  .rodata            const     0x803'76e4      0x14  httpserver-netconn.o [1]
  .rodata            const     0x803'76f8      0x14  httpserver-netconn.o [1]
  .rodata            const     0x803'770c      0x14  httpserver-netconn.o [1]
  .rodata            const     0x803'7720      0x14  httpserver-netconn.o [1]
  .rodata            const     0x803'7734      0x14  httpserver-netconn.o [1]
  .rodata            const     0x803'7748      0x14  httpserver-netconn.o [1]
  .rodata            const     0x803'775c      0x14  httpserver-netconn.o [1]
  .rodata            const     0x803'7770      0x14  httpserver-netconn.o [1]
  .rodata            const     0x803'7784      0x14  httpserver-netconn.o [1]
  .rodata            const     0x803'7798      0x14  httpserver-netconn.o [1]
  .rodata            const     0x803'77ac      0x14  httpserver-netconn.o [1]
  .rodata            const     0x803'77c0      0x14  httpserver-netconn.o [1]
  .rodata            const     0x803'77d4      0x14  httpserver-netconn.o [1]
  .rodata            const     0x803'77e8      0x14  httpserver-netconn.o [1]
  .rodata            const     0x803'77fc      0x14  httpserver-netconn.o [1]
  .rodata            const     0x803'7810      0x14  httpserver-netconn.o [1]
  .rodata            const     0x803'7824      0x14  httpserver-netconn.o [1]
  .rodata            const     0x803'7838      0x14  httpserver-netconn.o [1]
  .rodata            const     0x803'784c      0x14  httpserver-netconn.o [1]
  .rodata            const     0x803'7860      0x14  httpserver-netconn.o [1]
  .rodata            const     0x803'7874      0x14  httpserver-netconn.o [1]
  .rodata            const     0x803'7888      0x14  httpserver-netconn.o [1]
  .rodata            const     0x803'789c      0x14  ip4_frag.o [1]
  .rodata            const     0x803'78b0      0x14  mem.o [1]
  .rodata            const     0x803'78c4      0x14  pbuf.o [1]
  .rodata            const     0x803'78d8      0x14  pbuf.o [1]
  .rodata            const     0x803'78ec      0x14  pbuf.o [1]
  .rodata            const     0x803'7900      0x14  smtp.o [1]
  .rodata            const     0x803'7914      0x14  tcp_in.o [1]
  .rodata            const     0x803'7928      0x14  tcp_in.o [1]
  .rodata            const     0x803'793c      0x14  tcp_out.o [1]
  .rodata            const     0x803'7950      0x14  tcp_out.o [1]
  .rodata            const     0x803'7964      0x14  udp.o [1]
  .rodata            const     0x803'7978      0x10  api_msg.o [1]
  .rodata            const     0x803'7988      0x10  api_msg.o [1]
  .rodata            const     0x803'7998      0x10  api_msg.o [1]
  .rodata            const     0x803'79a8      0x10  app.o [1]
  .rodata            const     0x803'79b8      0x10  app.o [1]
  .rodata            const     0x803'79c8      0x10  app.o [1]
  .rodata            const     0x803'79d8      0x10  dhcp.o [1]
  .rodata            const     0x803'79e8      0x10  dhcp.o [1]
  .rodata            const     0x803'79f8      0x10  etharp.o [1]
  .rodata            const     0x803'7a08      0x10  etharp.o [1]
  .rodata            const     0x803'7a18      0x10  ethernetif.o [1]
  .rodata            const     0x803'7a28      0x10  flash_if.o [1]
  .rodata            const     0x803'7a38      0x10  flash_if.o [1]
  .rodata            const     0x803'7a48      0x10  flash_if.o [1]
  .rodata            const     0x803'7a58      0x10  html_page.o [1]
  .rodata            const     0x803'7a68      0x10  html_page.o [1]
  .rodata            const     0x803'7a78      0x10  html_page.o [1]
  .rodata            const     0x803'7a88      0x10  html_page.o [1]
  .rodata            const     0x803'7a98      0x10  html_page.o [1]
  .rodata            const     0x803'7aa8      0x10  html_page.o [1]
  .rodata            const     0x803'7ab8      0x10  html_page.o [1]
  .rodata            const     0x803'7ac8      0x10  html_page.o [1]
  .rodata            const     0x803'7ad8      0x10  html_page.o [1]
  .rodata            const     0x803'7ae8      0x10  html_page.o [1]
  .rodata            const     0x803'7af8      0x10  html_page.o [1]
  .rodata            const     0x803'7b08      0x10  html_page.o [1]
  .rodata            const     0x803'7b18      0x10  html_page.o [1]
  .rodata            const     0x803'7b28      0x10  html_page.o [1]
  .rodata            const     0x803'7b38      0x10  html_page.o [1]
  .rodata            const     0x803'7b48      0x10  html_page.o [1]
  .rodata            const     0x803'7b58      0x10  html_page.o [1]
  .rodata            const     0x803'7b68      0x10  html_page.o [1]
  .rodata            const     0x803'7b78      0x10  html_page.o [1]
  .rodata            const     0x803'7b88      0x10  html_page.o [1]
  .rodata            const     0x803'7b98      0x10  html_page.o [1]
  .rodata            const     0x803'7ba8      0x10  html_page.o [1]
  .rodata            const     0x803'7bb8      0x10  html_page.o [1]
  .rodata            const     0x803'7bc8      0x10  html_page.o [1]
  .rodata            const     0x803'7bd8      0x10  html_page.o [1]
  .rodata            const     0x803'7be8      0x10  html_page.o [1]
  .rodata            const     0x803'7bf8      0x10  html_page.o [1]
  .rodata            const     0x803'7c08      0x10  html_page.o [1]
  .rodata            const     0x803'7c18      0x10  html_page.o [1]
  .rodata            const     0x803'7c28      0x10  html_page.o [1]
  .rodata            const     0x803'7c38      0x10  html_page.o [1]
  .rodata            const     0x803'7c48      0x10  html_page.o [1]
  .rodata            const     0x803'7c58      0x10  html_page.o [1]
  .rodata            const     0x803'7c68      0x10  html_page.o [1]
  .rodata            const     0x803'7c78      0x10  httpserver-netconn.o [1]
  .rodata            const     0x803'7c88      0x10  httpserver-netconn.o [1]
  .rodata            const     0x803'7c98      0x10  httpserver-netconn.o [1]
  .rodata            const     0x803'7ca8      0x10  httpserver-netconn.o [1]
  .rodata            const     0x803'7cb8      0x10  httpserver-netconn.o [1]
  .rodata            const     0x803'7cc8      0x10  httpserver-netconn.o [1]
  .rodata            const     0x803'7cd8      0x10  httpserver-netconn.o [1]
  .rodata            const     0x803'7ce8      0x10  httpserver-netconn.o [1]
  .rodata            const     0x803'7cf8      0x10  httpserver-netconn.o [1]
  .rodata            const     0x803'7d08      0x10  httpserver-netconn.o [1]
  .rodata            const     0x803'7d18      0x10  httpserver-netconn.o [1]
  .rodata            const     0x803'7d28      0x10  httpserver-netconn.o [1]
  .rodata            const     0x803'7d38      0x10  httpserver-netconn.o [1]
  .rodata            const     0x803'7d48      0x10  httpserver-netconn.o [1]
  .rodata            const     0x803'7d58      0x10  httpserver-netconn.o [1]
  .rodata            const     0x803'7d68      0x10  httpserver-netconn.o [1]
  .rodata            const     0x803'7d78      0x10  httpserver-netconn.o [1]
  .rodata            const     0x803'7d88      0x10  httpserver-netconn.o [1]
  .rodata            const     0x803'7d98      0x10  httpserver-netconn.o [1]
  .rodata            const     0x803'7da8      0x10  httpserver-netconn.o [1]
  .rodata            const     0x803'7db8      0x10  httpserver-netconn.o [1]
  .rodata            const     0x803'7dc8      0x10  httpserver-netconn.o [1]
  .rodata            const     0x803'7dd8      0x10  httpserver-netconn.o [1]
  .rodata            const     0x803'7de8      0x10  httpserver-netconn.o [1]
  .rodata            const     0x803'7df8      0x10  httpserver-netconn.o [1]
  .rodata            const     0x803'7e08      0x10  httpserver-netconn.o [1]
  .rodata            const     0x803'7e18      0x10  httpserver-netconn.o [1]
  .rodata            const     0x803'7e28      0x10  httpserver-netconn.o [1]
  .rodata            const     0x803'7e38      0x10  httpserver-netconn.o [1]
  .rodata            const     0x803'7e48      0x10  httpserver-netconn.o [1]
  .rodata            const     0x803'7e58      0x10  ip4_frag.o [1]
  .rodata            const     0x803'7e68      0x10  main.o [1]
  .rodata            const     0x803'7e78      0x10  memp.o [1]
  .rodata            const     0x803'7e88      0x10  memp.o [1]
  .rodata            const     0x803'7e98      0x10  memp.o [1]
  .rodata            const     0x803'7ea8      0x10  memp.o [1]
  .rodata            const     0x803'7eb8      0x10  memp.o [1]
  .rodata            const     0x803'7ec8      0x10  memp.o [1]
  .rodata            const     0x803'7ed8      0x10  memp.o [1]
[...]
snmp_varbind_length      0x802'5eef   0x12c  Code  Gb  snmp_msg.o [1]
snmp_vb_enumerator_get_next
                         0x802'6501   0x2b0  Code  Gb  snmp_msg.o [1]
snmp_vb_enumerator_init
                         0x802'64ed    0x14  Code  Gb  snmp_msg.o [1]
snmp_write_callback     0x2000'8c04     0x4  Data  Gb  snmp_msg.o [1]
snmp_write_callback_arg
                        0x2000'8c08     0x4  Data  Gb  snmp_msg.o [1]
sockets                 0x2000'80c0    0xa0  Data  Lc  sockets.o [1]
sprintf                  0x800'd5d5    0x40  Code  Gb  sprintf.o [2]
start_time              0x2000'89e0     0xc  Data  Gb  flash_if.o [1]
stats_init               0x801'e401     0x2  Code  Gb  stats.o [1]
status_NTP_activ        0x2000'8cee     0x1  Data  Gb  flash_if.o [1]
strcat                   0x800'd75b    0x1e  Code  Gb  strcat.o [2]
strchr                   0x801'0b3d          Code  Gb  strchr.o [4]
strcmp                   0x802'5219          Code  Gb  strcmp.o [4]
strcpy                   0x802'cb15          Code  Gb  strcpy.o [4]
strlen                   0x800'd779          Code  Gb  strlen.o [4]
strncmp                  0x802'50a5    0x28  Code  Gb  strncmp.o [2]
strstr                   0x802'cbbd    0x2c  Code  Gb  strstr.o [2]
strtol                   0x802'cbb9     0x4  Code  Gb  iar_Stolx.o [2]
swich_mess_event         0x800'7151   0x21e  Code  Gb  html_page.o [1]
swich_mess_event_en      0x800'736f   0x20e  Code  Gb  html_page.o [1]
sys_arch_mbox_fetch      0x801'62b1    0x50  Code  Gb  sys_arch.o [1]
sys_arch_mbox_tryfetch   0x801'6301    0x24  Code  Gb  sys_arch.o [1]
sys_arch_protect         0x801'64bf    0x12  Code  Gb  sys_arch.o [1]
sys_arch_sem_wait        0x801'639d    0x44  Code  Gb  sys_arch.o [1]
sys_arch_unprotect       0x801'64d1     0xc  Code  Gb  sys_arch.o [1]
sys_check_timeouts       0x801'8115    0x68  Code  Lc  timeouts.o [1]
sys_init                 0x801'6415     0xe  Code  Gb  sys_arch.o [1]
sys_mbox_free            0x801'6245    0x2e  Code  Gb  sys_arch.o [1]
sys_mbox_new             0x801'61f5    0x50  Code  Gb  sys_arch.o [1]
sys_mbox_post            0x801'6273    0x18  Code  Gb  sys_arch.o [1]
sys_mbox_set_invalid     0x801'6333     0x6  Code  Gb  sys_arch.o [1]
sys_mbox_trypost         0x801'628b    0x26  Code  Gb  sys_arch.o [1]
sys_mbox_valid           0x801'6325     0xe  Code  Gb  sys_arch.o [1]
sys_mutex_lock           0x801'6475     0xe  Code  Gb  sys_arch.o [1]
sys_mutex_new            0x801'6423    0x52  Code  Gb  sys_arch.o [1]
sys_mutex_unlock         0x801'6483     0xa  Code  Gb  sys_arch.o [1]
sys_now                  0x801'44a7     0x8  Code  Gb  ethernetif.o [1]
sys_sem_free             0x801'63eb    0x16  Code  Gb  sys_arch.o [1]
sys_sem_new              0x801'6339    0x64  Code  Gb  sys_arch.o [1]
sys_sem_set_invalid      0x801'640f     0x6  Code  Gb  sys_arch.o [1]
sys_sem_signal           0x801'63e1     0xa  Code  Gb  sys_arch.o [1]
sys_sem_valid            0x801'6401     0xe  Code  Gb  sys_arch.o [1]
sys_thread_new           0x801'648d    0x32  Code  Gb  sys_arch.o [1]
sys_timeout              0x801'8055    0xc0  Code  Gb  timeouts.o [1]
sys_timeouts_init        0x801'802f    0x26  Code  Gb  timeouts.o [1]
sys_timeouts_mbox_fetch
                         0x801'81ad    0x3a  Code  Gb  timeouts.o [1]
sys_timeouts_sleeptime   0x801'817d    0x30  Code  Lc  timeouts.o [1]
syscontact              0x2000'009c     0x4  Data  Lc  snmp_mib2_system.o [1]
syscontact_bufsize      0x2000'8ccc     0x2  Data  Lc  snmp_mib2_system.o [1]
syscontact_default       0x801'0c8a     0x1  Data  Lc  snmp_mib2_system.o [1]
syscontact_len          0x2000'8be4     0x4  Data  Lc  snmp_mib2_system.o [1]
syscontact_wr           0x2000'8be8     0x4  Data  Lc  snmp_mib2_system.o [1]
syscontact_wr_len       0x2000'8bec     0x4  Data  Lc  snmp_mib2_system.o [1]
sysdescr                0x2000'0098     0x4  Data  Lc  snmp_mib2_system.o [1]
sysdescr_default         0x803'88a4     0x8  Data  Lc  snmp_mib2_system.o [1]
sysdescr_len            0x2000'8be0     0x4  Data  Lc  snmp_mib2_system.o [1]
syslocation             0x2000'00a0     0x4  Data  Lc  snmp_mib2_system.o [1]
syslocation_bufsize     0x2000'8cd0     0x2  Data  Lc  snmp_mib2_system.o [1]
syslocation_default      0x801'0c8b     0x1  Data  Lc  snmp_mib2_system.o [1]
syslocation_len         0x2000'8bf8     0x4  Data  Lc  snmp_mib2_system.o [1]
syslocation_wr          0x2000'8bfc     0x4  Data  Lc  snmp_mib2_system.o [1]
syslocation_wr_len      0x2000'8c00     0x4  Data  Lc  snmp_mib2_system.o [1]
syslog_init              0x801'06b3    0x3e  Code  Gb  syslog.o [1]
syslog_message          0x2000'7b70   0x100  Data  Lc  syslog.o [1]
syslog_printf            0x801'0605    0xae  Code  Gb  syslog.o [1]
sysname_bufsize         0x2000'8cce     0x2  Data  Lc  snmp_mib2_system.o [1]
sysname_wr              0x2000'8bf0     0x4  Data  Lc  snmp_mib2_system.o [1]
sysname_wr_len          0x2000'8bf4     0x4  Data  Lc  snmp_mib2_system.o [1]
system_get_value         0x802'c7df   0x1e0  Code  Lc  snmp_mib2_system.o [1]
system_nodes             0x803'1e90    0x58  Data  Lc  snmp_mib2_system.o [1]
system_set_test          0x802'c9bf    0x5c  Code  Lc  snmp_mib2_system.o [1]
system_set_value         0x802'ca21    0x6a  Code  Lc  snmp_mib2_system.o [1]
tcp_abandon              0x801'8583    0xf4  Code  Gb  tcp.o [1]
tcp_abort                0x801'8677     0xa  Code  Gb  tcp.o [1]
tcp_accept               0x801'92f1     0xe  Code  Gb  tcp.o [1]
tcp_accept_null          0x801'874d     0xe  Code  Lc  tcp.o [1]
tcp_active_pcbs         0x2000'8c74     0x4  Data  Gb  tcp.o [1]
tcp_active_pcbs_changed
                        0x2000'8cfc     0x1  Data  Gb  tcp.o [1]
tcp_alloc                0x801'9159   0x10e  Code  Gb  tcp.o [1]
tcp_arg                  0x801'9277     0x8  Code  Gb  tcp.o [1]
tcp_backoff              0x803'80b8    0x10  Data  Lc  tcp.o [1]
tcp_bind                 0x801'8681    0xcc  Code  Gb  tcp.o [1]
tcp_bound_pcbs          0x2000'8c6c     0x4  Data  Gb  tcp.o [1]
tcp_close                0x801'8507    0x18  Code  Gb  tcp.o [1]
tcp_close_shutdown       0x801'82e9   0x158  Code  Lc  tcp.o [1]
tcp_close_shutdown_fin   0x801'8441    0xc6  Code  Lc  tcp.o [1]
tcp_connect              0x801'8959   0x138  Code  Gb  tcp.o [1]
tcp_create_segment       0x801'9ec9    0xfa  Code  Lc  tcp_out.o [1]
tcp_eff_send_mss_impl    0x801'9439    0x38  Code  Gb  tcp.o [1]
tcp_enqueue_flags        0x801'a74d   0x1a0  Code  Gb  tcp_out.o [1]
tcp_err                  0x801'92cd    0x24  Code  Gb  tcp.o [1]
tcp_fasttmr              0x801'8ecd    0x7a  Code  Gb  tcp.o [1]
tcp_getoptbyte           0x802'082f    0x42  Code  Lc  tcp_in.o [1]
tcp_init                 0x801'8269     0x2  Code  Gb  tcp.o [1]
tcp_input                0x801'ef2d   0x608  Code  Gb  tcp_in.o [1]
tcp_input_delayed_close
                         0x801'f535    0x42  Code  Lc  tcp_in.o [1]
tcp_input_pcb           0x2000'8c90     0x4  Data  Gb  tcp_in.o [1]
tcp_keepalive            0x801'af03    0x64  Code  Gb  tcp_out.o [1]
tcp_kill_prio            0x801'9065    0x4e  Code  Lc  tcp.o [1]
tcp_kill_state           0x801'90b3    0x68  Code  Lc  tcp.o [1]
tcp_kill_timewait        0x801'911b    0x34  Code  Lc  tcp.o [1]
tcp_listen_closed        0x801'829b    0x4e  Code  Lc  tcp.o [1]
tcp_listen_input         0x801'f577   0x130  Code  Lc  tcp_in.o [1]
tcp_listen_pcbs         0x2000'8c70     0x4  Data  Gb  tcp.o [1]
tcp_listen_with_backlog_and_err
                         0x801'875b    0xbe  Code  Gb  tcp.o [1]
tcp_netif_ip_addr_changed
                         0x801'9493    0x4a  Code  Gb  tcp.o [1]
tcp_netif_ip_addr_changed_pcblist
                         0x801'9471    0x22  Code  Lc  tcp.o [1]
tcp_new_ip_type          0x801'926d     0xa  Code  Gb  tcp.o [1]
tcp_new_port             0x801'88f7    0x62  Code  Lc  tcp.o [1]
tcp_next_iss             0x801'9423    0x10  Code  Gb  tcp.o [1]
tcp_next_iss::iss       0x2000'00b8     0x4  Data  Lc  tcp.o [1]
tcp_oos_insert_segment   0x801'fcbd    0x8c  Code  Lc  tcp_in.o [1]
tcp_optidx              0x2000'8cd6     0x2  Data  Lc  tcp_in.o [1]
tcp_output               0x801'a985   0x2ac  Code  Gb  tcp_out.o [1]
tcp_output_alloc_header
                         0x801'9ddd    0xa2  Code  Lc  tcp_out.o [1]
tcp_output_segment       0x801'ac39    0xde  Code  Lc  tcp_out.o [1]
tcp_parseopt             0x802'0871    0x8a  Code  Lc  tcp_in.o [1]
tcp_pbuf_prealloc        0x801'9fc3    0x9c  Code  Lc  tcp_out.o [1]
tcp_pcb_lists            0x803'80c8    0x10  Data  Gb  tcp.o [1]
tcp_pcb_purge            0x801'9335    0x52  Code  Gb  tcp.o [1]
tcp_pcb_remove           0x801'9387    0x9c  Code  Gb  tcp.o [1]
tcp_persist_backoff      0x803'88ec     0x8  Data  Lc  tcp.o [1]
tcp_poll                 0x801'92ff    0x24  Code  Gb  tcp.o [1]
tcp_port                0x2000'023e     0x2  Data  Lc  tcp.o [1]
tcp_process              0x801'f74d   0x564  Code  Lc  tcp_in.o [1]
tcp_process_refused_data
                         0x801'8f51    0x94  Code  Gb  tcp.o [1]
tcp_receive              0x801'fda1   0xa8e  Code  Lc  tcp_in.o [1]
tcp_recv                 0x801'927f    0x24  Code  Gb  tcp.o [1]
tcp_recv_null            0x801'903f    0x26  Code  Gb  tcp.o [1]
tcp_recved               0x801'887b    0x7c  Code  Gb  tcp.o [1]
tcp_remove_listener      0x801'8287    0x14  Code  Lc  tcp.o [1]
tcp_rexmit               0x801'ae25    0x6e  Code  Gb  tcp_out.o [1]
tcp_rexmit_fast          0x801'ae99    0x6a  Code  Gb  tcp_out.o [1]
tcp_rexmit_rto           0x801'ade9    0x3c  Code  Gb  tcp_out.o [1]
tcp_rst                  0x801'ad1d    0xc2  Code  Gb  tcp_out.o [1]
tcp_seg_copy             0x801'9015    0x2a  Code  Gb  tcp.o [1]
tcp_seg_free             0x801'8ff7    0x1e  Code  Gb  tcp.o [1]
tcp_segs_free            0x801'8fe5    0x12  Code  Gb  tcp.o [1]
tcp_send_empty_ack       0x801'a905    0x80  Code  Gb  tcp_out.o [1]
tcp_send_fin             0x801'9e7f    0x4a  Code  Gb  tcp_out.o [1]
tcp_sent                 0x801'92a3    0x22  Code  Gb  tcp.o [1]
tcp_shutdown             0x801'851f    0x64  Code  Gb  tcp.o [1]
tcp_slowtmr              0x801'8abd   0x408  Code  Gb  tcp.o [1]
tcp_ticks               0x2000'8c68     0x4  Data  Gb  tcp.o [1]
tcp_timer               0x2000'8cfd     0x1  Data  Lc  tcp.o [1]
tcp_timer_ctr           0x2000'8cfe     0x1  Data  Lc  tcp.o [1]
tcp_timer_needed         0x801'7fef    0x2a  Code  Gb  timeouts.o [1]
tcp_timewait_input       0x801'f6a7    0x84  Code  Lc  tcp_in.o [1]
tcp_tmr                  0x801'826b    0x1c  Code  Gb  tcp.o [1]
tcp_trigger_input_pcb_close
                         0x802'08fb     0xc  Code  Gb  tcp_in.o [1]
tcp_tw_pcbs             0x2000'8c78     0x4  Data  Gb  tcp.o [1]
tcp_update_rcv_ann_wnd   0x801'8819    0x62  Code  Gb  tcp.o [1]
tcp_write                0x801'a121   0x62c  Code  Gb  tcp_out.o [1]
tcp_write_checks         0x801'a05f    0xc2  Code  Lc  tcp_out.o [1]
tcp_zero_window_probe    0x801'af71    0xe8  Code  Gb  tcp_out.o [1]
tcphdr                  0x2000'8c7c     0x4  Data  Lc  tcp_in.o [1]
tcphdr_opt1len          0x2000'8cd4     0x2  Data  Lc  tcp_in.o [1]
tcphdr_opt2             0x2000'8c80     0x4  Data  Lc  tcp_in.o [1]
tcphdr_optlen           0x2000'8cd2     0x2  Data  Lc  tcp_in.o [1]
tcpip_callback_with_block
                         0x801'475f    0x6c  Code  Gb  tcpip.o [1]
tcpip_init               0x801'47e7    0x58  Code  Gb  tcpip.o [1]
tcpip_init_done         0x2000'8c94     0x4  Data  Lc  tcpip.o [1]
tcpip_init_done_arg     0x2000'8c98     0x4  Data  Lc  tcpip.o [1]
tcpip_inpkt              0x801'46e3    0x60  Code  Gb  tcpip.o [1]
tcpip_input              0x801'4743    0x1c  Code  Gb  tcpip.o [1]
tcpip_send_msg_wait_sem
                         0x801'47cb    0x1c  Code  Gb  tcpip.o [1]
tcpip_tcp_timer          0x801'7fc5    0x2a  Code  Lc  timeouts.o [1]
tcpip_tcp_timer_active  0x2000'8cac     0x4  Data  Lc  timeouts.o [1]
tcpip_thread             0x801'4649    0x9a  Code  Lc  tcpip.o [1]
tcplen                  0x2000'8cda     0x2  Data  Lc  tcp_in.o [1]
time_run                0x2000'8ab8     0x8  Data  Gb  app.o [1]
timeout_Queue           0x2000'8b60     0x4  Data  Gb  main.o [1]
timeouts_last_time      0x2000'8ca8     0x4  Data  Lc  timeouts.o [1]
timer_to_app            0x2000'8b18     0x4  Data  Gb  flash_if.o [1]
times                   0x2000'8b40     0x4  Data  Gb  LOGS.o [1]
tipaddr                 0x2000'8bdc     0x4  Data  Gb  snmp_ex.o [1]
tolower                  0x802'cd65    0x14  Code  Gb  tolower.o [2]
trap_dst                0x2000'8ae8     0x8  Data  Lc  snmp_traps.o [1]
tryget_socket            0x802'bd11    0x24  Code  Lc  sockets.o [1]
ucMaxSysCallPriority    0x2000'8cf9     0x1  Data  Lc  port.o [1]
udp_bind                 0x801'9c2b    0x8e  Code  Gb  udp.o [1]
udp_connect              0x801'9cb9    0x66  Code  Gb  udp.o [1]
udp_init                 0x801'9819     0x2  Code  Gb  udp.o [1]
udp_input                0x801'98b5   0x1d8  Code  Gb  udp.o [1]
udp_input_local_match    0x801'9867    0x4e  Code  Lc  udp.o [1]
udp_netif_ip_addr_changed
                         0x801'9d85    0x32  Code  Gb  udp.o [1]
udp_new                  0x801'9d5b    0x22  Code  Gb  udp.o [1]
udp_new_ip_type          0x801'9d7d     0x8  Code  Gb  udp.o [1]
udp_new_port             0x801'981b    0x4c  Code  Lc  udp.o [1]
udp_pcbs                0x2000'8cb0     0x4  Data  Gb  udp.o [1]
udp_port                0x2000'0240     0x2  Data  Lc  udp.o [1]
udp_recv                 0x801'9d1f     0x6  Code  Gb  udp.o [1]
udp_remove               0x801'9d25    0x36  Code  Gb  udp.o [1]
udp_send                 0x801'9a8d    0x16  Code  Gb  udp.o [1]
udp_sendto               0x801'9aa3    0x48  Code  Gb  udp.o [1]
udp_sendto_if            0x801'9aeb    0x46  Code  Gb  udp.o [1]
udp_sendto_if_src        0x801'9b31    0xfa  Code  Gb  udp.o [1]
ulMaxPRIGROUPValue      0x2000'8bc8     0x4  Data  Lc  port.o [1]
unb64                    0x802'ecfc   0x100  Data  Lc  base64.o [1]
unbase64                 0x802'511d    0xf6  Code  Gb  base64.o [1]
uwTick                  0x2000'8c18     0x4  Data  Gb  stm32f1xx_hal.o [1]
uwTickFreq              0x2000'0244     0x1  Data  Gb  stm32f1xx_hal.o [1]
uwTickPrio              0x2000'00b0     0x4  Data  Gb  stm32f1xx_hal.o [1]
uxCriticalNesting       0x2000'0088     0x4  Data  Lc  port.o [1]
uxCurrentNumberOfTasks  0x2000'8c3c     0x4  Data  Lc  tasks.o [1]
uxDeletedTasksWaitingCleanUp
                        0x2000'8c38     0x4  Data  Lc  tasks.o [1]
uxListRemove             0x801'164b    0x26  Code  Gb  list.o [1]
uxPendedTicks           0x2000'8c4c     0x4  Data  Lc  tasks.o [1]
uxQueueMessagesWaiting   0x801'bfa3    0x26  Code  Gb  queue.o [1]
uxQueueMessagesWaitingFromISR
                         0x801'bfc9    0x18  Code  Gb  queue.o [1]
uxSchedulerSuspended    0x2000'8c64     0x4  Data  Lc  tasks.o [1]
uxTaskNumber            0x2000'8c58     0x4  Data  Lc  tasks.o [1]
uxTopReadyPriority      0x2000'8c44     0x4  Data  Lc  tasks.o [1]
vApplicationGetIdleTaskMemory
                         0x801'1871    0x18  Code  Gb  freertos.o [1]
vListInitialise          0x801'15d9    0x1e  Code  Gb  list.o [1]
vListInitialiseItem      0x801'15f7     0x6  Code  Gb  list.o [1]
vListInsert              0x801'1615    0x36  Code  Gb  list.o [1]
vListInsertEnd           0x801'15fd    0x18  Code  Gb  list.o [1]
vPortDefineHeapRegions   0x800'd97f    0xe4  Code  Gb  heap_5.o [1]
vPortEnterCritical       0x801'1749    0x34  Code  Gb  port.o [1]
vPortExitCritical        0x801'177d    0x2c  Code  Gb  port.o [1]
vPortFree                0x800'd8af    0x72  Code  Gb  heap_5.o [1]
vPortStartFirstTask      0x801'3c2f          Code  Gb  portasm.o [1]
vPortValidateInterruptPriority
                         0x801'17d1    0x4a  Code  Gb  port.o [1]
vQueueDelete             0x801'bfe1    0x2e  Code  Gb  queue.o [1]
vQueueUnregisterQueue    0x801'c17b    0x26  Code  Gb  queue.o [1]
vTaskDelay               0x800'f609    0x4c  Code  Gb  tasks.o [1]
vTaskInternalSetTimeOutState
                         0x800'fa09    0x12  Code  Gb  tasks.o [1]
vTaskMissedYield         0x800'fa9d     0xa  Code  Gb  tasks.o [1]
vTaskPlaceOnEventList    0x800'f947    0x2e  Code  Gb  tasks.o [1]
vTaskPriorityDisinheritAfterTimeout
                         0x800'fd4b    0xb4  Code  Gb  tasks.o [1]
vTaskStartScheduler      0x800'f655    0x8e  Code  Gb  tasks.o [1]
vTaskSuspendAll          0x800'f6e3     0xc  Code  Gb  tasks.o [1]
vTaskSwitchContext       0x800'f8dd    0x6a  Code  Gb  tasks.o [1]
vbt_tr                  0x2000'7f40    0xdc  Data  Gb  snmp_ex.o [1]
xBlockAllocatedBit      0x2000'8b28     0x4  Data  Lc  heap_5.o [1]
xDelayedTaskList1       0x2000'8920    0x14  Data  Lc  tasks.o [1]
xDelayedTaskList2       0x2000'8934    0x14  Data  Lc  tasks.o [1]
xFreeBytesRemaining     0x2000'8b20     0x4  Data  Gb  heap_5.o [1]
xHeapStructSize          0x803'88fc     0x4  Data  Lc  heap_5.o [1]
xIdleStack              0x2000'6b34   0x200  Data  Lc  freertos.o [1]
xIdleTaskHandle         0x2000'8c60     0x4  Data  Lc  tasks.o [1]
xIdleTaskTCBBuffer      0x2000'85b0    0x54  Data  Lc  freertos.o [1]
xMinimumEverFreeBytesRemaining
                        0x2000'8b24     0x4  Data  Gb  heap_5.o [1]
xNextTaskUnblockTime    0x2000'8c5c     0x4  Data  Lc  tasks.o [1]
xNumOfOverflows         0x2000'8c54     0x4  Data  Lc  tasks.o [1]
xPendingReadyList       0x2000'8948    0x14  Data  Lc  tasks.o [1]
xPortStartScheduler      0x801'16bb    0x8e  Code  Gb  port.o [1]
xQueueCreateMutex        0x801'b899    0x1a  Code  Gb  queue.o [1]
xQueueCreateMutexStatic
                         0x801'b8b3    0x20  Code  Gb  queue.o [1]
xQueueGenericCreate      0x801'b809    0x50  Code  Gb  queue.o [1]
xQueueGenericCreateStatic
                         0x801'b763    0xa6  Code  Gb  queue.o [1]
xQueueGenericReset       0x801'b6d1    0x92  Code  Gb  queue.o [1]
xQueueGenericSend        0x801'b8d3   0x196  Code  Gb  queue.o [1]
xQueueGenericSendFromISR
                         0x801'ba69    0xde  Code  Gb  queue.o [1]
xQueueGiveFromISR        0x801'bb47    0xb8  Code  Gb  queue.o [1]
xQueueReceive            0x801'bbff   0x15a  Code  Gb  queue.o [1]
xQueueReceiveFromISR     0x801'bef5    0xae  Code  Gb  queue.o [1]
xQueueRegistry          0x2000'87bc    0x40  Data  Gb  queue.o [1]
xQueueSemaphoreTake      0x801'bd59   0x196  Code  Gb  queue.o [1]
xSchedulerRunning       0x2000'8c48     0x4  Data  Lc  tasks.o [1]
xStart                  0x2000'8ad0     0x8  Data  Lc  heap_5.o [1]
xSuspendedTaskList      0x2000'8970    0x14  Data  Lc  tasks.o [1]
xTaskCheckForTimeOut     0x800'fa1b    0x82  Code  Gb  tasks.o [1]
xTaskCreate              0x800'f443    0x72  Code  Gb  tasks.o [1]
xTaskCreateStatic        0x800'f3c1    0x82  Code  Gb  tasks.o [1]
xTaskGetSchedulerState   0x800'fbd7    0x20  Code  Gb  tasks.o [1]
xTaskGetTickCount        0x800'f7d3     0x8  Code  Gb  tasks.o [1]
xTaskGetTickCountFromISR
                         0x800'f7db    0x10  Code  Gb  tasks.o [1]
xTaskIncrementTick       0x800'f7eb    0xf2  Code  Gb  tasks.o [1]
xTaskPriorityDisinherit
                         0x800'fc9d    0xae  Code  Gb  tasks.o [1]
xTaskPriorityInherit     0x800'fbfd    0xa0  Code  Gb  tasks.o [1]
xTaskRemoveFromEventList
                         0x800'f975    0x7a  Code  Gb  tasks.o [1]
xTaskResumeAll           0x800'f6ef    0xe4  Code  Gb  tasks.o [1]
xTasksWaitingTermination
                        0x2000'895c    0x14  Data  Lc  tasks.o [1]
xTickCount              0x2000'8c40     0x4  Data  Lc  tasks.o [1]
xYieldPending           0x2000'8c50     0x4  Data  Lc  tasks.o [1]


[1] = D:\ika\development\NETPING_PROJECT\59\smart-switch\IAR\EWARM\test_app_rev0\Obj
[2] = dl7M_tlf.a
[3] = m7M_tl.a
[4] = rt7M_tl.a
[5] = shb_l.a

  159'015 bytes of readonly  code memory
   44'550 bytes of readonly  data memory
   65'278 bytes of readwrite data memory

Errors: none
Warnings: none
