###############################################################################
#
# IAR ELF Linker V8.42.1.236/W32 for ARM                  12/Feb/2021  01:10:53
# Copyright 2007-2019 IAR Systems AB.
#
#    Output file  =
#        E:\ika\development\F107\boot1\smart-switch\test
#        app\pj4\EWARM\pj4\Exe\pj4.out
#    Map file     =
#        E:\ika\development\F107\boot1\smart-switch\test
#        app\pj4\EWARM\pj4\List\pj4.map
#    Command line =
#        -f C:\Users\ivanov\AppData\Local\Temp\EW27AE.tmp
#        ("E:\ika\development\F107\boot1\smart-switch\test
#        app\pj4\EWARM\pj4\Obj\api_lib.o"
#        "E:\ika\development\F107\boot1\smart-switch\test
#        app\pj4\EWARM\pj4\Obj\api_msg.o"
#        "E:\ika\development\F107\boot1\smart-switch\test
#        app\pj4\EWARM\pj4\Obj\auth.o"
#        "E:\ika\development\F107\boot1\smart-switch\test
#        app\pj4\EWARM\pj4\Obj\autoip.o"
#        "E:\ika\development\F107\boot1\smart-switch\test
#        app\pj4\EWARM\pj4\Obj\base64.o"
#        "E:\ika\development\F107\boot1\smart-switch\test
#        app\pj4\EWARM\pj4\Obj\ccp.o"
#        "E:\ika\development\F107\boot1\smart-switch\test
#        app\pj4\EWARM\pj4\Obj\chap-md5.o"
#        "E:\ika\development\F107\boot1\smart-switch\test
#        app\pj4\EWARM\pj4\Obj\chap-new.o"
#        "E:\ika\development\F107\boot1\smart-switch\test
#        app\pj4\EWARM\pj4\Obj\chap_ms.o"
#        "E:\ika\development\F107\boot1\smart-switch\test
#        app\pj4\EWARM\pj4\Obj\cmsis_os.o"
#        "E:\ika\development\F107\boot1\smart-switch\test
#        app\pj4\EWARM\pj4\Obj\crc16.o"
#        "E:\ika\development\F107\boot1\smart-switch\test
#        app\pj4\EWARM\pj4\Obj\croutine.o"
#        "E:\ika\development\F107\boot1\smart-switch\test
#        app\pj4\EWARM\pj4\Obj\def.o"
#        "E:\ika\development\F107\boot1\smart-switch\test
#        app\pj4\EWARM\pj4\Obj\demand.o"
#        "E:\ika\development\F107\boot1\smart-switch\test
#        app\pj4\EWARM\pj4\Obj\dhcp.o"
#        "E:\ika\development\F107\boot1\smart-switch\test
#        app\pj4\EWARM\pj4\Obj\dhcp6.o"
#        "E:\ika\development\F107\boot1\smart-switch\test
#        app\pj4\EWARM\pj4\Obj\dns.o"
#        "E:\ika\development\F107\boot1\smart-switch\test
#        app\pj4\EWARM\pj4\Obj\eap.o"
#        "E:\ika\development\F107\boot1\smart-switch\test
#        app\pj4\EWARM\pj4\Obj\ecp.o"
#        "E:\ika\development\F107\boot1\smart-switch\test
#        app\pj4\EWARM\pj4\Obj\err.o"
#        "E:\ika\development\F107\boot1\smart-switch\test
#        app\pj4\EWARM\pj4\Obj\etharp.o"
#        "E:\ika\development\F107\boot1\smart-switch\test
#        app\pj4\EWARM\pj4\Obj\ethernet.o"
#        "E:\ika\development\F107\boot1\smart-switch\test
#        app\pj4\EWARM\pj4\Obj\ethernetif.o"
#        "E:\ika\development\F107\boot1\smart-switch\test
#        app\pj4\EWARM\pj4\Obj\ethip6.o"
#        "E:\ika\development\F107\boot1\smart-switch\test
#        app\pj4\EWARM\pj4\Obj\eui64.o"
#        "E:\ika\development\F107\boot1\smart-switch\test
#        app\pj4\EWARM\pj4\Obj\event_groups.o"
#        "E:\ika\development\F107\boot1\smart-switch\test
#        app\pj4\EWARM\pj4\Obj\flash_if.o"
#        "E:\ika\development\F107\boot1\smart-switch\test
#        app\pj4\EWARM\pj4\Obj\freertos.o"
#        "E:\ika\development\F107\boot1\smart-switch\test
#        app\pj4\EWARM\pj4\Obj\fs.o"
#        "E:\ika\development\F107\boot1\smart-switch\test
#        app\pj4\EWARM\pj4\Obj\fsm.o"
#        "E:\ika\development\F107\boot1\smart-switch\test
#        app\pj4\EWARM\pj4\Obj\heap_3.o"
#        "E:\ika\development\F107\boot1\smart-switch\test
#        app\pj4\EWARM\pj4\Obj\html_page.o"
#        "E:\ika\development\F107\boot1\smart-switch\test
#        app\pj4\EWARM\pj4\Obj\httpd.o"
#        "E:\ika\development\F107\boot1\smart-switch\test
#        app\pj4\EWARM\pj4\Obj\httpserver-netconn.o"
#        "E:\ika\development\F107\boot1\smart-switch\test
#        app\pj4\EWARM\pj4\Obj\icmp.o"
#        "E:\ika\development\F107\boot1\smart-switch\test
#        app\pj4\EWARM\pj4\Obj\icmp6.o"
#        "E:\ika\development\F107\boot1\smart-switch\test
#        app\pj4\EWARM\pj4\Obj\igmp.o"
#        "E:\ika\development\F107\boot1\smart-switch\test
#        app\pj4\EWARM\pj4\Obj\inet6.o"
#        "E:\ika\development\F107\boot1\smart-switch\test
#        app\pj4\EWARM\pj4\Obj\inet_chksum.o"
#        "E:\ika\development\F107\boot1\smart-switch\test
#        app\pj4\EWARM\pj4\Obj\init.o"
#        "E:\ika\development\F107\boot1\smart-switch\test
#        app\pj4\EWARM\pj4\Obj\ip.o"
#        "E:\ika\development\F107\boot1\smart-switch\test
#        app\pj4\EWARM\pj4\Obj\ip4.o"
#        "E:\ika\development\F107\boot1\smart-switch\test
#        app\pj4\EWARM\pj4\Obj\ip4_addr.o"
#        "E:\ika\development\F107\boot1\smart-switch\test
#        app\pj4\EWARM\pj4\Obj\ip4_frag.o"
#        "E:\ika\development\F107\boot1\smart-switch\test
#        app\pj4\EWARM\pj4\Obj\ip6.o"
#        "E:\ika\development\F107\boot1\smart-switch\test
#        app\pj4\EWARM\pj4\Obj\ip6_addr.o"
#        "E:\ika\development\F107\boot1\smart-switch\test
#        app\pj4\EWARM\pj4\Obj\ip6_frag.o"
#        "E:\ika\development\F107\boot1\smart-switch\test
#        app\pj4\EWARM\pj4\Obj\ipcp.o"
#        "E:\ika\development\F107\boot1\smart-switch\test
#        app\pj4\EWARM\pj4\Obj\ipv6cp.o"
#        "E:\ika\development\F107\boot1\smart-switch\test
#        app\pj4\EWARM\pj4\Obj\lcp.o"
#        "E:\ika\development\F107\boot1\smart-switch\test
#        app\pj4\EWARM\pj4\Obj\list.o"
#        "E:\ika\development\F107\boot1\smart-switch\test
#        app\pj4\EWARM\pj4\Obj\LOGS.o"
#        "E:\ika\development\F107\boot1\smart-switch\test
#        app\pj4\EWARM\pj4\Obj\lowpan6.o"
#        "E:\ika\development\F107\boot1\smart-switch\test
#        app\pj4\EWARM\pj4\Obj\lwip.o"
#        "E:\ika\development\F107\boot1\smart-switch\test
#        app\pj4\EWARM\pj4\Obj\magic.o"
#        "E:\ika\development\F107\boot1\smart-switch\test
#        app\pj4\EWARM\pj4\Obj\main.o"
#        "E:\ika\development\F107\boot1\smart-switch\test
#        app\pj4\EWARM\pj4\Obj\mem.o"
#        "E:\ika\development\F107\boot1\smart-switch\test
#        app\pj4\EWARM\pj4\Obj\memp.o"
#        "E:\ika\development\F107\boot1\smart-switch\test
#        app\pj4\EWARM\pj4\Obj\mld6.o"
#        "E:\ika\development\F107\boot1\smart-switch\test
#        app\pj4\EWARM\pj4\Obj\mppe.o"
#        "E:\ika\development\F107\boot1\smart-switch\test
#        app\pj4\EWARM\pj4\Obj\mqtt.o"
#        "E:\ika\development\F107\boot1\smart-switch\test
#        app\pj4\EWARM\pj4\Obj\multilink.o"
#        "E:\ika\development\F107\boot1\smart-switch\test
#        app\pj4\EWARM\pj4\Obj\nd6.o"
#        "E:\ika\development\F107\boot1\smart-switch\test
#        app\pj4\EWARM\pj4\Obj\netbuf.o"
#        "E:\ika\development\F107\boot1\smart-switch\test
#        app\pj4\EWARM\pj4\Obj\netdb.o"
#        "E:\ika\development\F107\boot1\smart-switch\test
#        app\pj4\EWARM\pj4\Obj\netif.o"
#        "E:\ika\development\F107\boot1\smart-switch\test
#        app\pj4\EWARM\pj4\Obj\netifapi.o"
#        "E:\ika\development\F107\boot1\smart-switch\test
#        app\pj4\EWARM\pj4\Obj\pbuf.o"
#        "E:\ika\development\F107\boot1\smart-switch\test
#        app\pj4\EWARM\pj4\Obj\port.o"
#        "E:\ika\development\F107\boot1\smart-switch\test
#        app\pj4\EWARM\pj4\Obj\portasm.o"
#        "E:\ika\development\F107\boot1\smart-switch\test
#        app\pj4\EWARM\pj4\Obj\ppp.o"
#        "E:\ika\development\F107\boot1\smart-switch\test
#        app\pj4\EWARM\pj4\Obj\pppapi.o"
#        "E:\ika\development\F107\boot1\smart-switch\test
#        app\pj4\EWARM\pj4\Obj\pppcrypt.o"
#        "E:\ika\development\F107\boot1\smart-switch\test
#        app\pj4\EWARM\pj4\Obj\pppoe.o"
#        "E:\ika\development\F107\boot1\smart-switch\test
#        app\pj4\EWARM\pj4\Obj\pppol2tp.o"
#        "E:\ika\development\F107\boot1\smart-switch\test
#        app\pj4\EWARM\pj4\Obj\pppos.o"
#        "E:\ika\development\F107\boot1\smart-switch\test
#        app\pj4\EWARM\pj4\Obj\queue.o"
#        "E:\ika\development\F107\boot1\smart-switch\test
#        app\pj4\EWARM\pj4\Obj\raw.o"
#        "E:\ika\development\F107\boot1\smart-switch\test
#        app\pj4\EWARM\pj4\Obj\slipif.o"
#        "E:\ika\development\F107\boot1\smart-switch\test
#        app\pj4\EWARM\pj4\Obj\sockets.o"
#        "E:\ika\development\F107\boot1\smart-switch\test
#        app\pj4\EWARM\pj4\Obj\startup_stm32f107xc.o"
#        "E:\ika\development\F107\boot1\smart-switch\test
#        app\pj4\EWARM\pj4\Obj\stats.o"
#        "E:\ika\development\F107\boot1\smart-switch\test
#        app\pj4\EWARM\pj4\Obj\stm32f1xx_hal.o"
#        "E:\ika\development\F107\boot1\smart-switch\test
#        app\pj4\EWARM\pj4\Obj\stm32f1xx_hal_cortex.o"
#        "E:\ika\development\F107\boot1\smart-switch\test
#        app\pj4\EWARM\pj4\Obj\stm32f1xx_hal_dma.o"
#        "E:\ika\development\F107\boot1\smart-switch\test
#        app\pj4\EWARM\pj4\Obj\stm32f1xx_hal_eth.o"
#        "E:\ika\development\F107\boot1\smart-switch\test
#        app\pj4\EWARM\pj4\Obj\stm32f1xx_hal_exti.o"
#        "E:\ika\development\F107\boot1\smart-switch\test
#        app\pj4\EWARM\pj4\Obj\stm32f1xx_hal_flash.o"
#        "E:\ika\development\F107\boot1\smart-switch\test
#        app\pj4\EWARM\pj4\Obj\stm32f1xx_hal_flash_ex.o"
#        "E:\ika\development\F107\boot1\smart-switch\test
#        app\pj4\EWARM\pj4\Obj\stm32f1xx_hal_gpio.o"
#        "E:\ika\development\F107\boot1\smart-switch\test
#        app\pj4\EWARM\pj4\Obj\stm32f1xx_hal_gpio_ex.o"
#        "E:\ika\development\F107\boot1\smart-switch\test
#        app\pj4\EWARM\pj4\Obj\stm32f1xx_hal_msp.o"
#        "E:\ika\development\F107\boot1\smart-switch\test
#        app\pj4\EWARM\pj4\Obj\stm32f1xx_hal_pwr.o"
#        "E:\ika\development\F107\boot1\smart-switch\test
#        app\pj4\EWARM\pj4\Obj\stm32f1xx_hal_rcc.o"
#        "E:\ika\development\F107\boot1\smart-switch\test
#        app\pj4\EWARM\pj4\Obj\stm32f1xx_hal_rcc_ex.o"
#        "E:\ika\development\F107\boot1\smart-switch\test
#        app\pj4\EWARM\pj4\Obj\stm32f1xx_hal_rtc.o"
#        "E:\ika\development\F107\boot1\smart-switch\test
#        app\pj4\EWARM\pj4\Obj\stm32f1xx_hal_rtc_ex.o"
#        "E:\ika\development\F107\boot1\smart-switch\test
#        app\pj4\EWARM\pj4\Obj\stm32f1xx_hal_tim.o"
#        "E:\ika\development\F107\boot1\smart-switch\test
#        app\pj4\EWARM\pj4\Obj\stm32f1xx_hal_tim_ex.o"
#        "E:\ika\development\F107\boot1\smart-switch\test
#        app\pj4\EWARM\pj4\Obj\stm32f1xx_hal_timebase_tim.o"
#        "E:\ika\development\F107\boot1\smart-switch\test
#        app\pj4\EWARM\pj4\Obj\stm32f1xx_it.o"
#        "E:\ika\development\F107\boot1\smart-switch\test
#        app\pj4\EWARM\pj4\Obj\stream_buffer.o"
#        "E:\ika\development\F107\boot1\smart-switch\test
#        app\pj4\EWARM\pj4\Obj\sys.o"
#        "E:\ika\development\F107\boot1\smart-switch\test
#        app\pj4\EWARM\pj4\Obj\sys_arch.o"
#        "E:\ika\development\F107\boot1\smart-switch\test
#        app\pj4\EWARM\pj4\Obj\system_stm32f1xx.o"
#        "E:\ika\development\F107\boot1\smart-switch\test
#        app\pj4\EWARM\pj4\Obj\tasks.o"
#        "E:\ika\development\F107\boot1\smart-switch\test
#        app\pj4\EWARM\pj4\Obj\tcp.o"
#        "E:\ika\development\F107\boot1\smart-switch\test
#        app\pj4\EWARM\pj4\Obj\tcp_in.o"
#        "E:\ika\development\F107\boot1\smart-switch\test
#        app\pj4\EWARM\pj4\Obj\tcp_out.o"
#        "E:\ika\development\F107\boot1\smart-switch\test
#        app\pj4\EWARM\pj4\Obj\tcpip.o"
#        "E:\ika\development\F107\boot1\smart-switch\test
#        app\pj4\EWARM\pj4\Obj\timeouts.o"
#        "E:\ika\development\F107\boot1\smart-switch\test
#        app\pj4\EWARM\pj4\Obj\timers.o"
#        "E:\ika\development\F107\boot1\smart-switch\test
#        app\pj4\EWARM\pj4\Obj\udp.o"
#        "E:\ika\development\F107\boot1\smart-switch\test
#        app\pj4\EWARM\pj4\Obj\upap.o"
#        "E:\ika\development\F107\boot1\smart-switch\test
#        app\pj4\EWARM\pj4\Obj\utils.o"
#        "E:\ika\development\F107\boot1\smart-switch\test
#        app\pj4\EWARM\pj4\Obj\vj.o" --no_out_extension -o
#        "E:\ika\development\F107\boot1\smart-switch\test
#        app\pj4\EWARM\pj4\Exe\pj4.out" --redirect _Printf=_PrintfFullNoMb
#        --redirect _Scanf=_ScanfFullNoMb --map
#        "E:\ika\development\F107\boot1\smart-switch\test
#        app\pj4\EWARM\pj4\List\pj4.map" --config
#        "E:\ika\development\F107\boot1\smart-switch\test
#        app\pj4\EWARM\stm32f103xg_flash_offset.icf" --semihosting --entry
#        __iar_program_start --vfe --text_out locale)
#
###############################################################################

*******************************************************************************
*** RUNTIME MODEL ATTRIBUTES
***

CppFlavor       = *
__Heap_Handler  = DLMalloc
__SystemLibrary = DLib
__dlib_version  = 6


*******************************************************************************
*** HEAP SELECTION
***

The advanced heap was selected because the application calls memory
allocation functions outside of system library functions, and there
are calls to deallocation functions in the application.


*******************************************************************************
*** PLACEMENT SUMMARY
***

"A0":  place at address 0x800'5000 { ro section .intvec };
"P1":  place in [from 0x800'5000 to 0x801'ffff] { ro };
define block CSTACK with size = 1'280, alignment = 8 { };
define block HEAP with size = 25'856, alignment = 8 { };
"P2":  place in [from 0x2000'0000 to 0x2000'ffff] {
          rw, block CSTACK, block HEAP };
initialize by copy { rw };

  Section            Kind         Address      Size  Object
  -------            ----         -------      ----  ------
"A0":                                         0x150
  .intvec            ro code   0x800'5000     0x150  startup_stm32f107xc.o [1]
                             - 0x800'5150     0x150

"P1":                                      0x1'83c2
  .text              ro code   0x800'5150    0x1924  html_page.o [1]
  .text              ro code   0x800'6a74      0x66  ABImemset.o [4]
  .text              ro code   0x800'6ada      0x3a  zero_init3.o [4]
  .text              ro code   0x800'6b14      0xa6  ABImemcpy.o [4]
  .text              ro code   0x800'6bba      0x1e  strcat.o [2]
  .text              ro code   0x800'6bd8      0x36  strlen.o [4]
  .text              ro code   0x800'6c0e       0xa  xsprout.o [2]
  .text              ro code   0x800'6c18      0x40  sprintf.o [2]
  .text              ro code   0x800'6c58      0x3a  ABImemset48.o [4]
  .rodata            const     0x800'6c92       0x2  xlocale_c.o [2]
  .text              ro code   0x800'6c94      0x58  LOGS.o [1]
  .text              ro code   0x800'6cec     0xfc2  xprintffull_nomb.o [2]
  .rodata            const     0x800'7cae       0x1  xlocale_c.o [2]
  .text              ro code   0x800'7cb0     0x61a  stm32f1xx_hal_rtc.o [1]
  .text              ro code   0x800'82cc      0x16  strchr.o [4]
  .text              ro code   0x800'82e4      0x40  xfail_s.o [2]
  .text              ro code   0x800'8324      0x58  memchr.o [4]
  .text              ro code   0x800'837c      0x70  frexp.o [3]
  .text              ro code   0x800'83ec      0x2e  DblCmpLe.o [3]
  .text              ro code   0x800'841c      0x2e  DblCmpGe.o [3]
  .text              ro code   0x800'844c     0x13a  ldexp.o [3]
  .text              ro code   0x800'8588      0x3a  DblToS32.o [3]
  .text              ro code   0x800'85c4      0x22  S32ToDbl.o [3]
  .text              ro code   0x800'85e8      0xe2  DblSub.o [3]
  .text              ro code   0x800'86cc     0x246  DblDiv.o [3]
  .text              ro code   0x800'8914      0x28  DblToU32.o [3]
  .text              ro code   0x800'893c      0x1a  U32ToDbl.o [3]
  .text              ro code   0x800'8958     0x1a2  DblMul.o [3]
  .text              ro code   0x800'8afc       0x8  xlocale_c.o [2]
  .text              ro code   0x800'8b04     0x230  I64DivMod.o [4]
  .text              ro code   0x800'8d34      0x94  stm32f1xx_hal_msp.o [1]
  .text              ro code   0x800'8dc8     0x300  stm32f1xx_hal_rcc_ex.o [1]
  .text              ro code   0x800'90c8      0x14  memset.o [4]
  .text              ro code   0x800'90dc       0xc  stm32f1xx_hal.o [1]
  .text              ro code   0x800'90e8       0x6  abort.o [2]
  .text              ro code   0x800'90f0     0x16a  DblAdd.o [3]
  .text              ro code   0x800'925c       0x2  I64DivZer.o [4]
  .text              ro code   0x800'9260      0xc0  stm32f1xx_hal_cortex.o [1]
  .text              ro code   0x800'9320       0xc  stm32f1xx_hal_pwr.o [1]
  .text              ro code   0x800'932c     0x7bc  stm32f1xx_hal_rcc.o [1]
  .text              ro code   0x800'9ae8      0x14  exit.o [5]
  .text              ro code   0x800'9afc      0x88  stm32f1xx_hal_timebase_tim.o [1]
  .text              ro code   0x800'9b84     0x2c0  stm32f1xx_hal_gpio.o [1]
  .text              ro code   0x800'9e44      0x2c  iarttio.o [5]
  .text              ro code   0x800'9e70     0x292  stm32f1xx_hal_tim.o [1]
  .text              ro code   0x800'a104       0x8  XShttio.o [2]
  .text              ro code   0x800'a10c       0x2  stm32f1xx_hal_tim.o [1]
  .text              ro code   0x800'a10e       0x2  stm32f1xx_hal_tim.o [1]
  .text              ro code   0x800'a110       0x2  stm32f1xx_hal_tim.o [1]
  .text              ro code   0x800'a114     0x384  main.o [1]
  .text              ro code   0x800'a498       0x2  stm32f1xx_hal_tim_ex.o [1]
  .text              ro code   0x800'a49a       0x2  stm32f1xx_hal_tim.o [1]
  .text              ro code   0x800'a49c       0x2  stm32f1xx_hal_tim_ex.o [1]
  .text              ro code   0x800'a4a0     0x210  heap_3.o [1]
  .text              ro code   0x800'a6b0     0x524  flash_if.o [1]
  .text              ro code   0x800'abd4      0x48  stm32f1xx_hal.o [1]
  .text              ro code   0x800'ac1c     0x3e8  cmsis_os.o [1]
  .text              ro code   0x800'b004     0x130  lwip.o [1]
  .text              ro code   0x800'b134     0xcf0  httpserver-netconn.o [1]
  .text              ro code   0x800'be24      0x10  stm32f1xx_hal.o [1]
  .text              ro code   0x800'be34     0x980  tasks.o [1]
  .text              ro code   0x800'c7b4     0x190  stm32f1xx_hal_flash.o [1]
  .text              ro code   0x800'c944      0xdc  stm32f1xx_hal_flash_ex.o [1]
  .text              ro code   0x800'ca20      0x30  crc16.o [1]
  .text              ro code   0x800'ca50       0x2  stm32f1xx_hal.o [1]
  .text              ro code   0x800'ca54     0xa50  queue.o [1]
  .text              ro code   0x800'd4a4     0x258  tcpip.o [1]
  .text              ro code   0x800'd6fc     0x1f0  netif.o [1]
  .text              ro code   0x800'd8ec      0x28  strncmp.o [2]
  .text              ro code   0x800'd914      0x60  fs.o [1]
  .text              ro code   0x800'd974     0x670  api_lib.o [1]
  .text              ro code   0x800'dfe4      0xe8  netbuf.o [1]
  .text              ro code   0x800'e0cc      0xf0  base64.o [1]
  .text              ro code   0x800'e1bc     0x254  sys_arch.o [1]
  .text              ro code   0x800'e410      0x92  list.o [1]
  .text              ro code   0x800'e4a4     0x1c8  port.o [1]
  .text              ro code   0x800'e66c      0x14  freertos.o [1]
  .text              ro code   0x800'e680      0x1e  U64Shr.o [4]
  .text              ro code   0x800'e6a0      0x28  printf.o [2]
  .text              ro code   0x800'e6c8     0x22c  timeouts.o [1]
  .text              ro code   0x800'e8f4     0x178  memp.o [1]
  .text              ro code   0x800'ea6c      0x40  init.o [1]
  .text              ro code   0x800'eaac    0x1004  tcp.o [1]
  .text              ro code   0x800'fab0     0x434  udp.o [1]
  .text              ro code   0x800'fee4     0x854  etharp.o [1]
  .text              ro code   0x801'0738      0x12  strcmp.o [4]
  .text              ro code   0x801'074c    0x133c  api_msg.o [1]
  .text              ro code   0x801'1a88     0xc10  pbuf.o [1]
  .text              ro code   0x801'2698       0x6  ABImemclr4.o [4]
  CODE               ro code   0x801'26a0      0x88  portasm.o [1]
  .text              ro code   0x801'2728     0x5be  ethernetif.o [1]
  .text              ro code   0x801'2ce8     0x504  mem.o [1]
  .text              ro code   0x801'31ec     0x384  dns.o [1]
  .text              ro code   0x801'3570    0x10ac  tcp_out.o [1]
  .text              ro code   0x801'461c    0x1670  tcp_in.o [1]
  .text              ro code   0x801'5c8c     0x330  ip4.o [1]
  .text              ro code   0x801'5fbc      0x32  ip4_addr.o [1]
  .text              ro code   0x801'5ff0      0x28  def.o [1]
  .text              ro code   0x801'6018     0x1c0  icmp.o [1]
  .text              ro code   0x801'61d8     0x128  ethernet.o [1]
  .text              ro code   0x801'6300     0x978  stm32f1xx_hal_eth.o [1]
  .text              ro code   0x801'6c78      0x9c  rand.o [2]
  .text              ro code   0x801'6d14     0x8b0  ip4_frag.o [1]
  .text              ro code   0x801'75c4      0x68  memcmp.o [4]
  .text              ro code   0x801'762c      0x28  stm32f1xx_hal.o [1]
  .text              ro code   0x801'7654       0x2  stm32f1xx_hal_eth.o [1]
  .text              ro code   0x801'7656       0x2  stm32f1xx_hal_eth.o [1]
  .text              ro code   0x801'7658    0x149c  dlmalloc.o [2]
  .text              ro code   0x801'8af4      0x2c  xgetmemchunk.o [2]
  .rodata            const     0x801'8b20     0xce0  fs.o [1]
  .rodata            const     0x801'9800     0xc3c  html_page.o [1]
  .rodata            const     0x801'a43c     0x380  tcp_out.o [1]
  .rodata            const     0x801'a7bc     0x360  tcp.o [1]
  .rodata            const     0x801'ab1c     0x2e4  fs.o [1]
  .rodata            const     0x801'ae00     0x2d8  pbuf.o [1]
  .rodata            const     0x801'b0d8     0x290  api_msg.o [1]
  .rodata            const     0x801'b368     0x258  tcp_in.o [1]
  .rodata            const     0x801'b5c0     0x218  etharp.o [1]
  .rodata            const     0x801'b7d8     0x200  crc16.o [1]
  .rodata            const     0x801'b9d8     0x168  api_lib.o [1]
  .rodata            const     0x801'bb40     0x160  mem.o [1]
  .rodata            const     0x801'bca0     0x12c  icmp.o [1]
  .rodata            const     0x801'bdcc     0x11c  ip4_frag.o [1]
  .rodata            const     0x801'bee8     0x100  base64.o [1]
  .rodata            const     0x801'bfe8      0xf8  html_page.o [1]
  .rodata            const     0x801'c0e0      0xec  memp.o [1]
  .rodata            const     0x801'c1cc      0xd8  tcpip.o [1]
  .text              ro code   0x801'c2a4      0xd8  xfspos.o [2]
  .text              ro code   0x801'c37c      0xac  fflush.o [2]
  .text              ro code   0x801'c428       0xc  xfgpos.o [2]
  .text              ro code   0x801'c434      0x4a  lseek.o [5]
  .text              ro code   0x801'c47e      0x10  write.o [5]
  .text              ro code   0x801'c490      0x44  XShHandles.o [2]
  .text              ro code   0x801'c4d4      0x4c  XShHandles.o [2]
  .text              ro code   0x801'c520      0x1e  dwrite.o [5]
  .text              ro code   0x801'c53e      0x20  iarwstd.o [5]
  .text              ro code   0x801'c55e      0x22  iarwrite.o [5]
  .text              ro code   0x801'c580      0x50  iarttio.o [5]
  .text              ro code   0x801'c5d0      0x24  XShttio.o [2]
  .text              ro code   0x801'c5f4      0x14  XShttio.o [2]
  .rodata            const     0x801'c608      0xd4  init.o [1]
  .rodata            const     0x801'c6dc      0xd4  timeouts.o [1]
  .rodata            const     0x801'c7b0      0xc8  ethernet.o [1]
  .rodata            const     0x801'c878      0xc4  ip4.o [1]
  .rodata            const     0x801'c93c      0xbc  udp.o [1]
  .rodata            const     0x801'c9f8      0xb4  netbuf.o [1]
  .text              ro code   0x801'caac      0xb4  xfwprep.o [2]
  .text              ro code   0x801'cb60      0x24  fseek.o [2]
  .text              ro code   0x801'cb84      0x9c  xfofind.o [2]
  .text              ro code   0x801'cc20       0x4  heaptramp0.o [2]
  .rodata            const     0x801'cc24      0x90  html_page.o [1]
  .rodata            const     0x801'ccb4      0x90  netif.o [1]
  .rodata            const     0x801'cd44      0x8c  dns.o [1]
  .text              ro code   0x801'cdd0      0x7e  fclose.o [2]
  .text              ro code   0x801'ce4e      0x18  close.o [5]
  .text              ro code   0x801'ce66      0x14  remove.o [5]
  .text              ro code   0x801'ce7c      0x48  XShHandles.o [2]
  .rodata            const     0x801'cec4      0x7c  ethernetif.o [1]
  .text              ro code   0x801'cf40      0x78  lz77_init_single.o [4]
  .text              ro code   0x801'cfb8      0x54  fputc.o [2]
  .rodata            const     0x801'd00c      0x4c  html_page.o [1]
  .text              ro code   0x801'd058      0x3e  stm32f1xx_hal_rtc_ex.o [1]
  .text              ro code   0x801'd096       0x2  stm32f1xx_hal_rtc_ex.o [1]
  .text              ro code   0x801'd098       0x2  stm32f1xx_hal_rtc_ex.o [1]
  .text              ro code   0x801'd09c      0x3c  xcloseall.o [2]
  .rodata            const     0x801'd0d8      0x34  html_page.o [1]
  .rodata            const     0x801'd10c      0x30  html_page.o [1]
  .text              ro code   0x801'd13c      0x30  stm32f1xx_it.o [1]
  .text              ro code   0x801'd16c      0x28  data_init.o [4]
  .iar.init_table    const     0x801'd194      0x20  - Linker created -
  .text              ro code   0x801'd1b4      0x1e  cmain.o [4]
  .text              ro code   0x801'd1d2       0x4  low_level_init.o [2]
  .text              ro code   0x801'd1d6       0x4  exit.o [2]
  .text              ro code   0x801'd1dc       0xe  cexit.o [4]
  .text              ro code   0x801'd1ea      0x16  xprout.o [2]
  .text              ro code   0x801'd200       0xc  putchar.o [2]
  .rodata            const     0x801'd20c      0x14  fs.o [1]
  .text              ro code   0x801'd220      0x14  system_stm32f1xx.o [1]
  .rodata            const     0x801'd234      0x10  main.o [1]
  .text              ro code   0x801'd244      0x10  startup_stm32f107xc.o [1]
  .rodata            const     0x801'd254       0xc  main.o [1]
  .rodata            const     0x801'd260       0xc  main.o [1]
  .rodata            const     0x801'd26c       0xc  memp.o [1]
  .rodata            const     0x801'd278       0xc  memp.o [1]
  .rodata            const     0x801'd284       0xc  memp.o [1]
  .rodata            const     0x801'd290       0xc  memp.o [1]
  .rodata            const     0x801'd29c       0xc  memp.o [1]
  .rodata            const     0x801'd2a8       0xc  memp.o [1]
  .rodata            const     0x801'd2b4       0xc  memp.o [1]
  .rodata            const     0x801'd2c0       0xc  memp.o [1]
  .rodata            const     0x801'd2cc       0xc  memp.o [1]
  .rodata            const     0x801'd2d8       0xc  memp.o [1]
  .rodata            const     0x801'd2e4       0xc  memp.o [1]
  .rodata            const     0x801'd2f0       0xc  memp.o [1]
  .rodata            const     0x801'd2fc       0xc  memp.o [1]
  .rodata            const     0x801'd308       0xc  memp.o [1]
  .text              ro code   0x801'd314       0xc  cstartup_M.o [4]
  .rodata            const     0x801'd320       0x8  ethernet.o [1]
  .rodata            const     0x801'd328       0x8  ethernetif.o [1]
  .rodata            const     0x801'd330       0x8  lwip.o [1]
  .rodata            const     0x801'd338       0x8  system_stm32f1xx.o [1]
  .rodata            const     0x801'd340       0x8  xprintffull_nomb.o [2]
  .rodata            const     0x801'd348       0x4  ip4_addr.o [1]
  .text              ro code   0x801'd34c       0x4  startup_stm32f107xc.o [1]
  .text              ro code   0x801'd350       0x4  startup_stm32f107xc.o [1]
  .text              ro code   0x801'd354       0x4  startup_stm32f107xc.o [1]
  .text              ro code   0x801'd358       0x4  startup_stm32f107xc.o [1]
  .text              ro code   0x801'd35c       0x4  startup_stm32f107xc.o [1]
  .text              ro code   0x801'd360       0x4  startup_stm32f107xc.o [1]
  .text              ro code   0x801'd364       0x4  startup_stm32f107xc.o [1]
  .text              ro code   0x801'd368       0x4  startup_stm32f107xc.o [1]
  .text              ro code   0x801'd36c       0x4  startup_stm32f107xc.o [1]
  .text              ro code   0x801'd370       0x4  startup_stm32f107xc.o [1]
  .text              ro code   0x801'd374       0x4  startup_stm32f107xc.o [1]
  .text              ro code   0x801'd378       0x4  startup_stm32f107xc.o [1]
  .text              ro code   0x801'd37c       0x4  startup_stm32f107xc.o [1]
  .text              ro code   0x801'd380       0x4  startup_stm32f107xc.o [1]
  .text              ro code   0x801'd384       0x4  startup_stm32f107xc.o [1]
  .text              ro code   0x801'd388       0x4  startup_stm32f107xc.o [1]
  .text              ro code   0x801'd38c       0x4  startup_stm32f107xc.o [1]
  .text              ro code   0x801'd390       0x4  startup_stm32f107xc.o [1]
  .text              ro code   0x801'd394       0x4  startup_stm32f107xc.o [1]
  .text              ro code   0x801'd398       0x4  startup_stm32f107xc.o [1]
  .text              ro code   0x801'd39c       0x4  startup_stm32f107xc.o [1]
  .text              ro code   0x801'd3a0       0x4  startup_stm32f107xc.o [1]
  .text              ro code   0x801'd3a4       0x4  startup_stm32f107xc.o [1]
  .text              ro code   0x801'd3a8       0x4  startup_stm32f107xc.o [1]
  .text              ro code   0x801'd3ac       0x4  startup_stm32f107xc.o [1]
  .text              ro code   0x801'd3b0       0x4  startup_stm32f107xc.o [1]
  .text              ro code   0x801'd3b4       0x4  startup_stm32f107xc.o [1]
  .text              ro code   0x801'd3b8       0x4  startup_stm32f107xc.o [1]
  .text              ro code   0x801'd3bc       0x4  startup_stm32f107xc.o [1]
  .text              ro code   0x801'd3c0       0x4  startup_stm32f107xc.o [1]
  .text              ro code   0x801'd3c4       0x4  startup_stm32f107xc.o [1]
  .text              ro code   0x801'd3c8       0x4  startup_stm32f107xc.o [1]
  .text              ro code   0x801'd3cc       0x4  startup_stm32f107xc.o [1]
  .text              ro code   0x801'd3d0       0x4  startup_stm32f107xc.o [1]
  .text              ro code   0x801'd3d4       0x4  startup_stm32f107xc.o [1]
  .text              ro code   0x801'd3d8       0x4  startup_stm32f107xc.o [1]
  .text              ro code   0x801'd3dc       0x4  startup_stm32f107xc.o [1]
  .text              ro code   0x801'd3e0       0x4  startup_stm32f107xc.o [1]
  .text              ro code   0x801'd3e4       0x4  startup_stm32f107xc.o [1]
  .text              ro code   0x801'd3e8       0x4  startup_stm32f107xc.o [1]
  .text              ro code   0x801'd3ec       0x4  startup_stm32f107xc.o [1]
  .text              ro code   0x801'd3f0       0x4  startup_stm32f107xc.o [1]
  .text              ro code   0x801'd3f4       0x4  startup_stm32f107xc.o [1]
  .text              ro code   0x801'd3f8       0x4  startup_stm32f107xc.o [1]
  .text              ro code   0x801'd3fc       0x4  startup_stm32f107xc.o [1]
  .text              ro code   0x801'd400       0x4  startup_stm32f107xc.o [1]
  .text              ro code   0x801'd404       0x4  startup_stm32f107xc.o [1]
  .text              ro code   0x801'd408       0x4  startup_stm32f107xc.o [1]
  .text              ro code   0x801'd40c       0x4  startup_stm32f107xc.o [1]
  .text              ro code   0x801'd410       0x4  startup_stm32f107xc.o [1]
  .text              ro code   0x801'd414       0x4  startup_stm32f107xc.o [1]
  .text              ro code   0x801'd418       0x4  startup_stm32f107xc.o [1]
  .text              ro code   0x801'd41c       0x4  startup_stm32f107xc.o [1]
  .text              ro code   0x801'd420       0x4  startup_stm32f107xc.o [1]
  .text              ro code   0x801'd424       0x4  startup_stm32f107xc.o [1]
  .text              ro code   0x801'd428       0x4  startup_stm32f107xc.o [1]
  .text              ro code   0x801'd42c       0x4  startup_stm32f107xc.o [1]
  .text              ro code   0x801'd430       0x0  cstart_closeall.o [4]
  .rodata            const     0x801'd430       0x0  zero_init3.o [4]
  .rodata            const     0x801'd430       0x0  lz77_init_single.o [4]
  Initializer bytes  const     0x801'd430      0xe2  <for P2-1>
                             - 0x801'd512  0x1'83c2

"P2", part 1 of 3:                            0x1f6
  P2-1                        0x2000'0000     0x1f6  <Init block>
    .data            inited   0x2000'0000       0xc  flash_if.o [1]
    .data            inited   0x2000'000c      0x20  html_page.o [1]
    .data            inited   0x2000'002c       0x4  html_page.o [1]
    .data            inited   0x2000'0030      0x44  html_page.o [1]
    .data            inited   0x2000'0074       0xc  port.o [1]
    .data            inited   0x2000'0080       0xc  stm32f1xx_hal.o [1]
    .data            inited   0x2000'008c       0x4  system_stm32f1xx.o [1]
    .data            inited   0x2000'0090      0x1c  tcp.o [1]
    .data            inited   0x2000'00ac       0x8  udp.o [1]
    .data            inited   0x2000'00b4       0x8  rand.o [2]
    .data            inited   0x2000'00bc      0x48  xfiles.o [2]
    .data            inited   0x2000'0104      0x48  xfiles.o [2]
    .data            inited   0x2000'014c      0x48  xfiles.o [2]
    .data            inited   0x2000'0194      0x20  xfiles.o [2]
    .data            inited   0x2000'01b4      0x38  xlocale_c.o [2]
    .data            inited   0x2000'01ec       0x8  XShttio.o [2]
    .data            inited   0x2000'01f4       0x2  tcp.o [1]
                            - 0x2000'01f6     0x1f6

"P2", part 2 of 3:                           0x8cb4
  .bss               zero     0x2000'01f8    0x4f84  memp.o [1]
  .bss               zero     0x2000'517c     0xfc4  flash_if.o [1]
  .bss               zero     0x2000'6140     0xc54  ethernetif.o [1]
  .bss               zero     0x2000'6d94     0x4c4  memp.o [1]
  .bss               zero     0x2000'7258     0x440  dns.o [1]
  .bss               zero     0x2000'7698     0x424  mem.o [1]
  .bss               zero     0x2000'7abc     0x24c  freertos.o [1]
  .bss               zero     0x2000'7d08     0x1d8  dlmalloc.o [2]
  .bss               zero     0x2000'7ee0     0x16c  memp.o [1]
  .bss               zero     0x2000'804c     0x138  memp.o [1]
  .bss               zero     0x2000'8184     0x104  memp.o [1]
  .bss               zero     0x2000'8288     0x104  memp.o [1]
  .bss               zero     0x2000'838c     0x104  memp.o [1]
  .bss               zero     0x2000'8490      0xf0  etharp.o [1]
  .bss               zero     0x2000'8580      0xe4  memp.o [1]
  .bss               zero     0x2000'8664      0xb4  memp.o [1]
  .bss               zero     0x2000'8718      0xa4  memp.o [1]
  .bss               zero     0x2000'87bc      0xa0  tasks.o [1]
  .bss               zero     0x2000'885c      0x8c  tasks.o [1]
  .bss               zero     0x2000'88e8      0x84  memp.o [1]
  .bss               zero     0x2000'896c      0x84  memp.o [1]
  .bss               zero     0x2000'89f0      0x84  rand.o [2]
  .bss               zero     0x2000'8a74      0x80  XShHandles.o [2]
  .bss               zero     0x2000'8af4      0x58  lwip.o [1]
  .bss               zero     0x2000'8b4c      0x50  xfiles.o [2]
  .bss               zero     0x2000'8b9c      0x50  xfiles.o [2]
  .bss               zero     0x2000'8bec      0x48  stm32f1xx_hal_timebase_tim.o [1]
  .bss               zero     0x2000'8c34      0x44  memp.o [1]
  .bss               zero     0x2000'8c78      0x44  memp.o [1]
  .bss               zero     0x2000'8cbc      0x40  queue.o [1]
  .bss               zero     0x2000'8cfc      0x38  tcp_in.o [1]
  .bss               zero     0x2000'8d34      0x30  dns.o [1]
  .bss               zero     0x2000'8d64      0x1c  dns.o [1]
  .bss               zero     0x2000'8d80      0x20  stm32f1xx_hal_flash.o [1]
  .bss               zero     0x2000'8da0      0x18  heap_3.o [1]
  .bss               zero     0x2000'8db8      0x18  ip.o [1]
  .bss               zero     0x2000'8dd0      0x18  dlmalloc.o [2]
  .bss               zero     0x2000'8de8      0x14  main.o [1]
  .bss               zero     0x2000'8dfc      0x10  tcpip.o [1]
  .bss               zero     0x2000'8e0c       0xc  flash_if.o [1]
  .bss               zero     0x2000'8e18       0xc  flash_if.o [1]
  .bss               zero     0x2000'8e24       0xc  main.o [1]
  .bss               zero     0x2000'8e30       0xc  netif.o [1]
  .bss               zero     0x2000'8e3c       0x8  flash_if.o [1]
  .bss               zero     0x2000'8e44       0x8  ip4_frag.o [1]
  .bss               zero     0x2000'8e4c       0x8  timeouts.o [1]
  .bss               zero     0x2000'8e54       0x4  html_page.o [1]
  .bss               zero     0x2000'8e58       0x4  memp.o [1]
  .bss               zero     0x2000'8e5c       0x4  memp.o [1]
  .bss               zero     0x2000'8e60       0x4  memp.o [1]
  .bss               zero     0x2000'8e64       0x4  memp.o [1]
  .bss               zero     0x2000'8e68       0x4  memp.o [1]
  .bss               zero     0x2000'8e6c       0x4  memp.o [1]
  .bss               zero     0x2000'8e70       0x4  memp.o [1]
  .bss               zero     0x2000'8e74       0x4  memp.o [1]
  .bss               zero     0x2000'8e78       0x4  memp.o [1]
  .bss               zero     0x2000'8e7c       0x4  memp.o [1]
  .bss               zero     0x2000'8e80       0x4  memp.o [1]
  .bss               zero     0x2000'8e84       0x4  memp.o [1]
  .bss               zero     0x2000'8e88       0x4  memp.o [1]
  .bss               zero     0x2000'8e8c       0x4  memp.o [1]
  .bss               zero     0x2000'8e90       0x4  sys_arch.o [1]
  .bss               zero     0x2000'8e94       0x4  timeouts.o [1]
  .bss               zero     0x2000'8e98       0x4  xfail_s.o [2]
  .bss               zero     0x2000'8e9c       0x4  xgetmemchunk.o [2]
  .bss               zero     0x2000'8ea0       0x2  httpserver-netconn.o [1]
  .bss               zero     0x2000'8ea2       0x2  ip4.o [1]
  .bss               zero     0x2000'8ea4       0x1  api_msg.o [1]
  .bss               zero     0x2000'8ea5       0x1  etharp.o [1]
  .bss               zero     0x2000'8ea6       0x1  flash_if.o [1]
  .bss               zero     0x2000'8ea7       0x1  flash_if.o [1]
  .bss               zero     0x2000'8ea8       0x1  html_page.o [1]
  .bss               zero     0x2000'8ea9       0x1  pbuf.o [1]
  .bss               zero     0x2000'8eaa       0x1  tcp.o [1]
  .bss               zero     0x2000'8eab       0x1  XShttio.o [2]
                            - 0x2000'8eac    0x8cb4

"P2", part 3 of 3:                           0x6a00
  CSTACK                      0x2000'8eb0     0x500  <Block>
    CSTACK           uninit   0x2000'8eb0     0x500  <Block tail>
  HEAP                        0x2000'93b0    0x6500  <Block>
    HEAP             uninit   0x2000'93b0    0x6500  <Block tail>
                            - 0x2000'f8b0    0x6a00

Unused ranges:

         From           To    Size
         ----           --    ----
   0x801'd512   0x801'ffff  0x2aee
  0x2000'01f6  0x2000'01f7     0x2
  0x2000'8eac  0x2000'8eaf     0x4
  0x2000'f8b0  0x2000'ffff   0x750


*******************************************************************************
*** INIT TABLE
***

          Address      Size
          -------      ----
Zero (__iar_zero_init3)
    1 destination range, total size 0x8cb4:
          0x2000'01f8  0x8cb4

Copy/lz77 (__iar_lz77_init_single3)
    1 source range, total size 0xe2 (45% of destination):
           0x801'd430    0xe2
    1 destination range, total size 0x1f6:
          0x2000'0000   0x1f6



*******************************************************************************
*** MODULE SUMMARY
***

    Module                        ro code  ro data  rw data
    ------                        -------  -------  -------
command line/config:
    -------------------------------------------------------
    Total:

E:\ika\development\F107\boot1\smart-switch\test app\pj4\EWARM\pj4\Obj: [1]
    LOGS.o                             88
    api_lib.o                       1'648      360
    api_msg.o                       4'924      656        1
    base64.o                          240      256
    cmsis_os.o                      1'000
    crc16.o                            48      512
    def.o                              40
    dns.o                             900      140    1'164
    etharp.o                        2'132      536      241
    ethernet.o                        296      208
    ethernetif.o                    1'470      132    3'156
    flash_if.o                      1'316        5    4'082
    freertos.o                         20               588
    fs.o                               96    4'056
    heap_3.o                          528                24
    html_page.o                     6'436    3'747      109
    httpserver-netconn.o            3'312                 2
    icmp.o                            448      300
    init.o                             64      212
    ip.o                                                 24
    ip4.o                             816      196        2
    ip4_addr.o                         50        4
    ip4_frag.o                      2'224      284        8
    list.o                            146
    lwip.o                            304        8       88
    main.o                            900       40       32
    mem.o                           1'284      352    1'060
    memp.o                            376      404   24'060
    netbuf.o                          232      180
    netif.o                           496      144       12
    pbuf.o                          3'088      728        1
    port.o                            456        5       12
    portasm.o                         136
    queue.o                         2'640                64
    startup_stm32f107xc.o             580
    stm32f1xx_hal.o                   142        6       12
    stm32f1xx_hal_cortex.o            192
    stm32f1xx_hal_eth.o             2'428
    stm32f1xx_hal_flash.o             400                32
    stm32f1xx_hal_flash_ex.o          220
    stm32f1xx_hal_gpio.o              704
    stm32f1xx_hal_msp.o               148
    stm32f1xx_hal_pwr.o                12
    stm32f1xx_hal_rcc.o             1'980
    stm32f1xx_hal_rcc_ex.o            768
    stm32f1xx_hal_rtc.o             1'562
    stm32f1xx_hal_rtc_ex.o             66
    stm32f1xx_hal_tim.o               666
    stm32f1xx_hal_tim_ex.o              4
    stm32f1xx_hal_timebase_tim.o      136                72
    stm32f1xx_it.o                     48
    sys_arch.o                        596                 4
    system_stm32f1xx.o                 20        9        4
    tasks.o                         2'432               300
    tcp.o                           4'100      878       31
    tcp_in.o                        5'744      600       56
    tcp_out.o                       4'268      896
    tcpip.o                           600      216       16
    timeouts.o                        556      212       12
    udp.o                           1'076      192        8
    -------------------------------------------------------
    Total:                         67'602   16'474   35'277

dl7M_tlf.a: [2]
    XShHandles.o                      216               128
    XShttio.o                          64        4        9
    abort.o                             6
    dlmalloc.o                      5'276               496
    exit.o                              4
    fclose.o                          126
    fflush.o                          172
    fputc.o                            84
    fseek.o                            36
    heaptramp0.o                        4
    low_level_init.o                    4
    printf.o                           40
    putchar.o                          12
    rand.o                            156        3      140
    sprintf.o                          64
    strcat.o                           30
    strncmp.o                          40
    xcloseall.o                        60
    xfail_s.o                          64                 4
    xfgpos.o                           12
    xfiles.o                                   112      408
    xfofind.o                         156
    xfspos.o                          216
    xfwprep.o                         180
    xgetmemchunk.o                     44                 4
    xlocale_c.o                         8       28       56
    xprintffull_nomb.o              4'034        8
    xprout.o                           22
    xsprout.o                          10
    -------------------------------------------------------
    Total:                         11'140      155    1'245

m7M_tl.a: [3]
    DblAdd.o                          362
    DblCmpGe.o                         46
    DblCmpLe.o                         46
    DblDiv.o                          582
    DblMul.o                          418
    DblSub.o                          226
    DblToS32.o                         58
    DblToU32.o                         40
    S32ToDbl.o                         34
    U32ToDbl.o                         26
    frexp.o                           112
    ldexp.o                           314
    -------------------------------------------------------
    Total:                          2'264

rt7M_tl.a: [4]
    ABImemclr4.o                        6
    ABImemcpy.o                       166
    ABImemset.o                       102
    ABImemset48.o                      58
    I64DivMod.o                       560
    I64DivZer.o                         2
    U64Shr.o                           30
    cexit.o                            14
    cmain.o                            30
    cstart_closeall.o
    cstartup_M.o                       12
    data_init.o                        40
    lz77_init_single.o                120
    memchr.o                           88
    memcmp.o                          104
    memset.o                           20
    strchr.o                           22
    strcmp.o                           18
    strlen.o                           54
    zero_init3.o                       58
    -------------------------------------------------------
    Total:                          1'504

shb_l.a: [5]
    close.o                            24
    dwrite.o                           30
    exit.o                             20
    iarttio.o                         124
    iarwrite.o                         34
    iarwstd.o                          32
    lseek.o                            74
    remove.o                           20
    write.o                            16
    -------------------------------------------------------
    Total:                            374

    Gaps                               57
    Linker created                              32   27'136
-----------------------------------------------------------
    Grand Total:                   82'941   16'661   63'658


*******************************************************************************
*** ENTRY LIST
***

Entry                       Address    Size  Type      Object
-----                       -------    ----  ----      ------
.iar.init_table$$Base    0x801'd194           --   Gb  - Linker created -
.iar.init_table$$Limit   0x801'd1b4           --   Gb  - Linker created -
?main                    0x801'd1b5          Code  Gb  cmain.o [4]
AHBPrescTable            0x801'd224    0x10  Data  Gb  system_stm32f1xx.o [1]
APBPrescTable            0x801'd338     0x8  Data  Gb  system_stm32f1xx.o [1]
BusFault_Handler         0x801'd143     0x2  Code  Gb  stm32f1xx_it.o [1]
CSTACK$$Base            0x2000'8eb0           --   Gb  - Linker created -
CSTACK$$Limit           0x2000'93b0           --   Gb  - Linker created -
DMARxDscrTab            0x2000'618c    0x10  Data  Gb  ethernetif.o [1]
DMATxDscrTab            0x2000'619c    0x10  Data  Gb  ethernetif.o [1]
DebugMon_Handler         0x801'd147     0x2  Code  Gb  stm32f1xx_it.o [1]
ETH_DMAReceptionDisable
                         0x801'6bef    0x10  Code  Lc  stm32f1xx_hal_eth.o [1]
ETH_DMAReceptionEnable   0x801'6bdf    0x10  Code  Lc  stm32f1xx_hal_eth.o [1]
ETH_DMATransmissionDisable
                         0x801'6bcf    0x10  Code  Lc  stm32f1xx_hal_eth.o [1]
ETH_DMATransmissionEnable
                         0x801'6bbf    0x10  Code  Lc  stm32f1xx_hal_eth.o [1]
ETH_Delay                0x801'6c29    0x24  Code  Lc  stm32f1xx_hal_eth.o [1]
ETH_FlushTransmitFIFO    0x801'6bff    0x2a  Code  Lc  stm32f1xx_hal_eth.o [1]
ETH_IRQHandler           0x801'd155     0x6  Code  Gb  stm32f1xx_it.o [1]
ETH_MACAddressConfig     0x801'6afd    0x2a  Code  Lc  stm32f1xx_hal_eth.o [1]
ETH_MACDMAConfig         0x801'6a07    0xf6  Code  Lc  stm32f1xx_hal_eth.o [1]
ETH_MACReceptionDisable
                         0x801'6b99    0x26  Code  Lc  stm32f1xx_hal_eth.o [1]
ETH_MACReceptionEnable   0x801'6b73    0x26  Code  Lc  stm32f1xx_hal_eth.o [1]
ETH_MACTransmissionDisable
                         0x801'6b4d    0x26  Code  Lc  stm32f1xx_hal_eth.o [1]
ETH_MACTransmissionEnable
                         0x801'6b27    0x26  Code  Lc  stm32f1xx_hal_eth.o [1]
ETH_WKUP_IRQHandler      0x801'd15b     0x6  Code  Gb  stm32f1xx_it.o [1]
Error_Handler            0x800'a441     0x4  Code  Gb  main.o [1]
FLASH_If_Init            0x800'a6b1    0x16  Code  Gb  flash_if.o [1]
FLASH_If_Write           0x800'a6c7    0x4c  Code  Gb  flash_if.o [1]
FLASH_MassErase          0x800'c9e1    0x1a  Code  Lc  stm32f1xx_hal_flash_ex.o [1]
FLASH_PageErase          0x800'c9fb    0x1c  Code  Gb  stm32f1xx_hal_flash_ex.o [1]
FLASH_Program_HalfWord   0x800'c86d    0x14  Code  Lc  stm32f1xx_hal_flash.o [1]
FLASH_SetErrorCode       0x800'c8d3    0x58  Code  Lc  stm32f1xx_hal_flash.o [1]
FLASH_WaitForLastOperation
                         0x800'c881    0x52  Code  Gb  stm32f1xx_hal_flash.o [1]
FW_data                 0x2000'517c   0xfc4  Data  Gb  flash_if.o [1]
GATEWAY_ADDRESS         0x2000'8b30     0x4  Data  Gb  lwip.o [1]
GET_reple                0x800'6c95    0x52  Code  Gb  LOGS.o [1]
HAL_DeInit               0x800'abf5    0x20  Code  Gb  stm32f1xx_hal.o [1]
HAL_Delay                0x801'762d    0x28  Code  Wk  stm32f1xx_hal.o [1]
HAL_ETH_ConfigMAC        0x801'68eb   0x11c  Code  Gb  stm32f1xx_hal_eth.o [1]
HAL_ETH_DMARxDescListInit
                         0x801'6509    0x70  Code  Gb  stm32f1xx_hal_eth.o [1]
HAL_ETH_DMATxDescListInit
                         0x801'649d    0x6c  Code  Gb  stm32f1xx_hal_eth.o [1]
HAL_ETH_GetReceivedFrame_IT
                         0x801'6673    0x9a  Code  Gb  stm32f1xx_hal_eth.o [1]
HAL_ETH_IRQHandler       0x801'670d    0x74  Code  Gb  stm32f1xx_hal_eth.o [1]
HAL_ETH_Init             0x801'6301   0x19c  Code  Gb  stm32f1xx_hal_eth.o [1]
HAL_ETH_MspInit          0x801'2729   0x118  Code  Gb  ethernetif.o [1]
HAL_ETH_ReadPHYRegister
                         0x801'6781    0x78  Code  Gb  stm32f1xx_hal_eth.o [1]
HAL_ETH_RxCpltCallback   0x801'2841     0xa  Code  Gb  ethernetif.o [1]
HAL_ETH_Start            0x801'6867    0x42  Code  Gb  stm32f1xx_hal_eth.o [1]
HAL_ETH_Stop             0x801'68a9    0x42  Code  Gb  stm32f1xx_hal_eth.o [1]
HAL_ETH_TransmitFrame    0x801'6579    0xfa  Code  Gb  stm32f1xx_hal_eth.o [1]
HAL_ETH_WritePHYRegister
                         0x801'67f9    0x6e  Code  Gb  stm32f1xx_hal_eth.o [1]
HAL_FLASHEx_Erase        0x800'c945    0x9c  Code  Gb  stm32f1xx_hal_flash_ex.o [1]
HAL_FLASH_Lock           0x800'c85f     0xe  Code  Gb  stm32f1xx_hal_flash.o [1]
HAL_FLASH_Program        0x800'c7b5    0x8e  Code  Gb  stm32f1xx_hal_flash.o [1]
HAL_FLASH_Unlock         0x800'c843    0x1c  Code  Gb  stm32f1xx_hal_flash.o [1]
HAL_GPIO_DeInit          0x800'9d17    0xda  Code  Gb  stm32f1xx_hal_gpio.o [1]
HAL_GPIO_Init            0x800'9b85   0x192  Code  Gb  stm32f1xx_hal_gpio.o [1]
HAL_GPIO_TogglePin       0x800'9dff    0x10  Code  Gb  stm32f1xx_hal_gpio.o [1]
HAL_GPIO_WritePin        0x800'9df1     0xe  Code  Gb  stm32f1xx_hal_gpio.o [1]
HAL_GetTick              0x800'90dd     0xc  Code  Wk  stm32f1xx_hal.o [1]
HAL_IncTick              0x800'be25    0x10  Code  Wk  stm32f1xx_hal.o [1]
HAL_Init                 0x800'abd5    0x20  Code  Gb  stm32f1xx_hal.o [1]
HAL_InitTick             0x800'9afd    0x6a  Code  Gb  stm32f1xx_hal_timebase_tim.o [1]
HAL_MspInit              0x800'8d35    0x40  Code  Gb  stm32f1xx_hal_msp.o [1]
HAL_NVIC_EnableIRQ       0x800'930b     0x2  Code  Gb  stm32f1xx_hal_cortex.o [1]
HAL_NVIC_SetPriority     0x800'92ed    0x1e  Code  Gb  stm32f1xx_hal_cortex.o [1]
HAL_NVIC_SetPriorityGrouping
                         0x800'92eb     0x2  Code  Gb  stm32f1xx_hal_cortex.o [1]
HAL_PWR_EnableBkUpAccess
                         0x800'9321     0x8  Code  Gb  stm32f1xx_hal_pwr.o [1]
HAL_RCCEx_GetPeriphCLKFreq
                         0x800'8f4d   0x140  Code  Gb  stm32f1xx_hal_rcc_ex.o [1]
HAL_RCCEx_GetPeriphCLKFreq::aPLLMULFactorTable
                         0x800'90a8    0x10  Data  Lc  stm32f1xx_hal_rcc_ex.o [1]
HAL_RCCEx_GetPeriphCLKFreq::aPredivFactorTable
                         0x800'90b8    0x10  Data  Lc  stm32f1xx_hal_rcc_ex.o [1]
HAL_RCCEx_PeriphCLKConfig
                         0x800'8dc9   0x184  Code  Gb  stm32f1xx_hal_rcc_ex.o [1]
HAL_RCC_ClockConfig      0x800'982f   0x11c  Code  Gb  stm32f1xx_hal_rcc.o [1]
HAL_RCC_DeInit           0x800'932d   0x110  Code  Gb  stm32f1xx_hal_rcc.o [1]
HAL_RCC_GetClockConfig   0x800'9a35    0x34  Code  Gb  stm32f1xx_hal_rcc.o [1]
HAL_RCC_GetHCLKFreq      0x800'9a19     0x6  Code  Gb  stm32f1xx_hal_rcc.o [1]
HAL_RCC_GetPCLK2Freq     0x800'9a1f    0x16  Code  Gb  stm32f1xx_hal_rcc.o [1]
HAL_RCC_GetSysClockFreq
                         0x800'9999    0x80  Code  Gb  stm32f1xx_hal_rcc.o [1]
HAL_RCC_GetSysClockFreq::aPLLMULFactorTable
                         0x800'9ac8    0x10  Data  Lc  stm32f1xx_hal_rcc.o [1]
HAL_RCC_GetSysClockFreq::aPredivFactorTable
                         0x800'9ad8    0x10  Data  Lc  stm32f1xx_hal_rcc.o [1]
HAL_RCC_MCOConfig        0x800'994b    0x4c  Code  Gb  stm32f1xx_hal_rcc.o [1]
HAL_RCC_OscConfig        0x800'943d   0x3f2  Code  Gb  stm32f1xx_hal_rcc.o [1]
HAL_RTCEx_RTCIRQHandler
                         0x801'd059    0x3e  Code  Gb  stm32f1xx_hal_rtc_ex.o [1]
HAL_RTC_GetDate          0x800'7f9f    0x5c  Code  Gb  stm32f1xx_hal_rtc.o [1]
HAL_RTC_GetTime          0x800'7e09    0xdc  Code  Gb  stm32f1xx_hal_rtc.o [1]
HAL_RTC_Init             0x800'7cb1    0xac  Code  Gb  stm32f1xx_hal_rtc.o [1]
HAL_RTC_MspInit          0x800'8d75    0x3e  Code  Gb  stm32f1xx_hal_msp.o [1]
HAL_RTC_SetDate          0x800'7ee5    0xba  Code  Gb  stm32f1xx_hal_rtc.o [1]
HAL_RTC_SetTime          0x800'7d5d    0xac  Code  Gb  stm32f1xx_hal_rtc.o [1]
HAL_RTC_WaitForSynchro   0x800'8005    0x38  Code  Gb  stm32f1xx_hal_rtc.o [1]
HAL_SuspendTick          0x800'9b67     0xe  Code  Gb  stm32f1xx_hal_timebase_tim.o [1]
HAL_TIMEx_BreakCallback
                         0x800'a499     0x2  Code  Wk  stm32f1xx_hal_tim_ex.o [1]
HAL_TIMEx_CommutCallback
                         0x800'a49d     0x2  Code  Wk  stm32f1xx_hal_tim_ex.o [1]
HAL_TIM_Base_Init        0x800'9e71    0x44  Code  Gb  stm32f1xx_hal_tim.o [1]
HAL_TIM_Base_Start_IT    0x800'9eb5    0x64  Code  Gb  stm32f1xx_hal_tim.o [1]
HAL_TIM_IRQHandler       0x800'9f29   0x152  Code  Gb  stm32f1xx_hal_tim.o [1]
HAL_TIM_PeriodElapsedCallback
                         0x800'a3f3     0xe  Code  Gb  main.o [1]
HEAP$$Base              0x2000'93b0           --   Gb  - Linker created -
HEAP$$Limit             0x2000'f8b0           --   Gb  - Linker created -
HTTP401                 0x2000'0030    0x3c  Data  Gb  html_page.o [1]
HTTP401end              0x2000'006c     0x8  Data  Gb  html_page.o [1]
HardFault_Handler        0x801'd13f     0x2  Code  Gb  stm32f1xx_it.o [1]
IP_ADDRESS              0x2000'8b28     0x4  Data  Gb  lwip.o [1]
LED_taskHandle          0x2000'8e28     0x4  Data  Gb  main.o [1]
MX_GPIO_Init             0x800'a2c1    0xbe  Code  Lc  main.o [1]
MX_LWIP_Init             0x800'b005    0xf8  Code  Gb  lwip.o [1]
MX_RTC_Init              0x800'a23f    0x82  Code  Lc  main.o [1]
MemManage_Handler        0x801'd141     0x2  Code  Gb  stm32f1xx_it.o [1]
NETMASK_ADDRESS         0x2000'8b2c     0x4  Data  Gb  lwip.o [1]
NMI_Handler              0x801'd13d     0x2  Code  Gb  stm32f1xx_it.o [1]
NVIC_EncodePriority      0x800'92b5    0x36  Code  Lc  stm32f1xx_hal_cortex.o [1]
Netif_LinkSemaphore     0x2000'8b3c     0x4  Data  Gb  lwip.o [1]
PendSV_Handler           0x801'26a1          Code  Gb  portasm.o [1]
RCC_Delay                0x800'9a69    0x24  Code  Lc  stm32f1xx_hal_rcc.o [1]
RTC_Bcd2ToByte           0x800'814d    0x14  Code  Lc  stm32f1xx_hal_rtc.o [1]
RTC_ByteToBcd2           0x800'8135    0x18  Code  Lc  stm32f1xx_hal_rtc.o [1]
RTC_DateUpdate           0x800'8161    0xc8  Code  Lc  stm32f1xx_hal_rtc.o [1]
RTC_EnterInitMode        0x800'80d3    0x30  Code  Lc  stm32f1xx_hal_rtc.o [1]
RTC_ExitInitMode         0x800'8103    0x32  Code  Lc  stm32f1xx_hal_rtc.o [1]
RTC_IRQHandler           0x801'd149     0x6  Code  Gb  stm32f1xx_it.o [1]
RTC_IsLeapYear           0x800'8229    0x34  Code  Lc  stm32f1xx_hal_rtc.o [1]
RTC_ReadAlarmCounter     0x800'8091    0x10  Code  Lc  stm32f1xx_hal_rtc.o [1]
RTC_ReadTimeCounter      0x800'803d    0x22  Code  Lc  stm32f1xx_hal_rtc.o [1]
RTC_WeekDayNum           0x800'825d    0x6e  Code  Lc  stm32f1xx_hal_rtc.o [1]
RTC_WriteAlarmCounter    0x800'80a1    0x32  Code  Lc  stm32f1xx_hal_rtc.o [1]
RTC_WriteTimeCounter     0x800'805f    0x32  Code  Lc  stm32f1xx_hal_rtc.o [1]
Region$$Table$$Base      0x801'd194           --   Gb  - Linker created -
Region$$Table$$Limit     0x801'd1b4           --   Gb  - Linker created -
Rx_Buff                 0x2000'61ac   0x5f4  Data  Gb  ethernetif.o [1]
SVC_Handler              0x801'26e7          Code  Gb  portasm.o [1]
StartDefaultTask         0x800'a37f    0x12  Code  Gb  main.o [1]
SysTick_Handler          0x800'e5bf    0x28  Code  Gb  port.o [1]
SystemClock_Config       0x800'a189    0xb6  Code  Gb  main.o [1]
SystemCoreClock         0x2000'008c     0x4  Data  Gb  system_stm32f1xx.o [1]
SystemInit               0x801'd221     0x2  Code  Gb  system_stm32f1xx.o [1]
TIM1_UP_IRQHandler       0x801'd14f     0x6  Code  Gb  stm32f1xx_it.o [1]
TIM_Base_SetConfig       0x800'a07b    0x72  Code  Gb  stm32f1xx_hal_tim.o [1]
Task_HAL1                0x800'a391    0x38  Code  Gb  main.o [1]
Tx_Buff                 0x2000'67a0   0x5f4  Data  Gb  ethernetif.o [1]
UsageFault_Handler       0x801'd145     0x2  Code  Gb  stm32f1xx_it.o [1]
_Close_all               0x801'd09d    0x3c  Code  Gb  xcloseall.o [2]
_Files                  0x2000'0194    0x20  Data  Gb  xfiles.o [2]
_Fofree                  0x801'cb85    0x96  Code  Gb  xfofind.o [2]
_Fspos                   0x801'c2a5    0xd8  Code  Gb  xfspos.o [2]
_Fwprep                  0x801'caad    0xb4  Code  Gb  xfwprep.o [2]
_LitobFullNoMb           0x800'7aa9   0x10a  Code  Lc  xprintffull_nomb.o [2]
_Locale_lconv           0x2000'01b4    0x38  Data  Lc  xlocale_c.o [2]
_Nnl                     0x801'c429     0xc  Code  Gb  xfgpos.o [2]
_PrintfFullNoMb          0x800'6ced   0xd98  Code  Gb  xprintffull_nomb.o [2]
_Prout                   0x801'd1eb    0x16  Code  Gb  xprout.o [2]
_PutcharFullNoMb         0x800'7c19    0x20  Code  Lc  xprintffull_nomb.o [2]
_PutcharsFullNoMb        0x800'7c39    0x2e  Code  Lc  xprintffull_nomb.o [2]
_Rand_idx               0x2000'8a70     0x4  Data  Lc  rand.o [2]
_Rand_rv                0x2000'89f0    0x80  Data  Lc  rand.o [2]
_Randinit               0x2000'00b4     0x1  Data  Gb  rand.o [2]
_Randseed               0x2000'00b8     0x4  Data  Gb  rand.o [2]
_SProut                  0x800'6c0f     0xa  Code  Gb  xsprout.o [2]
__NVIC_EnableIRQ         0x800'9285    0x16  Code  Lc  stm32f1xx_hal_cortex.o [1]
__NVIC_GetPriorityGrouping
                         0x800'927b     0xa  Code  Lc  stm32f1xx_hal_cortex.o [1]
__NVIC_SetPriority       0x800'929b    0x1a  Code  Lc  stm32f1xx_hal_cortex.o [1]
__NVIC_SetPriorityGrouping
                         0x800'9261    0x1a  Code  Lc  stm32f1xx_hal_cortex.o [1]
__aeabi_cdcmple          0x800'83ed          Code  Gb  DblCmpLe.o [3]
__aeabi_cdrcmple         0x800'841d          Code  Gb  DblCmpGe.o [3]
__aeabi_d2iz             0x800'8589          Code  Gb  DblToS32.o [3]
__aeabi_d2uiz            0x800'8915          Code  Gb  DblToU32.o [3]
__aeabi_ddiv             0x800'86cd          Code  Gb  DblDiv.o [3]
__aeabi_dmul             0x800'8959          Code  Gb  DblMul.o [3]
__aeabi_dsub             0x800'85e9          Code  Gb  DblSub.o [3]
__aeabi_i2d              0x800'85c5          Code  Gb  S32ToDbl.o [3]
__aeabi_ldiv0            0x800'925d          Code  Gb  I64DivZer.o [4]
__aeabi_llsr             0x800'e681          Code  Gb  U64Shr.o [4]
__aeabi_memclr4          0x801'2699          Code  Gb  ABImemclr4.o [4]
__aeabi_memcpy           0x800'6b15          Code  Gb  ABImemcpy.o [4]
__aeabi_memcpy4          0x800'6b35          Code  Gb  ABImemcpy.o [4]
__aeabi_memcpy8          0x800'6b35          Code  Gb  ABImemcpy.o [4]
__aeabi_memset           0x800'6a75          Code  Gb  ABImemset.o [4]
__aeabi_memset4          0x800'6c59          Code  Gb  ABImemset48.o [4]
__aeabi_memset8          0x800'6c59          Code  Gb  ABImemset48.o [4]
__aeabi_ui2d             0x800'893d          Code  Gb  U32ToDbl.o [3]
__aeabi_uldivmod         0x800'8b05          Code  Gb  I64DivMod.o [4]
__cexit_closeall         0x801'd1df          Code  Gb  cexit.o [4]
__close                  0x801'ce4f    0x18  Code  Gb  close.o [5]
__cmain                  0x801'd1b5          Code  Gb  cmain.o [4]
__cstart_closeall        0x801'd430          Data  Gb  cstart_closeall.o [4]
__data_GetMemChunk       0x801'8af5    0x2c  Code  Gb  xgetmemchunk.o [2]
__data_GetMemChunk::start
                        0x2000'8e9c     0x4  Data  Lc  xgetmemchunk.o [2]
__dwrite                 0x801'c521    0x1e  Code  Gb  dwrite.o [5]
__exit                   0x800'9ae9    0x14  Code  Gb  exit.o [5]
__iar_Fail_s             0x800'82e5    0x1c  Code  Gb  xfail_s.o [2]
__iar_Memchr             0x800'8325          Code  Gb  memchr.o [4]
__iar_Memset             0x800'6a75          Code  Gb  ABImemset.o [4]
__iar_Memset4_word       0x800'6c61          Code  Gb  ABImemset48.o [4]
__iar_Memset8_word       0x800'6c61          Code  Gb  ABImemset48.o [4]
__iar_Memset_word        0x800'6a7d          Code  Gb  ABImemset.o [4]
__iar_Stderr            0x2000'014c    0x48  Data  Gb  xfiles.o [2]
__iar_Stdin             0x2000'00bc    0x48  Data  Gb  xfiles.o [2]
__iar_Stdout            0x2000'0104    0x48  Data  Gb  xfiles.o [2]
__iar_Strchr             0x800'82cd          Code  Gb  strchr.o [4]
__iar_close_ttio         0x800'9e45    0x2c  Code  Wk  iarttio.o [5]
__iar_dadd               0x800'85f9          Code  Gb  DblSub.o [3]
__iar_data_init3         0x801'd16d    0x28  Code  Gb  data_init.o [4]
__iar_dlfree             0x801'85cf   0x51e  Code  Gb  dlmalloc.o [2]
__iar_dlmalloc           0x801'76e1   0xeee  Code  Gb  dlmalloc.o [2]
__iar_dsub               0x800'90f1          Code  Gb  DblAdd.o [3]
__iar_dsubStart          0x800'9103          Code  Gb  DblAdd.o [3]
__iar_frexp              0x800'8389          Code  Gb  frexp.o [3]
__iar_frexp64            0x800'837d          Code  Gb  frexp.o [3]
__iar_frexpl             0x800'8389          Code  Gb  frexp.o [3]
__iar_get_ttio           0x801'c581    0x4c  Code  Gb  iarttio.o [5]
__iar_ldexp64            0x800'844d          Code  Gb  ldexp.o [3]
__iar_lookup_ttioh       0x800'a105     0x8  Code  Gb  XShttio.o [2]
__iar_lz77_init_single3
                         0x801'cf41    0x78  Code  Gb  lz77_init_single.o [4]
__iar_program_start      0x801'd315          Code  Gb  cstartup_M.o [4]
__iar_scalbln64          0x800'844d          Code  Gb  ldexp.o [3]
__iar_scalbn64           0x800'844d          Code  Gb  ldexp.o [3]
__iar_sh_Discard         0x801'ce7d    0x48  Code  Wk  XShHandles.o [2]
__iar_sh_Move            0x801'c4d5    0x4c  Code  Wk  XShHandles.o [2]
__iar_sh_Pos             0x801'c491    0x44  Code  Gb  XShHandles.o [2]
__iar_sh_stdout          0x801'c53f    0x20  Code  Gb  iarwstd.o [5]
__iar_sh_write           0x801'c55f    0x22  Code  Gb  iarwrite.o [5]
__iar_ttio_guard_lock    0x801'c5d1    0x24  Code  Wk  XShttio.o [2]
__iar_ttio_guard_unlock
                         0x801'c5f5    0x14  Code  Wk  XShttio.o [2]
__iar_ttio_handles      0x2000'01ec     0x8  Data  Lc  XShttio.o [2]
__iar_zero_init3         0x800'6adb    0x3a  Code  Gb  zero_init3.o [4]
__low_level_init         0x801'd1d3     0x4  Code  Gb  low_level_init.o [2]
__lseek                  0x801'c435    0x4a  Code  Gb  lseek.o [5]
__vector_table           0x800'5000          Data  Gb  startup_stm32f107xc.o [1]
__write                  0x801'c47f    0x10  Code  Gb  write.o [5]
_call_main               0x801'd1c1          Code  Gb  cmain.o [4]
_exit                    0x801'd1dd          Code  Gb  cexit.o [4]
_gm_                    0x2000'7d08   0x1d8  Data  Lc  dlmalloc.o [2]
_main                    0x801'd1cf          Code  Gb  cmain.o [4]
abort                    0x800'90e9     0x6  Code  Gb  abort.o [2]
accept_function          0x801'0bf7    0xe4  Code  Lc  api_msg.o [1]
ackno                   0x2000'8d28     0x4  Data  Lc  tcp_in.o [1]
arp_table               0x2000'8490    0xf0  Data  Lc  etharp.o [1]
costr_page2              0x800'5315   0x494  Code  Gb  html_page.o [1]
costr_page3              0x800'5ab9   0x2be  Code  Gb  html_page.o [1]
costr_page4              0x800'5839   0x242  Code  Gb  html_page.o [1]
costr_page5              0x800'5e61   0x21e  Code  Gb  html_page.o [1]
costr_page6              0x800'60b9   0x3fc  Code  Gb  html_page.o [1]
costr_page7              0x800'64cd   0x2e2  Code  Gb  html_page.o [1]
costr_pass               0x800'5151    0x38  Code  Gb  html_page.o [1]
crc16_ccitt              0x800'ca21    0x30  Code  Gb  crc16.o [1]
crc16tab                 0x801'b7d8   0x200  Data  Lc  crc16.o [1]
ct_logoff_time          0x2000'8e54     0x4  Data  Gb  html_page.o [1]
cyclic_timer             0x800'e719    0x14  Code  Lc  timeouts.o [1]
data__404_html           0x801'ab1c   0x2e4  Data  Lc  fs.o [1]
data__img_netping_gif    0x801'8b20   0xce0  Data  Lc  fs.o [1]
defaultTaskHandle       0x2000'8e24     0x4  Data  Gb  main.o [1]
dns_call_found           0x801'3331    0xb2  Code  Lc  dns.o [1]
dns_check_entries        0x801'34f1    0x1a  Code  Lc  dns.o [1]
dns_check_entry          0x801'3415    0xdc  Code  Lc  dns.o [1]
dns_create_txid          0x801'33e3    0x2e  Code  Lc  dns.o [1]
dns_init                 0x801'31ed     0x2  Code  Gb  dns.o [1]
dns_last_pcb_idx        0x2000'8d6c     0x1  Data  Lc  dns.o [1]
dns_pcbs                0x2000'8d70    0x10  Data  Lc  dns.o [1]
dns_requests            0x2000'8d34    0x30  Data  Lc  dns.o [1]
dns_send                 0x801'31f1   0x140  Code  Lc  dns.o [1]
dns_servers             0x2000'8d64     0x8  Data  Lc  dns.o [1]
dns_table               0x2000'7258   0x440  Data  Lc  dns.o [1]
dns_tmr                  0x801'31ef     0x2  Code  Gb  dns.o [1]
do_memp_free_pool        0x800'e9ad    0x36  Code  Lc  memp.o [1]
do_memp_malloc_pool      0x800'e93f    0x44  Code  Lc  memp.o [1]
ebuf                    0x2000'8b4c    0x50  Data  Lc  xfiles.o [2]
err_tcp                  0x801'0a35   0x150  Code  Lc  api_msg.o [1]
etharp_cached_entry     0x2000'8ea5     0x1  Data  Lc  etharp.o [1]
etharp_cleanup_netif     0x801'01b3    0x2e  Code  Gb  etharp.o [1]
etharp_find_entry        0x800'ff69   0x1aa  Code  Lc  etharp.o [1]
etharp_free_entry        0x800'fee5    0x22  Code  Lc  etharp.o [1]
etharp_input             0x801'01e1    0xba  Code  Gb  etharp.o [1]
etharp_output            0x801'0317   0x144  Code  Gb  etharp.o [1]
etharp_output_to_arp_index
                         0x801'029b    0x7c  Code  Lc  etharp.o [1]
etharp_query             0x801'045d   0x14e  Code  Gb  etharp.o [1]
etharp_raw               0x801'05ad    0xde  Code  Lc  etharp.o [1]
etharp_request           0x801'06ab     0x4  Code  Gb  etharp.o [1]
etharp_request_dst       0x801'068b    0x20  Code  Lc  etharp.o [1]
etharp_tmr               0x800'ff07    0x62  Code  Gb  etharp.o [1]
etharp_update_arp_entry
                         0x801'0113    0xa0  Code  Lc  etharp.o [1]
ethbroadcast             0x801'62f8     0x8  Data  Gb  ethernet.o [1]
ethernet_input           0x801'61d9    0xac  Code  Gb  ethernet.o [1]
ethernet_output          0x801'6285    0x70  Code  Gb  ethernet.o [1]
ethernetif_init          0x801'2b49    0x34  Code  Gb  ethernetif.o [1]
ethernetif_input         0x801'2b05    0x42  Code  Gb  ethernetif.o [1]
ethernetif_set_link      0x801'2b81    0x4a  Code  Gb  ethernetif.o [1]
ethernetif_update_config
                         0x801'2bcb    0xb0  Code  Gb  ethernetif.o [1]
ethzero                  0x801'd320     0x8  Data  Gb  ethernet.o [1]
exit                     0x801'd1d7     0x4  Code  Gb  exit.o [2]
fclose                   0x801'cdd1    0x7e  Code  Gb  fclose.o [2]
fflush                   0x801'c3f1    0x34  Code  Gb  fflush.o [2]
fflushOne                0x801'c37d    0x74  Code  Lc  fflush.o [2]
file__404_html           0x800'd960    0x14  Data  Gb  fs.o [1]
file__img_netping_gif    0x801'd20c    0x14  Data  Gb  fs.o [1]
flag_app_start          0x2000'8e3c     0x1  Data  Gb  flash_if.o [1]
flag_global_load_def    0x2000'8ea7     0x1  Data  Gb  flash_if.o [1]
flag_global_save_data   0x2000'8ea6     0x1  Data  Gb  flash_if.o [1]
flag_logon              0x2000'8ea8     0x1  Data  Gb  html_page.o [1]
flags                   0x2000'8cfc     0x1  Data  Lc  tcp_in.o [1]
fputc                    0x801'cfb9    0x54  Code  Gb  fputc.o [2]
free                     0x801'cc21     0x4  Code  Gb  heaptramp0.o [2]
free_z                   0x800'a5d7    0x98  Code  Gb  heap_3.o [1]
frexp                    0x800'837d          Code  Gb  frexp.o [3]
frexpl                   0x800'837d          Code  Gb  frexp.o [3]
fs_close                 0x800'd95d     0x2  Code  Gb  fs.o [1]
fs_open                  0x800'd915    0x48  Code  Gb  fs.o [1]
fseek                    0x801'cb61    0x24  Code  Gb  fseek.o [2]
gnetif                  0x2000'8af4    0x34  Data  Gb  lwip.o [1]
gw                      0x2000'8b48     0x4  Data  Gb  lwip.o [1]
heapinit                 0x800'a4b3    0x24  Code  Gb  heap_3.o [1]
heth                    0x2000'6140    0x48  Data  Gb  ethernetif.o [1]
hrtc                    0x2000'8de8    0x14  Data  Gb  main.o [1]
htim1                   0x2000'8bec    0x48  Data  Gb  stm32f1xx_hal_timebase_tim.o [1]
http_html_start_constr   0x801'a078   0x278  Data  Lc  html_page.o [1]
http_html_style          0x801'a2f0   0x14c  Data  Lc  html_page.o [1]
http_server_netconn_init
                         0x800'bbed    0x18  Code  Gb  httpserver-netconn.o [1]
http_server_netconn_thread
                         0x800'bbad    0x40  Code  Lc  httpserver-netconn.o [1]
http_server_serve        0x800'b939   0x274  Code  Lc  httpserver-netconn.o [1]
icmp_dest_unreach        0x801'6145     0x6  Code  Gb  icmp.o [1]
icmp_input               0x801'6019   0x12c  Code  Gb  icmp.o [1]
icmp_send_response       0x801'614f    0x82  Code  Lc  icmp.o [1]
icmp_time_exceeded       0x801'614b     0x4  Code  Gb  icmp.o [1]
idBase0                 0x2000'0000     0x4  Data  Gb  flash_if.o [1]
idBase1                 0x2000'0004     0x4  Data  Gb  flash_if.o [1]
idBase2                 0x2000'0008     0x4  Data  Gb  flash_if.o [1]
inHandlerMode            0x800'ac2d     0xe  Code  Lc  cmsis_os.o [1]
init_mparams             0x801'7673    0x2c  Code  Lc  dlmalloc.o [2]
init_system_heap         0x800'a4a1    0x12  Code  Gb  heap_3.o [1]
init_top                 0x801'769f    0x34  Code  Lc  dlmalloc.o [2]
inseg                   0x2000'8d00    0x10  Data  Lc  tcp_in.o [1]
ip4_addr_isbroadcast_u32
                         0x801'5fbd    0x32  Code  Gb  ip4_addr.o [1]
ip4_frag                 0x801'72e5   0x1d6  Code  Gb  ip4_frag.o [1]
ip4_input                0x801'5ced   0x1a0  Code  Gb  ip4.o [1]
ip4_output_if            0x801'5e8d    0x2c  Code  Gb  ip4.o [1]
ip4_output_if_src        0x801'5eb9    0xde  Code  Gb  ip4.o [1]
ip4_reass                0x801'70ff   0x192  Code  Gb  ip4_frag.o [1]
ip4_route                0x801'5c8d    0x60  Code  Gb  ip4.o [1]
ip_addr_any              0x801'd348     0x4  Data  Gb  ip4_addr.o [1]
ip_data                 0x2000'8db8    0x18  Data  Gb  ip.o [1]
ip_frag_alloc_pbuf_custom_ref
                         0x801'7291     0x6  Code  Lc  ip4_frag.o [1]
ip_frag_free_pbuf_custom_ref
                         0x801'7299    0x22  Code  Lc  ip4_frag.o [1]
ip_id                   0x2000'8ea2     0x2  Data  Lc  ip4.o [1]
ip_reass_chain_frag_into_datagram_and_validate
                         0x801'6f49   0x1b6  Code  Lc  ip4_frag.o [1]
ip_reass_dequeue_datagram
                         0x801'6f0b    0x3e  Code  Lc  ip4_frag.o [1]
ip_reass_enqueue_new_datagram
                         0x801'6eb7    0x54  Code  Lc  ip4_frag.o [1]
ip_reass_free_complete_datagram
                         0x801'6d41    0xf0  Code  Lc  ip4_frag.o [1]
ip_reass_pbufcount      0x2000'8e44     0x2  Data  Lc  ip4_frag.o [1]
ip_reass_remove_oldest_datagram
                         0x801'6e31    0x86  Code  Lc  ip4_frag.o [1]
ip_reass_tmr             0x801'6d15    0x2c  Code  Gb  ip4_frag.o [1]
ipaddr                  0x2000'8b40     0x4  Data  Gb  lwip.o [1]
ipfrag_free_pbuf_custom
                         0x801'72bd    0x28  Code  Lc  ip4_frag.o [1]
jamp_to_app              0x800'a713    0x92  Code  Gb  flash_if.o [1]
jamp_to_boot             0x800'a7a5    0x8c  Code  Gb  flash_if.o [1]
key_http                0x2000'000c    0x20  Data  Gb  html_page.o [1]
key_http_len            0x2000'002c     0x4  Data  Gb  html_page.o [1]
ldexp                    0x800'844d          Code  Gb  ldexp.o [3]
ldexpl                   0x800'844d          Code  Gb  ldexp.o [3]
lfree                   0x2000'76a0     0x4  Data  Lc  mem.o [1]
link_arg                0x2000'8b34     0x8  Data  Gb  lwip.o [1]
load_def_data            0x800'a8c9   0x24a  Code  Gb  flash_if.o [1]
load_struct_flash_data   0x800'ab13    0x2e  Code  Gb  flash_if.o [1]
localeconv               0x800'8afd     0x4  Code  Gb  xlocale_c.o [2]
lock_tcpip_core         0x2000'8e08     0x4  Data  Gb  tcpip.o [1]
logs_task                0x800'a3c9    0x2a  Code  Gb  main.o [1]
logs_task_nameHandle    0x2000'8e2c     0x4  Data  Gb  main.o [1]
low_level_init           0x801'284b   0x136  Code  Lc  ethernetif.o [1]
low_level_input          0x801'2a33    0xd2  Code  Lc  ethernetif.o [1]
low_level_output         0x801'2981    0xb2  Code  Lc  ethernetif.o [1]
lwip_cyclic_timers       0x800'e8d4    0x20  Data  Gb  timeouts.o [1]
lwip_htonl               0x801'5ffd    0x1c  Code  Gb  def.o [1]
lwip_htons               0x801'5ff1     0xc  Code  Gb  def.o [1]
lwip_init                0x800'ea6d    0x40  Code  Gb  init.o [1]
lwip_netconn_do_bind     0x801'1391    0x6c  Code  Gb  api_msg.o [1]
lwip_netconn_do_close    0x801'18c1    0xea  Code  Gb  api_msg.o [1]
lwip_netconn_do_close_internal
                         0x801'0f79   0x24e  Code  Lc  api_msg.o [1]
lwip_netconn_do_delconn
                         0x801'121d   0x170  Code  Gb  api_msg.o [1]
lwip_netconn_do_listen   0x801'1409    0xf4  Code  Gb  api_msg.o [1]
lwip_netconn_do_newconn
                         0x801'0d85    0x3a  Code  Gb  api_msg.o [1]
lwip_netconn_do_recv     0x801'151d    0x60  Code  Gb  api_msg.o [1]
lwip_netconn_do_write    0x801'17b5   0x10a  Code  Gb  api_msg.o [1]
lwip_netconn_do_writemore
                         0x801'157d   0x238  Code  Lc  api_msg.o [1]
lwip_sys_mutex          0x2000'8e90     0x4  Data  Gb  sys_arch.o [1]
main                     0x800'a115    0x74  Code  Gb  main.o [1]
makeFreeRtosPriority     0x800'ac1d    0x10  Code  Lc  cmsis_os.o [1]
malloc_z                 0x800'a4e5    0xf2  Code  Gb  heap_3.o [1]
mbox                    0x2000'8e04     0x4  Data  Lc  tcpip.o [1]
mem_free                 0x801'2dfd    0x9e  Code  Gb  mem.o [1]
mem_init                 0x801'2dad    0x50  Code  Gb  mem.o [1]
mem_malloc               0x801'2fc1   0x138  Code  Gb  mem.o [1]
mem_mutex               0x2000'7ab8     0x4  Data  Lc  mem.o [1]
mem_trim                 0x801'2e9d   0x124  Code  Gb  mem.o [1]
memchr                   0x800'8325          Code  Gb  memchr.o [4]
memcmp                   0x801'75c5          Code  Gb  memcmp.o [4]
memp_FRAG_PBUF           0x801'd2a8     0xc  Data  Gb  memp.o [1]
memp_NETBUF              0x801'd2b4     0xc  Data  Gb  memp.o [1]
memp_NETCONN             0x801'd2c0     0xc  Data  Gb  memp.o [1]
memp_NETDB               0x801'd2f0     0xc  Data  Gb  memp.o [1]
memp_PBUF                0x801'd2fc     0xc  Data  Gb  memp.o [1]
memp_PBUF_POOL           0x801'd308     0xc  Data  Gb  memp.o [1]
memp_REASSDATA           0x801'd29c     0xc  Data  Gb  memp.o [1]
memp_SYS_TIMEOUT         0x801'd2e4     0xc  Data  Gb  memp.o [1]
memp_TCPIP_MSG_API       0x801'd2cc     0xc  Data  Gb  memp.o [1]
memp_TCPIP_MSG_INPKT     0x801'd2d8     0xc  Data  Gb  memp.o [1]
memp_TCP_PCB             0x801'd278     0xc  Data  Gb  memp.o [1]
memp_TCP_PCB_LISTEN      0x801'd284     0xc  Data  Gb  memp.o [1]
memp_TCP_SEG             0x801'd290     0xc  Data  Gb  memp.o [1]
memp_UDP_PCB             0x801'd26c     0xc  Data  Gb  memp.o [1]
memp_free                0x800'e9e5    0x26  Code  Gb  memp.o [1]
memp_init                0x800'e91f    0x20  Code  Gb  memp.o [1]
memp_init_pool           0x800'e8f5    0x2a  Code  Gb  memp.o [1]
memp_malloc              0x800'e985    0x28  Code  Gb  memp.o [1]
memp_memory_FRAG_PBUF_base
                        0x2000'7ee0   0x16c  Data  Gb  memp.o [1]
memp_memory_NETBUF_base
                        0x2000'8c34    0x44  Data  Gb  memp.o [1]
memp_memory_NETCONN_base
                        0x2000'8664    0xb4  Data  Gb  memp.o [1]
memp_memory_NETDB_base  0x2000'804c   0x138  Data  Gb  memp.o [1]
memp_memory_PBUF_POOL_base
                        0x2000'01f8  0x4f84  Data  Gb  memp.o [1]
memp_memory_PBUF_base   0x2000'838c   0x104  Data  Gb  memp.o [1]
memp_memory_REASSDATA_base
                        0x2000'8718    0xa4  Data  Gb  memp.o [1]
memp_memory_SYS_TIMEOUT_base
                        0x2000'8c78    0x44  Data  Gb  memp.o [1]
memp_memory_TCPIP_MSG_API_base
                        0x2000'8288   0x104  Data  Gb  memp.o [1]
memp_memory_TCPIP_MSG_INPKT_base
                        0x2000'896c    0x84  Data  Gb  memp.o [1]
memp_memory_TCP_PCB_LISTEN_base
                        0x2000'8580    0xe4  Data  Gb  memp.o [1]
memp_memory_TCP_PCB_base
                        0x2000'6d94   0x4c4  Data  Gb  memp.o [1]
memp_memory_TCP_SEG_base
                        0x2000'8184   0x104  Data  Gb  memp.o [1]
memp_memory_UDP_PCB_base
                        0x2000'88e8    0x84  Data  Gb  memp.o [1]
memp_pools               0x801'c0e0    0x38  Data  Gb  memp.o [1]
memp_tab_FRAG_PBUF      0x2000'8e6c     0x4  Data  Lc  memp.o [1]
[...]
prvIdleTask              0x800'c431    0x20  Code  Lc  tasks.o [1]
prvInitialiseMutex       0x800'cbeb    0x14  Code  Lc  queue.o [1]
prvInitialiseNewQueue    0x800'cbd1    0x1a  Code  Lc  queue.o [1]
prvInitialiseNewTask     0x800'bf19    0xa4  Code  Lc  tasks.o [1]
prvInitialiseTaskLists   0x800'c451    0x4e  Code  Lc  tasks.o [1]
prvIsQueueEmpty          0x800'd443    0x18  Code  Lc  queue.o [1]
prvIsQueueFull           0x800'd45b    0x1e  Code  Lc  queue.o [1]
prvResetNextTaskUnblockTime
                         0x800'c515    0x1e  Code  Lc  tasks.o [1]
prvTaskExitError         0x800'e4c9    0x1c  Code  Lc  port.o [1]
prvUnlockQueue           0x800'd3d3    0x70  Code  Lc  queue.o [1]
putchar                  0x801'd201     0xc  Code  Gb  putchar.o [2]
pvPortMalloc             0x800'a4d7     0x8  Code  Gb  heap_3.o [1]
pvTaskIncrementMutexHeldCount
                         0x800'c721    0x16  Code  Gb  tasks.o [1]
pxCurrentTCB            0x2000'87e4     0x4  Data  Gb  tasks.o [1]
pxDelayedTaskList       0x2000'87e8     0x4  Data  Lc  tasks.o [1]
pxOverflowDelayedTaskList
                        0x2000'87ec     0x4  Data  Lc  tasks.o [1]
pxPortInitialiseStack    0x800'e4a5    0x22  Code  Gb  port.o [1]
pxReadyTasksLists       0x2000'885c    0x8c  Data  Lc  tasks.o [1]
ram                     0x2000'7698     0x4  Data  Lc  mem.o [1]
ram_end                 0x2000'769c     0x4  Data  Lc  mem.o [1]
ram_heap                0x2000'76a4   0x414  Data  Gb  mem.o [1]
rand                     0x801'6c79    0x8a  Code  Gb  rand.o [2]
real_time               0x2000'8e18     0xc  Data  Gb  flash_if.o [1]
reassdatagrams          0x2000'8e48     0x4  Data  Lc  ip4_frag.o [1]
recv_acked              0x2000'8d16     0x2  Data  Lc  tcp_in.o [1]
recv_data               0x2000'8d2c     0x4  Data  Lc  tcp_in.o [1]
recv_flags              0x2000'8cfd     0x1  Data  Lc  tcp_in.o [1]
recv_tcp                 0x801'0845    0xc6  Code  Lc  api_msg.o [1]
recv_udp                 0x801'074d    0xb6  Code  Lc  api_msg.o [1]
remove                   0x801'ce67    0x14  Code  Gb  remove.o [5]
reset_open_block         0x800'51ad     0xe  Code  Gb  html_page.o [1]
sFileInfo               0x2000'8a74    0x80  Data  Lc  XShHandles.o [2]
s_xSemaphore            0x2000'6188     0x4  Data  Gb  ethernetif.o [1]
save_data_blok           0x800'a831    0x60  Code  Gb  flash_if.o [1]
save_data_flash          0x800'a891    0x36  Code  Gb  flash_if.o [1]
scalbln                  0x800'844d          Code  Gb  ldexp.o [3]
scalblnl                 0x800'844d          Code  Gb  ldexp.o [3]
scalbn                   0x800'844d          Code  Gb  ldexp.o [3]
scalbnl                  0x800'844d          Code  Gb  ldexp.o [3]
scale                    0x800'7bb3    0x46  Code  Lc  xprintffull_nomb.o [2]
scanf_ip                 0x800'b135    0xd6  Code  Gb  httpserver-netconn.o [1]
scanf_port               0x800'b20b    0x46  Code  Gb  httpserver-netconn.o [1]
sec_hand                0x2000'8e98     0x4  Data  Lc  xfail_s.o [2]
segment_holding          0x801'7659    0x1a  Code  Lc  dlmalloc.o [2]
sent_tcp                 0x801'09c7    0x6e  Code  Lc  api_msg.o [1]
seqno                   0x2000'8d24     0x4  Data  Lc  tcp_in.o [1]
set_br                   0x800'51f9    0x2a  Code  Gb  html_page.o [1]
set_checkbox_bot         0x800'52ed    0x14  Code  Gb  html_page.o [1]
set_link                 0x800'52c9    0x10  Code  Gb  html_page.o [1]
set_open_block           0x800'5195     0xe  Code  Gb  html_page.o [1]
set_space                0x800'51c5    0x34  Code  Gb  html_page.o [1]
set_string_text          0x800'522d    0x6a  Code  Gb  html_page.o [1]
set_submit               0x800'52d9    0x14  Code  Gb  html_page.o [1]
set_table_string         0x800'5301    0x12  Code  Gb  html_page.o [1]
set_text_input           0x800'52ad    0x12  Code  Gb  html_page.o [1]
setup_tcp                0x801'0bbd    0x3a  Code  Lc  api_msg.o [1]
sprintf                  0x800'6c19    0x40  Code  Gb  sprintf.o [2]
start_time              0x2000'8e0c     0xc  Data  Gb  flash_if.o [1]
strcat                   0x800'6bbb    0x1e  Code  Gb  strcat.o [2]
strchr                   0x800'82cd          Code  Gb  strchr.o [4]
strcmp                   0x801'0739          Code  Gb  strcmp.o [4]
strlen                   0x800'6bd9          Code  Gb  strlen.o [4]
strncmp                  0x800'd8ed    0x28  Code  Gb  strncmp.o [2]
sys_arch_mbox_fetch      0x800'e231    0x4e  Code  Gb  sys_arch.o [1]
sys_arch_mbox_tryfetch   0x800'e27f    0x24  Code  Gb  sys_arch.o [1]
sys_arch_protect         0x800'e3c7    0x12  Code  Gb  sys_arch.o [1]
sys_arch_sem_wait        0x800'e2ed    0x44  Code  Gb  sys_arch.o [1]
sys_arch_unprotect       0x800'e3d9     0x8  Code  Gb  sys_arch.o [1]
sys_check_timeouts       0x800'e7f5    0x5c  Code  Lc  timeouts.o [1]
sys_init                 0x800'e351    0x10  Code  Gb  sys_arch.o [1]
sys_mbox_free            0x800'e1ed    0x14  Code  Gb  sys_arch.o [1]
sys_mbox_new             0x800'e1bd    0x30  Code  Gb  sys_arch.o [1]
sys_mbox_post            0x800'e201    0x18  Code  Gb  sys_arch.o [1]
sys_mbox_set_invalid     0x800'e2b1     0x6  Code  Gb  sys_arch.o [1]
sys_mbox_trypost         0x800'e219    0x18  Code  Gb  sys_arch.o [1]
sys_mbox_valid           0x800'e2a3     0xe  Code  Gb  sys_arch.o [1]
sys_mutex_lock           0x800'e385     0xa  Code  Gb  sys_arch.o [1]
sys_mutex_new            0x800'e361    0x24  Code  Gb  sys_arch.o [1]
sys_mutex_unlock         0x800'e38f     0x6  Code  Gb  sys_arch.o [1]
sys_now                  0x801'2b7d     0x4  Code  Gb  ethernetif.o [1]
sys_sem_free             0x800'e337     0x6  Code  Gb  sys_arch.o [1]
sys_sem_new              0x800'e2b9    0x34  Code  Gb  sys_arch.o [1]
sys_sem_set_invalid      0x800'e34b     0x6  Code  Gb  sys_arch.o [1]
sys_sem_signal           0x800'e331     0x6  Code  Gb  sys_arch.o [1]
sys_sem_valid            0x800'e33d     0xe  Code  Gb  sys_arch.o [1]
sys_thread_new           0x800'e395    0x32  Code  Gb  sys_arch.o [1]
sys_timeout              0x800'e755    0xa0  Code  Gb  timeouts.o [1]
sys_timeouts_init        0x800'e72d    0x28  Code  Gb  timeouts.o [1]
sys_timeouts_mbox_fetch
                         0x800'e87b    0x3a  Code  Gb  timeouts.o [1]
sys_timeouts_sleeptime   0x800'e851    0x2a  Code  Lc  timeouts.o [1]
system_heap             0x2000'8da0    0x18  Data  Gb  heap_3.o [1]
tcp_abandon              0x800'ed7f    0xfe  Code  Gb  tcp.o [1]
tcp_abort                0x800'ee7d     0x4  Code  Gb  tcp.o [1]
tcp_accept               0x800'f819     0xe  Code  Gb  tcp.o [1]
tcp_accept_null          0x800'ef2b     0xe  Code  Lc  tcp.o [1]
tcp_active_pcbs         0x2000'00a0     0x4  Data  Gb  tcp.o [1]
tcp_active_pcbs_changed
                        0x2000'0090     0x1  Data  Gb  tcp.o [1]
tcp_alloc                0x800'f6f5    0x9c  Code  Gb  tcp.o [1]
tcp_arg                  0x800'f795     0x8  Code  Gb  tcp.o [1]
tcp_backoff              0x800'fa98    0x10  Data  Lc  tcp.o [1]
tcp_bind                 0x800'ee81    0xaa  Code  Gb  tcp.o [1]
tcp_bound_pcbs          0x2000'0098     0x4  Data  Gb  tcp.o [1]
tcp_close                0x800'ed11    0x12  Code  Gb  tcp.o [1]
tcp_close_shutdown       0x800'eb45   0x128  Code  Lc  tcp.o [1]
tcp_close_shutdown_fin   0x800'ec6d    0x7c  Code  Lc  tcp.o [1]
tcp_create_segment       0x801'3651    0xc6  Code  Lc  tcp_out.o [1]
tcp_eff_send_mss_impl    0x800'f951    0x26  Code  Gb  tcp.o [1]
tcp_enqueue_flags        0x801'3da7   0x14a  Code  Gb  tcp_out.o [1]
tcp_err                  0x800'f7eb    0x28  Code  Gb  tcp.o [1]
tcp_fasttmr              0x800'f4bd    0x6a  Code  Gb  tcp.o [1]
tcp_getoptbyte           0x801'5b41    0x28  Code  Lc  tcp_in.o [1]
tcp_init                 0x800'eaad     0x2  Code  Gb  tcp.o [1]
tcp_input                0x801'461d   0x49e  Code  Gb  tcp_in.o [1]
tcp_input_delayed_close
                         0x801'4b15    0x3e  Code  Lc  tcp_in.o [1]
tcp_input_pcb           0x2000'8d30     0x4  Data  Gb  tcp_in.o [1]
tcp_keepalive            0x801'442f    0x54  Code  Gb  tcp_out.o [1]
tcp_kill_prio            0x800'f61b    0x44  Code  Lc  tcp.o [1]
tcp_kill_state           0x800'f669    0x58  Code  Lc  tcp.o [1]
tcp_kill_timewait        0x800'f6c1    0x30  Code  Lc  tcp.o [1]
tcp_listen_closed        0x800'eae1    0x4a  Code  Lc  tcp.o [1]
tcp_listen_input         0x801'4b53    0xf6  Code  Lc  tcp_in.o [1]
tcp_listen_pcbs         0x2000'009c     0x4  Data  Gb  tcp.o [1]
tcp_listen_with_backlog_and_err
                         0x800'ef39    0xa6  Code  Gb  tcp.o [1]
tcp_netif_ip_addr_changed
                         0x800'f999    0x46  Code  Gb  tcp.o [1]
tcp_netif_ip_addr_changed_pcblist
                         0x800'f977    0x22  Code  Lc  tcp.o [1]
tcp_new_ip_type          0x800'f791     0x4  Code  Gb  tcp.o [1]
tcp_new_port             0x800'f0b9    0x58  Code  Lc  tcp.o [1]
tcp_next_iss             0x800'f945     0xc  Code  Gb  tcp.o [1]
tcp_next_iss::iss       0x2000'00a8     0x4  Data  Lc  tcp.o [1]
tcp_oos_insert_segment   0x801'515d    0x7a  Code  Lc  tcp_in.o [1]
tcp_optidx              0x2000'8d14     0x2  Data  Lc  tcp_in.o [1]
tcp_output               0x801'3f61   0x288  Code  Gb  tcp_out.o [1]
tcp_output_alloc_header
                         0x801'3571    0x9a  Code  Lc  tcp_out.o [1]
tcp_output_segment       0x801'41ed    0xae  Code  Lc  tcp_out.o [1]
tcp_parseopt             0x801'5b69    0x6c  Code  Lc  tcp_in.o [1]
tcp_pbuf_prealloc        0x801'3731    0x82  Code  Lc  tcp_out.o [1]
tcp_pcb_lists            0x800'f110    0x10  Data  Gb  tcp.o [1]
tcp_pcb_purge            0x800'f855    0x4a  Code  Gb  tcp.o [1]
tcp_pcb_remove           0x800'f8a1    0x9e  Code  Gb  tcp.o [1]
tcp_persist_backoff      0x800'faa8     0x8  Data  Lc  tcp.o [1]
tcp_poll                 0x800'f829    0x26  Code  Gb  tcp.o [1]
tcp_port                0x2000'01f4     0x2  Data  Lc  tcp.o [1]
tcp_process              0x801'4cad   0x444  Code  Lc  tcp_in.o [1]
tcp_process_refused_data
                         0x800'f531    0x72  Code  Gb  tcp.o [1]
tcp_receive              0x801'51f9   0x948  Code  Lc  tcp_in.o [1]
tcp_recv                 0x800'f79d    0x28  Code  Gb  tcp.o [1]
tcp_recv_null            0x800'f5f7    0x24  Code  Gb  tcp.o [1]
tcp_recved               0x800'f039    0x7e  Code  Gb  tcp.o [1]
tcp_remove_listener      0x800'eacb    0x14  Code  Lc  tcp.o [1]
tcp_rexmit               0x801'4385    0x54  Code  Gb  tcp_out.o [1]
tcp_rexmit_fast          0x801'43d9    0x56  Code  Gb  tcp_out.o [1]
tcp_rexmit_rto           0x801'4355    0x30  Code  Gb  tcp_out.o [1]
tcp_rst                  0x801'429b    0xae  Code  Gb  tcp_out.o [1]
tcp_seg_copy             0x800'f5d3    0x24  Code  Gb  tcp.o [1]
tcp_seg_free             0x800'f5b5    0x1e  Code  Gb  tcp.o [1]
tcp_segs_free            0x800'f5a3    0x12  Code  Gb  tcp.o [1]
tcp_send_empty_ack       0x801'3ef1    0x70  Code  Gb  tcp_out.o [1]
tcp_send_fin             0x801'360b    0x46  Code  Gb  tcp_out.o [1]
tcp_sent                 0x800'f7c5    0x26  Code  Gb  tcp.o [1]
tcp_shutdown             0x800'ed23    0x5c  Code  Gb  tcp.o [1]
tcp_slowtmr              0x800'f121   0x39c  Code  Gb  tcp.o [1]
tcp_ticks               0x2000'0094     0x4  Data  Gb  tcp.o [1]
tcp_timer               0x2000'8eaa     0x1  Data  Lc  tcp.o [1]
tcp_timer_ctr           0x2000'0091     0x1  Data  Lc  tcp.o [1]
tcp_timer_needed         0x800'e6f3    0x26  Code  Gb  timeouts.o [1]
tcp_timewait_input       0x801'4c49    0x64  Code  Lc  tcp_in.o [1]
tcp_tmr                  0x800'eaaf    0x1c  Code  Gb  tcp.o [1]
tcp_trigger_input_pcb_close
                         0x801'5bd5     0xc  Code  Gb  tcp_in.o [1]
tcp_tw_pcbs             0x2000'00a4     0x4  Data  Gb  tcp.o [1]
tcp_update_rcv_ann_wnd   0x800'efdf    0x5a  Code  Gb  tcp.o [1]
tcp_write                0x801'3857   0x550  Code  Gb  tcp_out.o [1]
tcp_write_checks         0x801'37c9    0x8e  Code  Lc  tcp_out.o [1]
tcp_zero_window_probe    0x801'4483    0xce  Code  Gb  tcp_out.o [1]
tcphdr                  0x2000'8d1c     0x4  Data  Lc  tcp_in.o [1]
tcphdr_opt1len          0x2000'8d12     0x2  Data  Lc  tcp_in.o [1]
tcphdr_opt2             0x2000'8d20     0x4  Data  Lc  tcp_in.o [1]
tcphdr_optlen           0x2000'8d10     0x2  Data  Lc  tcp_in.o [1]
tcpip_callback_with_block
                         0x800'd5b9    0x6c  Code  Gb  tcpip.o [1]
tcpip_init               0x800'd645    0x64  Code  Gb  tcpip.o [1]
tcpip_init_done         0x2000'8dfc     0x4  Data  Lc  tcpip.o [1]
tcpip_init_done_arg     0x2000'8e00     0x4  Data  Lc  tcpip.o [1]
tcpip_inpkt              0x800'd541    0x66  Code  Gb  tcpip.o [1]
tcpip_input              0x800'd5a7    0x12  Code  Gb  tcpip.o [1]
tcpip_send_msg_wait_sem
                         0x800'd625    0x20  Code  Gb  tcpip.o [1]
tcpip_tcp_timer          0x800'e6c9    0x2a  Code  Lc  timeouts.o [1]
tcpip_tcp_timer_active  0x2000'8e94     0x4  Data  Lc  timeouts.o [1]
tcpip_thread             0x800'd4a5    0x9c  Code  Lc  tcpip.o [1]
tcplen                  0x2000'8d18     0x2  Data  Lc  tcp_in.o [1]
timeouts_last_time      0x2000'8e50     0x4  Data  Lc  timeouts.o [1]
timer_to_app            0x2000'8e40     0x4  Data  Gb  flash_if.o [1]
ttio_guard              0x2000'8eab     0x1  Data  Lc  XShttio.o [2]
ucMaxSysCallPriority    0x2000'0074     0x1  Data  Lc  port.o [1]
udp_bind                 0x800'fdd1    0x6e  Code  Gb  udp.o [1]
udp_init                 0x800'fab1     0x2  Code  Gb  udp.o [1]
udp_input                0x800'fb33   0x15c  Code  Gb  udp.o [1]
udp_input_local_match    0x800'faf3    0x40  Code  Lc  udp.o [1]
udp_netif_ip_addr_changed
                         0x800'fe8d    0x34  Code  Gb  udp.o [1]
udp_new                  0x800'fe6f    0x1c  Code  Gb  udp.o [1]
udp_new_ip_type          0x800'fe8b     0x2  Code  Gb  udp.o [1]
udp_new_port             0x800'fab3    0x40  Code  Lc  udp.o [1]
udp_pcbs                0x2000'00b0     0x4  Data  Gb  udp.o [1]
udp_port                0x2000'00ac     0x2  Data  Lc  udp.o [1]
udp_recv                 0x800'fe3f     0x6  Code  Gb  udp.o [1]
udp_remove               0x800'fe45    0x2a  Code  Gb  udp.o [1]
udp_sendto               0x800'fc8f    0x38  Code  Gb  udp.o [1]
udp_sendto_if            0x800'fcc7    0x3c  Code  Gb  udp.o [1]
udp_sendto_if_src        0x800'fd03    0xce  Code  Gb  udp.o [1]
ulMaxPRIGROUPValue      0x2000'007c     0x4  Data  Lc  port.o [1]
unb64                    0x801'bee8   0x100  Data  Lc  base64.o [1]
unbase64                 0x800'e0cd    0xea  Code  Gb  base64.o [1]
uwTick                  0x2000'0084     0x4  Data  Gb  stm32f1xx_hal.o [1]
uwTickFreq              0x2000'0080     0x1  Data  Gb  stm32f1xx_hal.o [1]
uwTickPrio              0x2000'0088     0x4  Data  Gb  stm32f1xx_hal.o [1]
uxCriticalNesting       0x2000'0078     0x4  Data  Lc  port.o [1]
uxCurrentNumberOfTasks  0x2000'8808     0x4  Data  Lc  tasks.o [1]
uxDeletedTasksWaitingCleanUp
                        0x2000'87f0     0x4  Data  Lc  tasks.o [1]
uxListRemove             0x800'e47d    0x26  Code  Gb  list.o [1]
uxPendedTicks           0x2000'8818     0x4  Data  Lc  tasks.o [1]
uxQueueMessagesWaiting   0x800'd2bd    0x24  Code  Gb  queue.o [1]
uxQueueMessagesWaitingFromISR
                         0x800'd2e1    0x18  Code  Gb  queue.o [1]
uxSchedulerSuspended    0x2000'8830     0x4  Data  Lc  tasks.o [1]
uxTaskNumber            0x2000'8824     0x4  Data  Lc  tasks.o [1]
uxTopReadyPriority      0x2000'8810     0x4  Data  Lc  tasks.o [1]
vApplicationGetIdleTaskMemory
                         0x800'e66d    0x14  Code  Gb  freertos.o [1]
vListInitialise          0x800'e411    0x1a  Code  Gb  list.o [1]
vListInitialiseItem      0x800'e42b     0x6  Code  Gb  list.o [1]
vListInsert              0x800'e449    0x34  Code  Gb  list.o [1]
vListInsertEnd           0x800'e431    0x18  Code  Gb  list.o [1]
vPortEnterCritical       0x800'e567    0x32  Code  Gb  port.o [1]
vPortExitCritical        0x800'e599    0x26  Code  Gb  port.o [1]
vPortFree                0x800'a4df     0x6  Code  Gb  heap_3.o [1]
vPortStartFirstTask      0x801'2707          Code  Gb  portasm.o [1]
vPortValidateInterruptPriority
                         0x800'e5e9    0x44  Code  Gb  port.o [1]
vQueueDelete             0x800'd2f9    0x2e  Code  Gb  queue.o [1]
vQueueUnregisterQueue    0x800'd47d    0x24  Code  Gb  queue.o [1]
vTaskDelay               0x800'c041    0x4c  Code  Gb  tasks.o [1]
vTaskInternalSetTimeOutState
                         0x800'c3a1     0xe  Code  Gb  tasks.o [1]
vTaskMissedYield         0x800'c427     0x8  Code  Gb  tasks.o [1]
vTaskPlaceOnEventList    0x800'c2ff    0x30  Code  Gb  tasks.o [1]
vTaskPriorityDisinheritAfterTimeout
                         0x800'c675    0xa4  Code  Gb  tasks.o [1]
vTaskStartScheduler      0x800'c08d    0x68  Code  Gb  tasks.o [1]
vTaskSuspendAll          0x800'c0f5     0xc  Code  Gb  tasks.o [1]
vTaskSwitchContext       0x800'c2a5    0x5a  Code  Gb  tasks.o [1]
xDelayedTaskList1       0x2000'8834    0x14  Data  Lc  tasks.o [1]
xDelayedTaskList2       0x2000'8848    0x14  Data  Lc  tasks.o [1]
xIdleStack              0x2000'7b08   0x200  Data  Lc  freertos.o [1]
xIdleTaskHandle         0x2000'882c     0x4  Data  Lc  tasks.o [1]
xIdleTaskTCBBuffer      0x2000'7abc    0x4c  Data  Lc  freertos.o [1]
xNextTaskUnblockTime    0x2000'8828     0x4  Data  Lc  tasks.o [1]
xNumOfOverflows         0x2000'8820     0x4  Data  Lc  tasks.o [1]
xPendingReadyList       0x2000'87bc    0x14  Data  Lc  tasks.o [1]
xPortStartScheduler      0x800'e4e5    0x82  Code  Gb  port.o [1]
xQueueCreateMutex        0x800'cbff    0x16  Code  Gb  queue.o [1]
xQueueCreateMutexStatic
                         0x800'cc15    0x1a  Code  Gb  queue.o [1]
xQueueGenericCreate      0x800'cb85    0x4c  Code  Gb  queue.o [1]
xQueueGenericCreateStatic
                         0x800'cae3    0xa2  Code  Gb  queue.o [1]
xQueueGenericReset       0x800'ca55    0x8e  Code  Gb  queue.o [1]
xQueueGenericSend        0x800'cc2f   0x17c  Code  Gb  queue.o [1]
xQueueGenericSendFromISR
                         0x800'cdab    0xd4  Code  Gb  queue.o [1]
xQueueGiveFromISR        0x800'ce7f    0xae  Code  Gb  queue.o [1]
xQueueReceive            0x800'cf2d   0x156  Code  Gb  queue.o [1]
xQueueReceiveFromISR     0x800'd219    0xa4  Code  Gb  queue.o [1]
xQueueRegistry          0x2000'8cbc    0x40  Data  Gb  queue.o [1]
xQueueSemaphoreTake      0x800'd083   0x196  Code  Gb  queue.o [1]
xSchedulerRunning       0x2000'8814     0x4  Data  Lc  tasks.o [1]
xSuspendedTaskList      0x2000'87f4    0x14  Data  Lc  tasks.o [1]
xTaskCheckForTimeOut     0x800'c3af    0x78  Code  Gb  tasks.o [1]
xTaskCreate              0x800'beb1    0x68  Code  Gb  tasks.o [1]
xTaskCreateStatic        0x800'be35    0x7c  Code  Gb  tasks.o [1]
xTaskGetSchedulerState   0x800'c533    0x1c  Code  Gb  tasks.o [1]
xTaskGetTickCount        0x800'c1c1     0x8  Code  Gb  tasks.o [1]
xTaskGetTickCountFromISR
                         0x800'c1c9     0xe  Code  Gb  tasks.o [1]
xTaskIncrementTick       0x800'c1d7    0xce  Code  Gb  tasks.o [1]
xTaskPriorityDisinherit
                         0x800'c5dd    0x98  Code  Gb  tasks.o [1]
xTaskPriorityInherit     0x800'c54f    0x8e  Code  Gb  tasks.o [1]
xTaskRemoveFromEventList
                         0x800'c32f    0x72  Code  Gb  tasks.o [1]
xTaskResumeAll           0x800'c101    0xc0  Code  Gb  tasks.o [1]
xTasksWaitingTermination
                        0x2000'87d0    0x14  Data  Lc  tasks.o [1]
xTickCount              0x2000'880c     0x4  Data  Lc  tasks.o [1]
xYieldPending           0x2000'881c     0x4  Data  Lc  tasks.o [1]


[1] = E:\ika\development\F107\boot1\smart-switch\test app\pj4\EWARM\pj4\Obj
[2] = dl7M_tlf.a
[3] = m7M_tl.a
[4] = rt7M_tl.a
[5] = shb_l.a

  82'941 bytes of readonly  code memory
  16'661 bytes of readonly  data memory
  63'658 bytes of readwrite data memory

Errors: none
Warnings: none
